Component: ARM Compiler 5.06 update 6 (build 750) Tool: armlink [4d35ed]

==============================================================================

Section Cross References

    camera.o(i.camera_get_image) refers to spi.o(i.spi_write_register) for spi_write_register
    camera.o(i.camera_get_image) refers to spi.o(i.spi_send_data) for spi_send_data
    camera.o(i.camera_get_image) refers to camera.o(i.convert_img) for convert_img
    camera.o(i.camera_get_image) refers to camera.o(.data) for fusion_frame_config_value
    camera.o(i.camera_init) refers to spi.o(i.spi_write_register) for spi_write_register
    camera.o(i.camera_init) refers to spi.o(i.spi_read_register) for spi_read_register
    camera.o(i.camera_init) refers to camera.o(.data) for SENSOR_INIT_CONF
    camera.o(i.camera_pre_image) refers to spi.o(i.spi_write_register) for spi_write_register
    camera.o(i.camera_reset_pin_init) refers to common.o(i.cdfigner_gpio_set) for cdfigner_gpio_set
    camera.o(i.camera_verify_id) refers to spi.o(i.spi_read_register) for spi_read_register
    camera.o(i.convert_img) refers to camera.o(.data) for m_bit_p
    camera.o(i.sensor_setBinning) refers to camera.o(i.sensor_setImgWH) for sensor_setImgWH
    camera.o(i.sensor_setBinning) refers to spi.o(i.spi_write_register) for spi_write_register
    camera.o(i.sensor_setExpoTime) refers to dflti.o(.text) for __aeabi_i2d
    camera.o(i.sensor_setExpoTime) refers to ddiv.o(.text) for __aeabi_ddiv
    camera.o(i.sensor_setExpoTime) refers to dmul.o(.text) for __aeabi_dmul
    camera.o(i.sensor_setExpoTime) refers to dadd.o(.text) for __aeabi_dsub
    camera.o(i.sensor_setExpoTime) refers to dfixi.o(.text) for __aeabi_d2iz
    camera.o(i.sensor_setExpoTime) refers to spi.o(i.spi_write_register) for spi_write_register
    camera.o(i.sensor_setFrameNum) refers to spi.o(i.spi_write_register) for spi_write_register
    camera.o(i.sensor_setFrameNum) refers to camera.o(.data) for fusion_frame_config_value
    camera.o(i.sensor_setImgGain) refers to spi.o(i.spi_write_register) for spi_write_register
    camera.o(i.sensor_setImgWH) refers to spi.o(i.spi_write_register) for spi_write_register
    common.o(i.FingerTech_BspInit) refers to systick.o(i.systick_config) for systick_config
    common.o(i.FingerTech_BspInit) refers to camera.o(i.camera_reset_pin_init) for camera_reset_pin_init
    common.o(i.FingerTech_BspInit) refers to spi.o(i.spi_gpio_config) for spi_gpio_config
    common.o(i.FingerTech_BspInit) refers to usb.o(i.usb_init) for usb_init
    common.o(i.cdfigner_gpio_set) refers to gd32f4xx_rcu.o(i.rcu_periph_clock_enable) for rcu_periph_clock_enable
    common.o(i.cdfigner_gpio_set) refers to gd32f4xx_gpio.o(i.gpio_mode_set) for gpio_mode_set
    common.o(i.cdfigner_gpio_set) refers to gd32f4xx_gpio.o(i.gpio_output_options_set) for gpio_output_options_set
    common.o(i.cdfinger_exti_init) refers to gd32f4xx_rcu.o(i.rcu_periph_clock_enable) for rcu_periph_clock_enable
    common.o(i.cdfinger_exti_init) refers to gd32f4xx_misc.o(i.nvic_irq_enable) for nvic_irq_enable
    common.o(i.cdfinger_exti_init) refers to gd32f4xx_syscfg.o(i.syscfg_exti_line_config) for syscfg_exti_line_config
    common.o(i.cdfinger_exti_init) refers to gd32f4xx_exti.o(i.exti_init) for exti_init
    common.o(i.cdfinger_exti_init) refers to gd32f4xx_exti.o(i.exti_interrupt_flag_clear) for exti_interrupt_flag_clear
    common.o(i.cdfinger_exti_init) refers to gd32f4xx_exti.o(i.exti_interrupt_enable) for exti_interrupt_enable
    common.o(i.cdfinger_irqpin_init) refers to gd32f4xx_rcu.o(i.rcu_periph_clock_enable) for rcu_periph_clock_enable
    common.o(i.cdfinger_irqpin_init) refers to gd32f4xx_gpio.o(i.gpio_mode_set) for gpio_mode_set
    common.o(i.cdfinger_irqpin_init) refers to gd32f4xx_misc.o(i.nvic_irq_enable) for nvic_irq_enable
    common.o(i.cdfinger_irqpin_init) refers to gd32f4xx_syscfg.o(i.syscfg_exti_line_config) for syscfg_exti_line_config
    common.o(i.cdfinger_irqpin_init) refers to gd32f4xx_exti.o(i.exti_init) for exti_init
    common.o(i.cdfinger_irqpin_init) refers to gd32f4xx_exti.o(i.exti_interrupt_flag_clear) for exti_interrupt_flag_clear
    common.o(i.cdfinger_irqpin_init) refers to gd32f4xx_exti.o(i.exti_event_enable) for exti_event_enable
    common.o(i.cdfinger_irqpin_init) refers to gd32f4xx_exti.o(i.exti_interrupt_enable) for exti_interrupt_enable
    common.o(i.cdfinger_usart_init) refers to gd32f4xx_eval.o(i.gd_eval_com_init) for gd_eval_com_init
    common.o(i.fputc) refers to gd32f4xx_usart.o(i.usart_data_transmit) for usart_data_transmit
    common.o(i.fputc) refers to gd32f4xx_usart.o(i.usart_flag_get) for usart_flag_get
    common.o(i.wait_spi_irq) refers to gd32f4xx_it.o(.data) for spi_int_flag
    gd32f4xx_it.o(i.DMA0_Channel3_IRQHandler) refers to gd32f4xx_dma.o(i.dma_interrupt_disable) for dma_interrupt_disable
[...]
    Removing gd32f4xx_timer.o(i.timer_prescaler_config), (14 bytes).
    Removing gd32f4xx_timer.o(i.timer_prescaler_read), (10 bytes).
    Removing gd32f4xx_timer.o(i.timer_primary_output_config), (24 bytes).
    Removing gd32f4xx_timer.o(i.timer_quadrature_decoder_mode_config), (64 bytes).
    Removing gd32f4xx_timer.o(i.timer_repetition_value_config), (4 bytes).
    Removing gd32f4xx_timer.o(i.timer_single_pulse_mode_config), (26 bytes).
    Removing gd32f4xx_timer.o(i.timer_slave_mode_select), (16 bytes).
    Removing gd32f4xx_timer.o(i.timer_update_event_disable), (10 bytes).
    Removing gd32f4xx_timer.o(i.timer_update_event_enable), (10 bytes).
    Removing gd32f4xx_timer.o(i.timer_update_source_config), (26 bytes).
    Removing gd32f4xx_timer.o(i.timer_write_cc_register_config), (34 bytes).
    Removing gd32f4xx_tli.o(.rev16_text), (4 bytes).
    Removing gd32f4xx_tli.o(.revsh_text), (4 bytes).
    Removing gd32f4xx_tli.o(i.tli_ckey_init), (16 bytes).
    Removing gd32f4xx_tli.o(i.tli_color_key_disable), (14 bytes).
    Removing gd32f4xx_tli.o(i.tli_color_key_enable), (14 bytes).
    Removing gd32f4xx_tli.o(i.tli_current_pos_get), (12 bytes).
    Removing gd32f4xx_tli.o(i.tli_deinit), (20 bytes).
    Removing gd32f4xx_tli.o(i.tli_disable), (20 bytes).
    Removing gd32f4xx_tli.o(i.tli_dither_config), (36 bytes).
    Removing gd32f4xx_tli.o(i.tli_enable), (20 bytes).
    Removing gd32f4xx_tli.o(i.tli_flag_get), (24 bytes).
    Removing gd32f4xx_tli.o(i.tli_init), (188 bytes).
    Removing gd32f4xx_tli.o(i.tli_interrupt_disable), (16 bytes).
    Removing gd32f4xx_tli.o(i.tli_interrupt_enable), (16 bytes).
    Removing gd32f4xx_tli.o(i.tli_interrupt_flag_clear), (16 bytes).
    Removing gd32f4xx_tli.o(i.tli_interrupt_flag_get), (24 bytes).
    Removing gd32f4xx_tli.o(i.tli_layer_disable), (14 bytes).
    Removing gd32f4xx_tli.o(i.tli_layer_enable), (14 bytes).
    Removing gd32f4xx_tli.o(i.tli_layer_init), (162 bytes).
    Removing gd32f4xx_tli.o(i.tli_layer_window_offset_modify), (228 bytes).
    Removing gd32f4xx_tli.o(i.tli_line_mark_set), (24 bytes).
    Removing gd32f4xx_tli.o(i.tli_lut_disable), (14 bytes).
    Removing gd32f4xx_tli.o(i.tli_lut_enable), (14 bytes).
    Removing gd32f4xx_tli.o(i.tli_lut_init), (36 bytes).
    Removing gd32f4xx_tli.o(i.tli_reload_config), (36 bytes).
    Removing gd32f4xx_trng.o(.rev16_text), (4 bytes).
    Removing gd32f4xx_trng.o(.revsh_text), (4 bytes).
    Removing gd32f4xx_trng.o(i.trng_deinit), (20 bytes).
    Removing gd32f4xx_trng.o(i.trng_disable), (20 bytes).
    Removing gd32f4xx_trng.o(i.trng_enable), (20 bytes).
    Removing gd32f4xx_trng.o(i.trng_flag_clear), (16 bytes).
    Removing gd32f4xx_trng.o(i.trng_flag_get), (24 bytes).
    Removing gd32f4xx_trng.o(i.trng_get_true_random_data), (12 bytes).
    Removing gd32f4xx_trng.o(i.trng_interrupt_disable), (20 bytes).
    Removing gd32f4xx_trng.o(i.trng_interrupt_enable), (20 bytes).
    Removing gd32f4xx_trng.o(i.trng_interrupt_flag_clear), (16 bytes).
    Removing gd32f4xx_trng.o(i.trng_interrupt_flag_get), (24 bytes).
    Removing gd32f4xx_usart.o(.rev16_text), (4 bytes).
    Removing gd32f4xx_usart.o(.revsh_text), (4 bytes).
    Removing gd32f4xx_usart.o(i.usart_address_config), (20 bytes).
    Removing gd32f4xx_usart.o(i.usart_baudrate_set), (240 bytes).
    Removing gd32f4xx_usart.o(i.usart_block_length_config), (28 bytes).
    Removing gd32f4xx_usart.o(i.usart_break_frame_coherence_config), (24 bytes).
    Removing gd32f4xx_usart.o(i.usart_data_first_config), (20 bytes).
    Removing gd32f4xx_usart.o(i.usart_data_receive), (10 bytes).
    Removing gd32f4xx_usart.o(i.usart_data_transmit), (8 bytes).
    Removing gd32f4xx_usart.o(i.usart_deinit), (220 bytes).
    Removing gd32f4xx_usart.o(i.usart_disable), (10 bytes).
    Removing gd32f4xx_usart.o(i.usart_dma_receive_config), (16 bytes).
    Removing gd32f4xx_usart.o(i.usart_dma_transmit_config), (16 bytes).
    Removing gd32f4xx_usart.o(i.usart_enable), (10 bytes).
    Removing gd32f4xx_usart.o(i.usart_flag_clear), (26 bytes).
    Removing gd32f4xx_usart.o(i.usart_flag_get), (30 bytes).
    Removing gd32f4xx_usart.o(i.usart_guard_time_config), (24 bytes).
    Removing gd32f4xx_usart.o(i.usart_halfduplex_disable), (10 bytes).
    Removing gd32f4xx_usart.o(i.usart_halfduplex_enable), (10 bytes).
    Removing gd32f4xx_usart.o(i.usart_hardware_flow_coherence_config), (24 bytes).
    Removing gd32f4xx_usart.o(i.usart_hardware_flow_cts_config), (16 bytes).
    Removing gd32f4xx_usart.o(i.usart_hardware_flow_rts_config), (16 bytes).
    Removing gd32f4xx_usart.o(i.usart_interrupt_disable), (70 bytes).
    Removing gd32f4xx_usart.o(i.usart_interrupt_enable), (70 bytes).
    Removing gd32f4xx_usart.o(i.usart_interrupt_flag_get), (30 bytes).
    Removing gd32f4xx_usart.o(i.usart_invert_config), (104 bytes).
    Removing gd32f4xx_usart.o(i.usart_irda_lowpower_config), (20 bytes).
    Removing gd32f4xx_usart.o(i.usart_irda_mode_disable), (10 bytes).
    Removing gd32f4xx_usart.o(i.usart_irda_mode_enable), (10 bytes).
    Removing gd32f4xx_usart.o(i.usart_lin_break_dection_length_config), (20 bytes).
    Removing gd32f4xx_usart.o(i.usart_lin_mode_disable), (10 bytes).
    Removing gd32f4xx_usart.o(i.usart_lin_mode_enable), (10 bytes).
    Removing gd32f4xx_usart.o(i.usart_mute_mode_disable), (10 bytes).
    Removing gd32f4xx_usart.o(i.usart_mute_mode_enable), (10 bytes).
    Removing gd32f4xx_usart.o(i.usart_mute_mode_wakeup_config), (16 bytes).
    Removing gd32f4xx_usart.o(i.usart_oversample_config), (16 bytes).
    Removing gd32f4xx_usart.o(i.usart_parity_check_coherence_config), (24 bytes).
    Removing gd32f4xx_usart.o(i.usart_parity_config), (16 bytes).
    Removing gd32f4xx_usart.o(i.usart_prescaler_config), (16 bytes).
    Removing gd32f4xx_usart.o(i.usart_receive_config), (16 bytes).
    Removing gd32f4xx_usart.o(i.usart_receiver_timeout_disable), (14 bytes).
    Removing gd32f4xx_usart.o(i.usart_receiver_timeout_enable), (14 bytes).
    Removing gd32f4xx_usart.o(i.usart_receiver_timeout_threshold_config), (20 bytes).
    Removing gd32f4xx_usart.o(i.usart_sample_bit_config), (16 bytes).
    Removing gd32f4xx_usart.o(i.usart_send_break), (10 bytes).
    Removing gd32f4xx_usart.o(i.usart_smartcard_autoretry_config), (26 bytes).
    Removing gd32f4xx_usart.o(i.usart_smartcard_mode_disable), (10 bytes).
    Removing gd32f4xx_usart.o(i.usart_smartcard_mode_enable), (10 bytes).
    Removing gd32f4xx_usart.o(i.usart_smartcard_mode_nack_disable), (10 bytes).
    Removing gd32f4xx_usart.o(i.usart_smartcard_mode_nack_enable), (10 bytes).
    Removing gd32f4xx_usart.o(i.usart_stop_bit_set), (16 bytes).
    Removing gd32f4xx_usart.o(i.usart_synchronous_clock_config), (32 bytes).
    Removing gd32f4xx_usart.o(i.usart_synchronous_clock_disable), (10 bytes).
    Removing gd32f4xx_usart.o(i.usart_synchronous_clock_enable), (10 bytes).
    Removing gd32f4xx_usart.o(i.usart_transmit_config), (16 bytes).
    Removing gd32f4xx_usart.o(i.usart_word_length_set), (16 bytes).
    Removing gd32f4xx_wwdgt.o(.rev16_text), (4 bytes).
    Removing gd32f4xx_wwdgt.o(.revsh_text), (4 bytes).
    Removing gd32f4xx_wwdgt.o(i.wwdgt_config), (56 bytes).
    Removing gd32f4xx_wwdgt.o(i.wwdgt_counter_update), (28 bytes).
    Removing gd32f4xx_wwdgt.o(i.wwdgt_deinit), (20 bytes).
    Removing gd32f4xx_wwdgt.o(i.wwdgt_enable), (20 bytes).
    Removing gd32f4xx_wwdgt.o(i.wwdgt_flag_clear), (20 bytes).
    Removing gd32f4xx_wwdgt.o(i.wwdgt_flag_get), (24 bytes).
    Removing gd32f4xx_wwdgt.o(i.wwdgt_interrupt_enable), (20 bytes).
    Removing usb_core.o(.rev16_text), (4 bytes).
    Removing usb_core.o(.revsh_text), (4 bytes).
    Removing usb_core.o(i.usb_device_stop), (88 bytes).
    Removing usb_core.o(i.usb_remotewakeup_active), (108 bytes).
    Removing usbd_core.o(.rev16_text), (4 bytes).
    Removing usbd_core.o(.revsh_text), (4 bytes).
    Removing usbd_core.o(i.usbd_ctlrx), (32 bytes).
    Removing usbd_core.o(i.usbd_rxcount_get), (20 bytes).
    Removing usbd_std.o(.rev16_text), (4 bytes).
    Removing usbd_std.o(.revsh_text), (4 bytes).
    Removing usbd_int.o(.rev16_text), (4 bytes).
    Removing usbd_int.o(.revsh_text), (4 bytes).
    Removing dadd.o(.text), (334 bytes).
    Removing dmul.o(.text), (228 bytes).
    Removing ddiv.o(.text), (222 bytes).
    Removing dflti.o(.text), (34 bytes).
    Removing dfixi.o(.text), (62 bytes).
    Removing depilogue.o(.text), (186 bytes).

924 unused section(s) (total 56331 bytes) removed from the image.

==============================================================================

Image Symbol Table

    Local Symbols

    Symbol Name                              Value     Ov Type        Size  Object(Section)

    ../clib/../cmprslib/zerorunl2.c          0x00000000   Number         0  __dczerorl2.o ABSOLUTE
    ../clib/microlib/init/entry.s            0x00000000   Number         0  entry2.o ABSOLUTE
    ../clib/microlib/init/entry.s            0x00000000   Number         0  entry5.o ABSOLUTE
    ../clib/microlib/init/entry.s            0x00000000   Number         0  entry7a.o ABSOLUTE
    ../clib/microlib/init/entry.s            0x00000000   Number         0  entry9b.o ABSOLUTE
    ../clib/microlib/init/entry.s            0x00000000   Number         0  entry8a.o ABSOLUTE
    ../clib/microlib/init/entry.s            0x00000000   Number         0  entry8b.o ABSOLUTE
    ../clib/microlib/init/entry.s            0x00000000   Number         0  entry9a.o ABSOLUTE
    ../clib/microlib/init/entry.s            0x00000000   Number         0  entry10a.o ABSOLUTE
    ../clib/microlib/init/entry.s            0x00000000   Number         0  entry10b.o ABSOLUTE
    ../clib/microlib/init/entry.s            0x00000000   Number         0  entry11a.o ABSOLUTE
    ../clib/microlib/init/entry.s            0x00000000   Number         0  entry.o ABSOLUTE
    ../clib/microlib/init/entry.s            0x00000000   Number         0  entry11b.o ABSOLUTE
    ../clib/microlib/init/entry.s            0x00000000   Number         0  entry7b.o ABSOLUTE
    ../clib/microlib/longlong.c              0x00000000   Number         0  llshl.o ABSOLUTE
    ../clib/microlib/longlong.c              0x00000000   Number         0  llsshr.o ABSOLUTE
    ../clib/microlib/longlong.c              0x00000000   Number         0  llushr.o ABSOLUTE
    ../clib/microlib/string/memcpy.c         0x00000000   Number         0  memcpyb.o ABSOLUTE
    ../clib/microlib/string/memcpy.c         0x00000000   Number         0  memcpya.o ABSOLUTE
    ../clib/microlib/stubs.s                 0x00000000   Number         0  iusefp.o ABSOLUTE
    ../fplib/microlib/fpadd.c                0x00000000   Number         0  dadd.o ABSOLUTE
    ../fplib/microlib/fpdiv.c                0x00000000   Number         0  ddiv.o ABSOLUTE
    ../fplib/microlib/fpepilogue.c           0x00000000   Number         0  depilogue.o ABSOLUTE
    ../fplib/microlib/fpfix.c                0x00000000   Number         0  dfixi.o ABSOLUTE
    ../fplib/microlib/fpflt.c                0x00000000   Number         0  dflti.o ABSOLUTE
    ../fplib/microlib/fpmul.c                0x00000000   Number         0  dmul.o ABSOLUTE
    ..\CMSIS\GD\GD32F4xx\Source\ARM\startup_gd32f450.s 0x00000000   Number         0  startup_gd32f450.o ABSOLUTE
    ..\CMSIS\GD\GD32F4xx\Source\system_gd32f4xx.c 0x00000000   Number         0  system_gd32f4xx.o ABSOLUTE
    ..\\CMSIS\\GD\\GD32F4xx\\Source\\system_gd32f4xx.c 0x00000000   Number         0  system_gd32f4xx.o ABSOLUTE
    ..\\driver\\src\\gd32f4xx_adc.c          0x00000000   Number         0  gd32f4xx_adc.o ABSOLUTE
    ..\\driver\\src\\gd32f4xx_can.c          0x00000000   Number         0  gd32f4xx_can.o ABSOLUTE
    ..\\driver\\src\\gd32f4xx_crc.c          0x00000000   Number         0  gd32f4xx_crc.o ABSOLUTE
    ..\\driver\\src\\gd32f4xx_ctc.c          0x00000000   Number         0  gd32f4xx_ctc.o ABSOLUTE
    ..\\driver\\src\\gd32f4xx_dac.c          0x00000000   Number         0  gd32f4xx_dac.o ABSOLUTE
    ..\\driver\\src\\gd32f4xx_dbg.c          0x00000000   Number         0  gd32f4xx_dbg.o ABSOLUTE
    ..\\driver\\src\\gd32f4xx_dci.c          0x00000000   Number         0  gd32f4xx_dci.o ABSOLUTE
    ..\\driver\\src\\gd32f4xx_dma.c          0x00000000   Number         0  gd32f4xx_dma.o ABSOLUTE
    ..\\driver\\src\\gd32f4xx_enet.c         0x00000000   Number         0  gd32f4xx_enet.o ABSOLUTE
    ..\\driver\\src\\gd32f4xx_eval.c         0x00000000   Number         0  gd32f4xx_eval.o ABSOLUTE
    ..\\driver\\src\\gd32f4xx_exmc.c         0x00000000   Number         0  gd32f4xx_exmc.o ABSOLUTE
    ..\\driver\\src\\gd32f4xx_exti.c         0x00000000   Number         0  gd32f4xx_exti.o ABSOLUTE
    ..\\driver\\src\\gd32f4xx_fmc.c          0x00000000   Number         0  gd32f4xx_fmc.o ABSOLUTE
    ..\\driver\\src\\gd32f4xx_fwdgt.c        0x00000000   Number         0  gd32f4xx_fwdgt.o ABSOLUTE
    ..\\driver\\src\\gd32f4xx_gpio.c         0x00000000   Number         0  gd32f4xx_gpio.o ABSOLUTE
    ..\\driver\\src\\gd32f4xx_i2c.c          0x00000000   Number         0  gd32f4xx_i2c.o ABSOLUTE
    ..\\driver\\src\\gd32f4xx_ipa.c          0x00000000   Number         0  gd32f4xx_ipa.o ABSOLUTE
    ..\\driver\\src\\gd32f4xx_iref.c         0x00000000   Number         0  gd32f4xx_iref.o ABSOLUTE
    ..\\driver\\src\\gd32f4xx_misc.c         0x00000000   Number         0  gd32f4xx_misc.o ABSOLUTE
    ..\\driver\\src\\gd32f4xx_pmu.c          0x00000000   Number         0  gd32f4xx_pmu.o ABSOLUTE
    ..\\driver\\src\\gd32f4xx_rcu.c          0x00000000   Number         0  gd32f4xx_rcu.o ABSOLUTE
    ..\\driver\\src\\gd32f4xx_rtc.c          0x00000000   Number         0  gd32f4xx_rtc.o ABSOLUTE
    ..\\driver\\src\\gd32f4xx_sdio.c         0x00000000   Number         0  gd32f4xx_sdio.o ABSOLUTE
    ..\\driver\\src\\gd32f4xx_spi.c          0x00000000   Number         0  gd32f4xx_spi.o ABSOLUTE
    ..\\driver\\src\\gd32f4xx_syscfg.c       0x00000000   Number         0  gd32f4xx_syscfg.o ABSOLUTE
    ..\\driver\\src\\gd32f4xx_timer.c        0x00000000   Number         0  gd32f4xx_timer.o ABSOLUTE
    ..\\driver\\src\\gd32f4xx_tli.c          0x00000000   Number         0  gd32f4xx_tli.o ABSOLUTE
    ..\\driver\\src\\gd32f4xx_trng.c         0x00000000   Number         0  gd32f4xx_trng.o ABSOLUTE
    ..\\driver\\src\\gd32f4xx_usart.c        0x00000000   Number         0  gd32f4xx_usart.o ABSOLUTE
    ..\\driver\\src\\gd32f4xx_wwdgt.c        0x00000000   Number         0  gd32f4xx_wwdgt.o ABSOLUTE
    ..\\usb_driver\\Source\\usb_core.c       0x00000000   Number         0  usb_core.o ABSOLUTE
    ..\\usb_driver\\Source\\usbd_core.c      0x00000000   Number         0  usbd_core.o ABSOLUTE
    ..\\usb_driver\\Source\\usbd_int.c       0x00000000   Number         0  usbd_int.o ABSOLUTE
    ..\\usb_driver\\Source\\usbd_std.c       0x00000000   Number         0  usbd_std.o ABSOLUTE
    ..\\user\\src\\camera.c                  0x00000000   Number         0  camera.o ABSOLUTE
    ..\\user\\src\\common.c                  0x00000000   Number         0  common.o ABSOLUTE
    ..\\user\\src\\gd32f4xx_it.c             0x00000000   Number         0  gd32f4xx_it.o ABSOLUTE
    ..\\user\\src\\main.c                    0x00000000   Number         0  main.o ABSOLUTE
    ..\\user\\src\\spi.c                     0x00000000   Number         0  spi.o ABSOLUTE
    ..\\user\\src\\systick.c                 0x00000000   Number         0  systick.o ABSOLUTE
    ..\\user\\src\\usb.c                     0x00000000   Number         0  usb.o ABSOLUTE
    ..\\user\\src\\usb_delay.c               0x00000000   Number         0  usb_delay.o ABSOLUTE
    ..\\user\\src\\usbd_msc_core.c           0x00000000   Number         0  usbd_msc_core.o ABSOLUTE
    ..\driver\src\gd32f4xx_adc.c             0x00000000   Number         0  gd32f4xx_adc.o ABSOLUTE
    ..\driver\src\gd32f4xx_can.c             0x00000000   Number         0  gd32f4xx_can.o ABSOLUTE
    ..\driver\src\gd32f4xx_crc.c             0x00000000   Number         0  gd32f4xx_crc.o ABSOLUTE
    ..\driver\src\gd32f4xx_ctc.c             0x00000000   Number         0  gd32f4xx_ctc.o ABSOLUTE
    ..\driver\src\gd32f4xx_dac.c             0x00000000   Number         0  gd32f4xx_dac.o ABSOLUTE
    ..\driver\src\gd32f4xx_dbg.c             0x00000000   Number         0  gd32f4xx_dbg.o ABSOLUTE
    ..\driver\src\gd32f4xx_dci.c             0x00000000   Number         0  gd32f4xx_dci.o ABSOLUTE
    ..\driver\src\gd32f4xx_dma.c             0x00000000   Number         0  gd32f4xx_dma.o ABSOLUTE
    ..\driver\src\gd32f4xx_enet.c            0x00000000   Number         0  gd32f4xx_enet.o ABSOLUTE
    ..\driver\src\gd32f4xx_eval.c            0x00000000   Number         0  gd32f4xx_eval.o ABSOLUTE
    ..\driver\src\gd32f4xx_exmc.c            0x00000000   Number         0  gd32f4xx_exmc.o ABSOLUTE
    ..\driver\src\gd32f4xx_exti.c            0x00000000   Number         0  gd32f4xx_exti.o ABSOLUTE
    ..\driver\src\gd32f4xx_fmc.c             0x00000000   Number         0  gd32f4xx_fmc.o ABSOLUTE
    ..\driver\src\gd32f4xx_fwdgt.c           0x00000000   Number         0  gd32f4xx_fwdgt.o ABSOLUTE
    ..\driver\src\gd32f4xx_gpio.c            0x00000000   Number         0  gd32f4xx_gpio.o ABSOLUTE
    ..\driver\src\gd32f4xx_i2c.c             0x00000000   Number         0  gd32f4xx_i2c.o ABSOLUTE
    ..\driver\src\gd32f4xx_ipa.c             0x00000000   Number         0  gd32f4xx_ipa.o ABSOLUTE
    ..\driver\src\gd32f4xx_iref.c            0x00000000   Number         0  gd32f4xx_iref.o ABSOLUTE
    ..\driver\src\gd32f4xx_misc.c            0x00000000   Number         0  gd32f4xx_misc.o ABSOLUTE
    ..\driver\src\gd32f4xx_pmu.c             0x00000000   Number         0  gd32f4xx_pmu.o ABSOLUTE
    ..\driver\src\gd32f4xx_rcu.c             0x00000000   Number         0  gd32f4xx_rcu.o ABSOLUTE
    ..\driver\src\gd32f4xx_rtc.c             0x00000000   Number         0  gd32f4xx_rtc.o ABSOLUTE
    ..\driver\src\gd32f4xx_sdio.c            0x00000000   Number         0  gd32f4xx_sdio.o ABSOLUTE
    ..\driver\src\gd32f4xx_spi.c             0x00000000   Number         0  gd32f4xx_spi.o ABSOLUTE
    ..\driver\src\gd32f4xx_syscfg.c          0x00000000   Number         0  gd32f4xx_syscfg.o ABSOLUTE
    ..\driver\src\gd32f4xx_timer.c           0x00000000   Number         0  gd32f4xx_timer.o ABSOLUTE
    ..\driver\src\gd32f4xx_tli.c             0x00000000   Number         0  gd32f4xx_tli.o ABSOLUTE
    ..\driver\src\gd32f4xx_trng.c            0x00000000   Number         0  gd32f4xx_trng.o ABSOLUTE
    ..\driver\src\gd32f4xx_usart.c           0x00000000   Number         0  gd32f4xx_usart.o ABSOLUTE
    ..\driver\src\gd32f4xx_wwdgt.c           0x00000000   Number         0  gd32f4xx_wwdgt.o ABSOLUTE
    ..\usb_driver\Source\usb_core.c          0x00000000   Number         0  usb_core.o ABSOLUTE
    ..\usb_driver\Source\usbd_core.c         0x00000000   Number         0  usbd_core.o ABSOLUTE
    ..\usb_driver\Source\usbd_int.c          0x00000000   Number         0  usbd_int.o ABSOLUTE
    ..\usb_driver\Source\usbd_std.c          0x00000000   Number         0  usbd_std.o ABSOLUTE
    ..\user\src\camera.c                     0x00000000   Number         0  camera.o ABSOLUTE
    ..\user\src\common.c                     0x00000000   Number         0  common.o ABSOLUTE
    ..\user\src\gd32f4xx_it.c                0x00000000   Number         0  gd32f4xx_it.o ABSOLUTE
    ..\user\src\main.c                       0x00000000   Number         0  main.o ABSOLUTE
    ..\user\src\spi.c                        0x00000000   Number         0  spi.o ABSOLUTE
    ..\user\src\systick.c                    0x00000000   Number         0  systick.o ABSOLUTE
    ..\user\src\usb.c                        0x00000000   Number         0  usb.o ABSOLUTE
    ..\user\src\usb_delay.c                  0x00000000   Number         0  usb_delay.o ABSOLUTE
    ..\user\src\usbd_msc_core.c              0x00000000   Number         0  usbd_msc_core.o ABSOLUTE
    dc.s                                     0x00000000   Number         0  dc.o ABSOLUTE
    handlers.s                               0x00000000   Number         0  handlers.o ABSOLUTE
    init.s                                   0x00000000   Number         0  init.o ABSOLUTE
    RESET                                    0x08004000   Section      428  startup_gd32f450.o(RESET)
    .ARM.Collect$$$$00000000                 0x080041ac   Section        0  entry.o(.ARM.Collect$$$$00000000)
    .ARM.Collect$$$$00000001                 0x080041ac   Section        4  entry2.o(.ARM.Collect$$$$00000001)
    .ARM.Collect$$$$00000004                 0x080041b0   Section        4  entry5.o(.ARM.Collect$$$$00000004)
    .ARM.Collect$$$$00000008                 0x080041b4   Section        0  entry7b.o(.ARM.Collect$$$$00000008)
    .ARM.Collect$$$$0000000A                 0x080041b4   Section        0  entry8b.o(.ARM.Collect$$$$0000000A)
    .ARM.Collect$$$$0000000B                 0x080041b4   Section        8  entry9a.o(.ARM.Collect$$$$0000000B)
    .ARM.Collect$$$$0000000D                 0x080041bc   Section        0  entry10a.o(.ARM.Collect$$$$0000000D)
    .ARM.Collect$$$$0000000F                 0x080041bc   Section        0  entry11a.o(.ARM.Collect$$$$0000000F)
    .ARM.Collect$$$$00002712                 0x080041bc   Section        4  entry2.o(.ARM.Collect$$$$00002712)
    __lit__00000000                          0x080041bc   Data           4  entry2.o(.ARM.Collect$$$$00002712)
    .text                                    0x080041c0   Section       20  startup_gd32f450.o(.text)
    $v0                                      0x080041c0   Number         0  startup_gd32f450.o(.text)
    .text                                    0x080041d4   Section        0  memcpya.o(.text)
    .text                                    0x080041f8   Section       36  init.o(.text)
    .text                                    0x0800421c   Section        0  __dczerorl2.o(.text)
    i.DMA0_Channel3_IRQHandler               0x08004274   Section        0  gd32f4xx_it.o(i.DMA0_Channel3_IRQHandler)
    i.DMA0_Channel4_IRQHandler               0x080042a0   Section        0  gd32f4xx_it.o(i.DMA0_Channel4_IRQHandler)
    i.EXTI3_IRQHandler                       0x080042bc   Section        0  gd32f4xx_it.o(i.EXTI3_IRQHandler)
    i.FingerTech_BspInit                     0x080042d0   Section        0  common.o(i.FingerTech_BspInit)
    i.NVIC_SetPriority                       0x080042e4   Section        0  systick.o(i.NVIC_SetPriority)
    NVIC_SetPriority                         0x080042e5   Thumb Code    32  systick.o(i.NVIC_SetPriority)
    i.SysTick_Handler                        0x0800430c   Section        0  gd32f4xx_it.o(i.SysTick_Handler)
    i.SystemInit                             0x08004314   Section        0  system_gd32f4xx.o(i.SystemInit)
    i.TIMER2_IRQHandler                      0x0800438c   Section        0  gd32f4xx_it.o(i.TIMER2_IRQHandler)
    i.USBFS_IRQHandler                       0x08004394   Section        0  gd32f4xx_it.o(i.USBFS_IRQHandler)
    i.USBFS_WKUP_IRQHandler                  0x080043a4   Section        0  gd32f4xx_it.o(i.USBFS_WKUP_IRQHandler)
    i.__scatterload_copy                     0x080043dc   Section       14  handlers.o(i.__scatterload_copy)
    i.__scatterload_null                     0x080043ea   Section        2  handlers.o(i.__scatterload_null)
    i.__scatterload_zeroinit                 0x080043ec   Section       14  handlers.o(i.__scatterload_zeroinit)
    i.camera_reset_pin_init                  0x080043fc   Section        0  camera.o(i.camera_reset_pin_init)
    i.cdfigner_gpio_set                      0x08004410   Section        0  common.o(i.cdfigner_gpio_set)
    i.delay_decrement                        0x0800443c   Section        0  systick.o(i.delay_decrement)
    i.dma_channel_enable                     0x08004454   Section        0  gd32f4xx_dma.o(i.dma_channel_enable)
    i.dma_channel_subperipheral_select       0x08004474   Section        0  gd32f4xx_dma.o(i.dma_channel_subperipheral_select)
    i.dma_deinit                             0x0800449a   Section        0  gd32f4xx_dma.o(i.dma_deinit)
    i.dma_flag_clear                         0x0800453e   Section        0  gd32f4xx_dma.o(i.dma_flag_clear)
    i.dma_interrupt_disable                  0x0800457c   Section        0  gd32f4xx_dma.o(i.dma_interrupt_disable)
    i.dma_interrupt_enable                   0x080045ba   Section        0  gd32f4xx_dma.o(i.dma_interrupt_enable)
    i.dma_interrupt_flag_clear               0x080045f8   Section        0  gd32f4xx_dma.o(i.dma_interrupt_flag_clear)
    i.dma_rx_config                          0x08004638   Section        0  spi.o(i.dma_rx_config)
    i.dma_single_data_mode_init              0x080046b8   Section        0  gd32f4xx_dma.o(i.dma_single_data_mode_init)
    i.dma_tx_config                          0x08004818   Section        0  spi.o(i.dma_tx_config)
    i.exti_interrupt_flag_clear              0x08004898   Section        0  gd32f4xx_exti.o(i.exti_interrupt_flag_clear)
    i.gpio_af_set                            0x080048a4   Section        0  gd32f4xx_gpio.o(i.gpio_af_set)
    i.gpio_mode_set                          0x08004902   Section        0  gd32f4xx_gpio.o(i.gpio_mode_set)
    i.gpio_output_options_set                0x08004950   Section        0  gd32f4xx_gpio.o(i.gpio_output_options_set)
    i.hwp_delay                              0x08004994   Section        0  usb_delay.o(i.hwp_delay)
    hwp_delay                                0x08004995   Thumb Code    34  usb_delay.o(i.hwp_delay)
    i.hwp_time_set                           0x080049c0   Section        0  usb_delay.o(i.hwp_time_set)
    hwp_time_set                             0x080049c1   Thumb Code    96  usb_delay.o(i.hwp_time_set)
    i.main                                   0x08004a28   Section        0  main.o(i.main)
    i.msc_data_handler                       0x08004b70   Section        0  usbd_msc_core.o(i.msc_data_handler)
    i.msc_deinit                             0x08004ba4   Section        0  usbd_msc_core.o(i.msc_deinit)
    i.msc_init                               0x08004bd0   Section        0  usbd_msc_core.o(i.msc_init)
    i.msc_req_handler                        0x08004c00   Section        0  usbd_msc_core.o(i.msc_req_handler)
    i.nvic_irq_disable                       0x08004c94   Section        0  gd32f4xx_misc.o(i.nvic_irq_disable)
    i.nvic_irq_enable                        0x08004cac   Section        0  gd32f4xx_misc.o(i.nvic_irq_enable)
    i.nvic_priority_group_set                0x08004d50   Section        0  gd32f4xx_misc.o(i.nvic_priority_group_set)
    i.nvic_vector_table_set                  0x08004d64   Section        0  gd32f4xx_misc.o(i.nvic_vector_table_set)
    i.pmu_to_deepsleepmode                   0x08004d78   Section        0  gd32f4xx_pmu.o(i.pmu_to_deepsleepmode)
    i.rcu_ck48m_clock_config                 0x08004dbc   Section        0  gd32f4xx_rcu.o(i.rcu_ck48m_clock_config)
    i.rcu_osci_off                           0x08004dd4   Section        0  gd32f4xx_rcu.o(i.rcu_osci_off)
    i.rcu_periph_clock_enable                0x08004df8   Section        0  gd32f4xx_rcu.o(i.rcu_periph_clock_enable)
    i.rcu_periph_reset_disable               0x08004e1c   Section        0  gd32f4xx_rcu.o(i.rcu_periph_reset_disable)
    i.rcu_periph_reset_enable                0x08004e40   Section        0  gd32f4xx_rcu.o(i.rcu_periph_reset_enable)
    i.rcu_pll48m_clock_config                0x08004e64   Section        0  gd32f4xx_rcu.o(i.rcu_pll48m_clock_config)
    i.spi_config                             0x08004e7c   Section        0  spi.o(i.spi_config)
    i.spi_cs_high                            0x08004ee0   Section        0  spi.o(i.spi_cs_high)
    i.spi_cs_low                             0x08004ef0   Section        0  spi.o(i.spi_cs_low)
    i.spi_dma_enable                         0x08004f00   Section        0  gd32f4xx_spi.o(i.spi_dma_enable)
    i.spi_enable                             0x08004f16   Section        0  gd32f4xx_spi.o(i.spi_enable)
    i.spi_gpio_config                        0x08004f20   Section        0  spi.o(i.spi_gpio_config)
    i.spi_i2s_deinit                         0x08004f88   Section        0  gd32f4xx_spi.o(i.spi_i2s_deinit)
    i.spi_init                               0x08005034   Section        0  gd32f4xx_spi.o(i.spi_init)
    i.spi_send_data                          0x08005068   Section        0  spi.o(i.spi_send_data)
    i.system_clock_168m_irc16m               0x080050a0   Section        0  system_gd32f4xx.o(i.system_clock_168m_irc16m)
    system_clock_168m_irc16m                 0x080050a1   Thumb Code   238  system_gd32f4xx.o(i.system_clock_168m_irc16m)
    i.system_clock_16m_irc16m                0x0800519c   Section        0  common.o(i.system_clock_16m_irc16m)
    i.system_clock_config                    0x0800520c   Section        0  usb.o(i.system_clock_config)
    i.system_clock_config                    0x0800528c   Section        0  system_gd32f4xx.o(i.system_clock_config)
    system_clock_config                      0x0800528d   Thumb Code     8  system_gd32f4xx.o(i.system_clock_config)
    i.systick_config                         0x08005294   Section        0  systick.o(i.systick_config)
    i.timer_auto_reload_shadow_enable        0x080052e4   Section        0  gd32f4xx_timer.o(i.timer_auto_reload_shadow_enable)
    i.timer_disable                          0x080052ee   Section        0  gd32f4xx_timer.o(i.timer_disable)
    i.timer_enable                           0x080052f8   Section        0  gd32f4xx_timer.o(i.timer_enable)
    i.timer_init                             0x08005304   Section        0  gd32f4xx_timer.o(i.timer_init)
    i.timer_interrupt_disable                0x0800539c   Section        0  gd32f4xx_timer.o(i.timer_interrupt_disable)
    i.timer_interrupt_enable                 0x080053a4   Section        0  gd32f4xx_timer.o(i.timer_interrupt_enable)
    i.timer_interrupt_flag_clear             0x080053ac   Section        0  gd32f4xx_timer.o(i.timer_interrupt_flag_clear)
    i.timer_interrupt_flag_get               0x080053b4   Section        0  gd32f4xx_timer.o(i.timer_interrupt_flag_get)
    i.usb_clock_config                       0x080053cc   Section        0  usb.o(i.usb_clock_config)
    i.usb_clock_ungate                       0x080053fc   Section        0  usb_core.o(i.usb_clock_ungate)
    i.usb_command_parse                      0x08005434   Section        0  usb.o(i.usb_command_parse)
    i.usb_commonint_enable                   0x08005474   Section        0  usb_core.o(i.usb_commonint_enable)
    usb_commonint_enable                     0x08005475   Thumb Code    16  usb_core.o(i.usb_commonint_enable)
    i.usb_core_init                          0x08005488   Section        0  usb_core.o(i.usb_core_init)
    i.usb_core_reset                         0x0800554c   Section        0  usb_core.o(i.usb_core_reset)
    usb_core_reset                           0x0800554d   Thumb Code    70  usb_core.o(i.usb_core_reset)
    i.usb_core_select                        0x08005598   Section        0  usb_core.o(i.usb_core_select)
    i.usb_devcore_init                       0x080055dc   Section        0  usb_core.o(i.usb_devcore_init)
    i.usb_devint_enable                      0x08005708   Section        0  usb_core.o(i.usb_devint_enable)
    usb_devint_enable                        0x08005709   Thumb Code    62  usb_core.o(i.usb_devint_enable)
    i.usb_ep0_startout                       0x0800574c   Section        0  usb_core.o(i.usb_ep0_startout)
    i.usb_fifo_read                          0x080057a8   Section        0  usb_core.o(i.usb_fifo_read)
    i.usb_fifo_write                         0x080057c8   Section        0  usb_core.o(i.usb_fifo_write)
    i.usb_gpio_config                        0x080057f4   Section        0  usb.o(i.usb_gpio_config)
    i.usb_init                               0x08005834   Section        0  usb.o(i.usb_init)
    i.usb_interrupt_config                   0x08005860   Section        0  usb.o(i.usb_interrupt_config)
    i.usb_mdelay                             0x08005876   Section        0  usb_delay.o(i.usb_mdelay)
    i.usb_mode_set                           0x08005884   Section        0  usb_core.o(i.usb_mode_set)
    i.usb_rxfifo_flush                       0x080058d8   Section        0  usb_core.o(i.usb_rxfifo_flush)
    i.usb_timer_init                         0x0800591c   Section        0  usb_delay.o(i.usb_timer_init)
    i.usb_timer_irq                          0x0800593c   Section        0  usb_delay.o(i.usb_timer_irq)
    i.usb_txfifo_flush                       0x08005974   Section        0  usb_core.o(i.usb_txfifo_flush)
    i.usb_udelay                             0x080059bc   Section        0  usb_delay.o(i.usb_udelay)
    i.usbd_clrfeature                        0x080059ca   Section        0  usbd_std.o(i.usbd_clrfeature)
    usbd_clrfeature                          0x080059cb   Thumb Code   212  usbd_std.o(i.usbd_clrfeature)
    i.usbd_configuration_descriptor_get      0x08005a9e   Section        0  usbd_std.o(i.usbd_configuration_descriptor_get)
    usbd_configuration_descriptor_get        0x08005a9f   Thumb Code    16  usbd_std.o(i.usbd_configuration_descriptor_get)
    i.usbd_ctlstatus_rx                      0x08005aae   Section        0  usbd_core.o(i.usbd_ctlstatus_rx)
    i.usbd_ctlstatus_tx                      0x08005acc   Section        0  usbd_core.o(i.usbd_ctlstatus_tx)
    i.usbd_ctltx                             0x08005aea   Section        0  usbd_core.o(i.usbd_ctltx)
    i.usbd_device_class_request              0x08005b10   Section        0  usbd_std.o(i.usbd_device_class_request)
    usbd_device_class_request                0x08005b11   Thumb Code    72  usbd_std.o(i.usbd_device_class_request)
    i.usbd_device_descriptor_get             0x08005b58   Section        0  usbd_std.o(i.usbd_device_descriptor_get)
    usbd_device_descriptor_get               0x08005b59   Thumb Code    16  usbd_std.o(i.usbd_device_descriptor_get)
    i.usbd_emptytxfifo_write                 0x08005b68   Section        0  usbd_int.o(i.usbd_emptytxfifo_write)
    usbd_emptytxfifo_write                   0x08005b69   Thumb Code   142  usbd_int.o(i.usbd_emptytxfifo_write)
    i.usbd_enum_error                        0x08005bfc   Section        0  usbd_std.o(i.usbd_enum_error)
    i.usbd_ep_clear_stall                    0x08005c1a   Section        0  usbd_core.o(i.usbd_ep_clear_stall)
    i.usbd_ep_deinit                         0x08005cb8   Section        0  usbd_core.o(i.usbd_ep_deinit)
    i.usbd_ep_fifo_flush                     0x08005d20   Section        0  usbd_core.o(i.usbd_ep_fifo_flush)
    i.usbd_ep_init                           0x08005d40   Section        0  usbd_core.o(i.usbd_ep_init)
    i.usbd_ep_rx                             0x08005e3c   Section        0  usbd_core.o(i.usbd_ep_rx)
    i.usbd_ep_stall                          0x08005f54   Section        0  usbd_core.o(i.usbd_ep_stall)
    i.usbd_ep_tx                             0x08005fb8   Section        0  usbd_core.o(i.usbd_ep_tx)
    i.usbd_getconfig                         0x080060fc   Section        0  usbd_std.o(i.usbd_getconfig)
    usbd_getconfig                           0x080060fd   Thumb Code    78  usbd_std.o(i.usbd_getconfig)
    i.usbd_getdescriptor                     0x0800614c   Section        0  usbd_std.o(i.usbd_getdescriptor)
    usbd_getdescriptor                       0x0800614d   Thumb Code   130  usbd_std.o(i.usbd_getdescriptor)
    i.usbd_getinterface                      0x080061d4   Section        0  usbd_std.o(i.usbd_getinterface)
    usbd_getinterface                        0x080061d5   Thumb Code    18  usbd_std.o(i.usbd_getinterface)
    i.usbd_getstatus                         0x080061e6   Section        0  usbd_std.o(i.usbd_getstatus)
    usbd_getstatus                           0x080061e7   Thumb Code     2  usbd_std.o(i.usbd_getstatus)
    i.usbd_in_transaction                    0x080061e8   Section        0  usbd_std.o(i.usbd_in_transaction)
    i.usbd_init                              0x08006288   Section        0  usbd_core.o(i.usbd_init)
    i.usbd_intf_earlysuspend                 0x08006308   Section        0  usbd_int.o(i.usbd_intf_earlysuspend)
    usbd_intf_earlysuspend                   0x08006309   Thumb Code    28  usbd_int.o(i.usbd_intf_earlysuspend)
    i.usbd_intf_enumfinish                   0x08006324   Section        0  usbd_int.o(i.usbd_intf_enumfinish)
    usbd_intf_enumfinish                     0x08006325   Thumb Code   148  usbd_int.o(i.usbd_intf_enumfinish)
    i.usbd_intf_inep                         0x080063c4   Section        0  usbd_int.o(i.usbd_intf_inep)
    usbd_intf_inep                           0x080063c5   Thumb Code   264  usbd_int.o(i.usbd_intf_inep)
    i.usbd_intf_isoinincomplete              0x080064d0   Section        0  usbd_int.o(i.usbd_intf_isoinincomplete)
    usbd_intf_isoinincomplete                0x080064d1   Thumb Code    16  usbd_int.o(i.usbd_intf_isoinincomplete)
    i.usbd_intf_isooutincomplete             0x080064e0   Section        0  usbd_int.o(i.usbd_intf_isooutincomplete)
    usbd_intf_isooutincomplete               0x080064e1   Thumb Code    16  usbd_int.o(i.usbd_intf_isooutincomplete)
    i.usbd_intf_outep                        0x080064f0   Section        0  usbd_int.o(i.usbd_intf_outep)
    usbd_intf_outep                          0x080064f1   Thumb Code   262  usbd_int.o(i.usbd_intf_outep)
    i.usbd_intf_reset                        0x080065fc   Section        0  usbd_int.o(i.usbd_intf_reset)
    usbd_intf_reset                          0x080065fd   Thumb Code   316  usbd_int.o(i.usbd_intf_reset)
    i.usbd_intf_resume                       0x08006740   Section        0  usbd_int.o(i.usbd_intf_resume)
    usbd_intf_resume                         0x08006741   Thumb Code    22  usbd_int.o(i.usbd_intf_resume)
    i.usbd_intf_rxfifo                       0x08006758   Section        0  usbd_int.o(i.usbd_intf_rxfifo)
    usbd_intf_rxfifo                         0x08006759   Thumb Code   254  usbd_int.o(i.usbd_intf_rxfifo)
    i.usbd_intf_sof                          0x0800685c   Section        0  usbd_int.o(i.usbd_intf_sof)
    usbd_intf_sof                            0x0800685d   Thumb Code    32  usbd_int.o(i.usbd_intf_sof)
    i.usbd_intf_suspend                      0x08006880   Section        0  usbd_int.o(i.usbd_intf_suspend)
    usbd_intf_suspend                        0x08006881   Thumb Code    92  usbd_int.o(i.usbd_intf_suspend)
    i.usbd_isr                               0x080068e4   Section        0  usbd_int.o(i.usbd_isr)
    i.usbd_out_transaction                   0x080069b8   Section        0  usbd_std.o(i.usbd_out_transaction)
    i.usbd_reserved                          0x08006a36   Section        0  usbd_std.o(i.usbd_reserved)
    usbd_reserved                            0x08006a37   Thumb Code     2  usbd_std.o(i.usbd_reserved)
    i.usbd_setaddress                        0x08006a38   Section        0  usbd_std.o(i.usbd_setaddress)
    usbd_setaddress                          0x08006a39   Thumb Code    78  usbd_std.o(i.usbd_setaddress)
    i.usbd_setconfig                         0x08006a8c   Section        0  usbd_std.o(i.usbd_setconfig)
    usbd_setconfig                           0x08006a8d   Thumb Code   168  usbd_std.o(i.usbd_setconfig)
    i.usbd_setdescriptor                     0x08006b38   Section        0  usbd_std.o(i.usbd_setdescriptor)
    usbd_setdescriptor                       0x08006b39   Thumb Code     2  usbd_std.o(i.usbd_setdescriptor)
    i.usbd_setfeature                        0x08006b3c   Section        0  usbd_std.o(i.usbd_setfeature)
    usbd_setfeature                          0x08006b3d   Thumb Code   226  usbd_std.o(i.usbd_setfeature)
    i.usbd_setinterface                      0x08006c24   Section        0  usbd_std.o(i.usbd_setinterface)
    usbd_setinterface                        0x08006c25   Thumb Code    18  usbd_std.o(i.usbd_setinterface)
    i.usbd_setup_request_parse               0x08006c38   Section        0  usbd_std.o(i.usbd_setup_request_parse)
    usbd_setup_request_parse                 0x08006c39   Thumb Code    82  usbd_std.o(i.usbd_setup_request_parse)
    i.usbd_setup_transaction                 0x08006c98   Section        0  usbd_std.o(i.usbd_setup_transaction)
    i.usbd_standard_request                  0x08006cec   Section        0  usbd_std.o(i.usbd_standard_request)
    usbd_standard_request                    0x08006ced   Thumb Code    24  usbd_std.o(i.usbd_standard_request)
    i.usbd_string_descriptor_get             0x08006d08   Section        0  usbd_std.o(i.usbd_string_descriptor_get)
    usbd_string_descriptor_get               0x08006d09   Thumb Code    18  usbd_std.o(i.usbd_string_descriptor_get)
    i.usbd_synchframe                        0x08006d1a   Section        0  usbd_std.o(i.usbd_synchframe)
    usbd_synchframe                          0x08006d1b   Thumb Code     2  usbd_std.o(i.usbd_synchframe)
    i.usbd_vendor_request                    0x08006d1c   Section        0  usbd_std.o(i.usbd_vendor_request)
    usbd_vendor_request                      0x08006d1d   Thumb Code     6  usbd_std.o(i.usbd_vendor_request)
    test                                     0x08006d24   Section       16  startup_gd32f450.o(test)
    $v0                                      0x08006d24   Number         0  startup_gd32f450.o(test)
    .constdata                               0x08006d34   Section       54  usbd_msc_core.o(.constdata)
    .constdata                               0x08006d6a   Section        4  usbd_int.o(.constdata)
    EP0_MAXLEN                               0x08006d6a   Data           4  usbd_int.o(.constdata)
    .data                                    0x20000000   Section        2  gd32f4xx_it.o(.data)
    .data                                    0x20000004   Section       20  main.o(.data)
    .data                                    0x20000018   Section        4  systick.o(.data)
    delay                                    0x20000018   Data           4  systick.o(.data)
    .data                                    0x2000001c   Section      288  usb.o(.data)
    .data                                    0x2000013c   Section      148  usbd_msc_core.o(.data)
    <Data1>                                  0x2000013c   Data          24  usbd_msc_core.o(.data)
    <Data2>                                  0x20000154   Data          50  usbd_msc_core.o(.data)
    <Data3>                                  0x20000186   Data          50  usbd_msc_core.o(.data)
    usbd_msc_maxlun                          0x200001b8   Data           1  usbd_msc_core.o(.data)
    usbd_msc_altset                          0x200001b9   Data           1  usbd_msc_core.o(.data)
    .data                                    0x200001d0   Section        8  usb_delay.o(.data)
    .data                                    0x200001d8   Section        4  system_gd32f4xx.o(.data)
    .data                                    0x200001dc   Section       69  usbd_std.o(.data)
    StandardDeviceRequest                    0x200001dc   Data          52  usbd_std.o(.data)
    standard_descriptor_get                  0x20000210   Data          12  usbd_std.o(.data)
    cfgidx                                   0x20000220   Data           1  usbd_std.o(.data)
    .data                                    0x20000221   Section        4  usbd_int.o(.data)
    USB_SPEED                                0x20000221   Data           4  usbd_int.o(.data)
    .bss                                     0x20000228   Section    115200  usbd_msc_core.o(.bss)
    .bss                                     0x2001c428   Section     2048  usbd_std.o(.bss)
    STACK                                    0x2001cc28   Section     1024  startup_gd32f450.o(STACK)

    Global Symbols

    Symbol Name                              Value     Ov Type        Size  Object(Section)

    BuildAttributes$$THM_ISAv4$E$P$D$K$B$S$7EM$VFPi3$EXTD16$VFPS$VFMA$PE$A:L22UL41UL21$X:L11$S22US41US21$IEEE1$IW$USESV6$~STKCKD$USESV7$~SHL$OSPACE$ROPI$EBA8$MICROLIB$REQ8$PRES8$EABIv2 0x00000000   Number         0  anon$$obj.o ABSOLUTE
    __ARM_use_no_argv                        0x00000000   Number         0  main.o ABSOLUTE
    __cpp_initialize__aeabi_                  - Undefined Weak Reference
    __cxa_finalize                            - Undefined Weak Reference
    _clock_init                               - Undefined Weak Reference
    _microlib_exit                            - Undefined Weak Reference
    __Vectors_Size                           0x000001ac   Number         0  startup_gd32f450.o ABSOLUTE
    __Vectors                                0x08004000   Data           4  startup_gd32f450.o(RESET)
    __Vectors_End                            0x080041ac   Data           0  startup_gd32f450.o(RESET)
    __main                                   0x080041ad   Thumb Code     0  entry.o(.ARM.Collect$$$$00000000)
    _main_stk                                0x080041ad   Thumb Code     0  entry2.o(.ARM.Collect$$$$00000001)
    _main_scatterload                        0x080041b1   Thumb Code     0  entry5.o(.ARM.Collect$$$$00000004)
    __main_after_scatterload                 0x080041b5   Thumb Code     0  entry5.o(.ARM.Collect$$$$00000004)
    _main_clock                              0x080041b5   Thumb Code     0  entry7b.o(.ARM.Collect$$$$00000008)
    _main_cpp_init                           0x080041b5   Thumb Code     0  entry8b.o(.ARM.Collect$$$$0000000A)
    _main_init                               0x080041b5   Thumb Code     0  entry9a.o(.ARM.Collect$$$$0000000B)
    __rt_final_cpp                           0x080041bd   Thumb Code     0  entry10a.o(.ARM.Collect$$$$0000000D)
    __rt_final_exit                          0x080041bd   Thumb Code     0  entry11a.o(.ARM.Collect$$$$0000000F)
    NMI_Handler                              0x080041c1   Thumb Code     2  startup_gd32f450.o(.text)
    HardFault_Handler                        0x080041c3   Thumb Code     2  startup_gd32f450.o(.text)
    MemManage_Handler                        0x080041c5   Thumb Code     2  startup_gd32f450.o(.text)
    BusFault_Handler                         0x080041c7   Thumb Code     2  startup_gd32f450.o(.text)
    UsageFault_Handler                       0x080041c9   Thumb Code     2  startup_gd32f450.o(.text)
    SVC_Handler                              0x080041cb   Thumb Code     2  startup_gd32f450.o(.text)
    DebugMon_Handler                         0x080041cd   Thumb Code     2  startup_gd32f450.o(.text)
    PendSV_Handler                           0x080041cf   Thumb Code     2  startup_gd32f450.o(.text)
    ADC_IRQHandler                           0x080041d3   Thumb Code     0  startup_gd32f450.o(.text)
    CAN0_EWMC_IRQHandler                     0x080041d3   Thumb Code     0  startup_gd32f450.o(.text)
    CAN0_RX0_IRQHandler                      0x080041d3   Thumb Code     0  startup_gd32f450.o(.text)
    CAN0_RX1_IRQHandler                      0x080041d3   Thumb Code     0  startup_gd32f450.o(.text)
    CAN0_TX_IRQHandler                       0x080041d3   Thumb Code     0  startup_gd32f450.o(.text)
    CAN1_EWMC_IRQHandler                     0x080041d3   Thumb Code     0  startup_gd32f450.o(.text)
    CAN1_RX0_IRQHandler                      0x080041d3   Thumb Code     0  startup_gd32f450.o(.text)
    CAN1_RX1_IRQHandler                      0x080041d3   Thumb Code     0  startup_gd32f450.o(.text)
    CAN1_TX_IRQHandler                       0x080041d3   Thumb Code     0  startup_gd32f450.o(.text)
    DCI_IRQHandler                           0x080041d3   Thumb Code     0  startup_gd32f450.o(.text)
    DMA0_Channel0_IRQHandler                 0x080041d3   Thumb Code     0  startup_gd32f450.o(.text)
    DMA0_Channel1_IRQHandler                 0x080041d3   Thumb Code     0  startup_gd32f450.o(.text)
    DMA0_Channel2_IRQHandler                 0x080041d3   Thumb Code     0  startup_gd32f450.o(.text)
    DMA0_Channel5_IRQHandler                 0x080041d3   Thumb Code     0  startup_gd32f450.o(.text)
    DMA0_Channel6_IRQHandler                 0x080041d3   Thumb Code     0  startup_gd32f450.o(.text)
    DMA0_Channel7_IRQHandler                 0x080041d3   Thumb Code     0  startup_gd32f450.o(.text)
    DMA1_Channel0_IRQHandler                 0x080041d3   Thumb Code     0  startup_gd32f450.o(.text)
    DMA1_Channel1_IRQHandler                 0x080041d3   Thumb Code     0  startup_gd32f450.o(.text)
    DMA1_Channel2_IRQHandler                 0x080041d3   Thumb Code     0  startup_gd32f450.o(.text)
    DMA1_Channel3_IRQHandler                 0x080041d3   Thumb Code     0  startup_gd32f450.o(.text)
    DMA1_Channel4_IRQHandler                 0x080041d3   Thumb Code     0  startup_gd32f450.o(.text)
    DMA1_Channel5_IRQHandler                 0x080041d3   Thumb Code     0  startup_gd32f450.o(.text)
    DMA1_Channel6_IRQHandler                 0x080041d3   Thumb Code     0  startup_gd32f450.o(.text)
    DMA1_Channel7_IRQHandler                 0x080041d3   Thumb Code     0  startup_gd32f450.o(.text)
    ENET_IRQHandler                          0x080041d3   Thumb Code     0  startup_gd32f450.o(.text)
    ENET_WKUP_IRQHandler                     0x080041d3   Thumb Code     0  startup_gd32f450.o(.text)
    EXMC_IRQHandler                          0x080041d3   Thumb Code     0  startup_gd32f450.o(.text)
    EXTI0_IRQHandler                         0x080041d3   Thumb Code     0  startup_gd32f450.o(.text)
    EXTI10_15_IRQHandler                     0x080041d3   Thumb Code     0  startup_gd32f450.o(.text)
    EXTI1_IRQHandler                         0x080041d3   Thumb Code     0  startup_gd32f450.o(.text)
    EXTI2_IRQHandler                         0x080041d3   Thumb Code     0  startup_gd32f450.o(.text)
    EXTI4_IRQHandler                         0x080041d3   Thumb Code     0  startup_gd32f450.o(.text)
    EXTI5_9_IRQHandler                       0x080041d3   Thumb Code     0  startup_gd32f450.o(.text)
    FMC_IRQHandler                           0x080041d3   Thumb Code     0  startup_gd32f450.o(.text)
    FPU_IRQHandler                           0x080041d3   Thumb Code     0  startup_gd32f450.o(.text)
    I2C0_ER_IRQHandler                       0x080041d3   Thumb Code     0  startup_gd32f450.o(.text)
    I2C0_EV_IRQHandler                       0x080041d3   Thumb Code     0  startup_gd32f450.o(.text)
    I2C1_ER_IRQHandler                       0x080041d3   Thumb Code     0  startup_gd32f450.o(.text)
    I2C1_EV_IRQHandler                       0x080041d3   Thumb Code     0  startup_gd32f450.o(.text)
    I2C2_ER_IRQHandler                       0x080041d3   Thumb Code     0  startup_gd32f450.o(.text)
    I2C2_EV_IRQHandler                       0x080041d3   Thumb Code     0  startup_gd32f450.o(.text)
    IPA_IRQHandler                           0x080041d3   Thumb Code     0  startup_gd32f450.o(.text)
    LVD_IRQHandler                           0x080041d3   Thumb Code     0  startup_gd32f450.o(.text)
    RCU_CTC_IRQHandler                       0x080041d3   Thumb Code     0  startup_gd32f450.o(.text)
    RTC_Alarm_IRQHandler                     0x080041d3   Thumb Code     0  startup_gd32f450.o(.text)
    RTC_WKUP_IRQHandler                      0x080041d3   Thumb Code     0  startup_gd32f450.o(.text)
    SDIO_IRQHandler                          0x080041d3   Thumb Code     0  startup_gd32f450.o(.text)
    SPI0_IRQHandler                          0x080041d3   Thumb Code     0  startup_gd32f450.o(.text)
    SPI1_IRQHandler                          0x080041d3   Thumb Code     0  startup_gd32f450.o(.text)
    SPI2_IRQHandler                          0x080041d3   Thumb Code     0  startup_gd32f450.o(.text)
    SPI3_IRQHandler                          0x080041d3   Thumb Code     0  startup_gd32f450.o(.text)
    SPI4_IRQHandler                          0x080041d3   Thumb Code     0  startup_gd32f450.o(.text)
    SPI5_IRQHandler                          0x080041d3   Thumb Code     0  startup_gd32f450.o(.text)
    TAMPER_STAMP_IRQHandler                  0x080041d3   Thumb Code     0  startup_gd32f450.o(.text)
    TIMER0_BRK_TIMER8_IRQHandler             0x080041d3   Thumb Code     0  startup_gd32f450.o(.text)
    TIMER0_CC_IRQHandler                     0x080041d3   Thumb Code     0  startup_gd32f450.o(.text)
    TIMER0_TRG_CMT_TIMER10_IRQHandler        0x080041d3   Thumb Code     0  startup_gd32f450.o(.text)
    TIMER0_UP_TIMER9_IRQHandler              0x080041d3   Thumb Code     0  startup_gd32f450.o(.text)
    TIMER1_IRQHandler                        0x080041d3   Thumb Code     0  startup_gd32f450.o(.text)
    TIMER3_IRQHandler                        0x080041d3   Thumb Code     0  startup_gd32f450.o(.text)
    TIMER4_IRQHandler                        0x080041d3   Thumb Code     0  startup_gd32f450.o(.text)
    TIMER5_DAC_IRQHandler                    0x080041d3   Thumb Code     0  startup_gd32f450.o(.text)
    TIMER6_IRQHandler                        0x080041d3   Thumb Code     0  startup_gd32f450.o(.text)
    TIMER7_BRK_TIMER11_IRQHandler            0x080041d3   Thumb Code     0  startup_gd32f450.o(.text)
    TIMER7_CC_IRQHandler                     0x080041d3   Thumb Code     0  startup_gd32f450.o(.text)
    TIMER7_TRG_CMT_TIMER13_IRQHandler        0x080041d3   Thumb Code     0  startup_gd32f450.o(.text)
    TIMER7_UP_TIMER12_IRQHandler             0x080041d3   Thumb Code     0  startup_gd32f450.o(.text)
    TLI_ER_IRQHandler                        0x080041d3   Thumb Code     0  startup_gd32f450.o(.text)
    TLI_IRQHandler                           0x080041d3   Thumb Code     0  startup_gd32f450.o(.text)
    TRNG_IRQHandler                          0x080041d3   Thumb Code     0  startup_gd32f450.o(.text)
    UART3_IRQHandler                         0x080041d3   Thumb Code     0  startup_gd32f450.o(.text)
    UART4_IRQHandler                         0x080041d3   Thumb Code     0  startup_gd32f450.o(.text)
    UART6_IRQHandler                         0x080041d3   Thumb Code     0  startup_gd32f450.o(.text)
    UART7_IRQHandler                         0x080041d3   Thumb Code     0  startup_gd32f450.o(.text)
    USART0_IRQHandler                        0x080041d3   Thumb Code     0  startup_gd32f450.o(.text)
    USART1_IRQHandler                        0x080041d3   Thumb Code     0  startup_gd32f450.o(.text)
    USART2_IRQHandler                        0x080041d3   Thumb Code     0  startup_gd32f450.o(.text)
    USART5_IRQHandler                        0x080041d3   Thumb Code     0  startup_gd32f450.o(.text)
    USBHS_EP1_In_IRQHandler                  0x080041d3   Thumb Code     0  startup_gd32f450.o(.text)
    USBHS_EP1_Out_IRQHandler                 0x080041d3   Thumb Code     0  startup_gd32f450.o(.text)
    USBHS_IRQHandler                         0x080041d3   Thumb Code     0  startup_gd32f450.o(.text)
    USBHS_WKUP_IRQHandler                    0x080041d3   Thumb Code     0  startup_gd32f450.o(.text)
    WWDGT_IRQHandler                         0x080041d3   Thumb Code     0  startup_gd32f450.o(.text)
    __aeabi_memcpy                           0x080041d5   Thumb Code    36  memcpya.o(.text)
    __aeabi_memcpy4                          0x080041d5   Thumb Code     0  memcpya.o(.text)
    __aeabi_memcpy8                          0x080041d5   Thumb Code     0  memcpya.o(.text)
    __scatterload                            0x080041f9   Thumb Code    28  init.o(.text)
    __scatterload_rt2                        0x080041f9   Thumb Code     0  init.o(.text)
    __decompress                             0x0800421d   Thumb Code     0  __dczerorl2.o(.text)
    __decompress1                            0x0800421d   Thumb Code    86  __dczerorl2.o(.text)
    DMA0_Channel3_IRQHandler                 0x08004275   Thumb Code    34  gd32f4xx_it.o(i.DMA0_Channel3_IRQHandler)
    DMA0_Channel4_IRQHandler                 0x080042a1   Thumb Code    24  gd32f4xx_it.o(i.DMA0_Channel4_IRQHandler)
    EXTI3_IRQHandler                         0x080042bd   Thumb Code    16  gd32f4xx_it.o(i.EXTI3_IRQHandler)
    FingerTech_BspInit                       0x080042d1   Thumb Code    20  common.o(i.FingerTech_BspInit)
    SysTick_Handler                          0x0800430d   Thumb Code     8  gd32f4xx_it.o(i.SysTick_Handler)
    SystemInit                               0x08004315   Thumb Code   104  system_gd32f4xx.o(i.SystemInit)
    TIMER2_IRQHandler                        0x0800438d   Thumb Code     8  gd32f4xx_it.o(i.TIMER2_IRQHandler)
    USBFS_IRQHandler                         0x08004395   Thumb Code    10  gd32f4xx_it.o(i.USBFS_IRQHandler)
    USBFS_WKUP_IRQHandler                    0x080043a5   Thumb Code    52  gd32f4xx_it.o(i.USBFS_WKUP_IRQHandler)
    __scatterload_copy                       0x080043dd   Thumb Code    14  handlers.o(i.__scatterload_copy)
    __scatterload_null                       0x080043eb   Thumb Code     2  handlers.o(i.__scatterload_null)
    __scatterload_zeroinit                   0x080043ed   Thumb Code    14  handlers.o(i.__scatterload_zeroinit)
    camera_reset_pin_init                    0x080043fd   Thumb Code    16  camera.o(i.camera_reset_pin_init)
    cdfigner_gpio_set                        0x08004411   Thumb Code    44  common.o(i.cdfigner_gpio_set)
    delay_decrement                          0x0800443d   Thumb Code    18  systick.o(i.delay_decrement)
    dma_channel_enable                       0x08004455   Thumb Code    32  gd32f4xx_dma.o(i.dma_channel_enable)
    dma_channel_subperipheral_select         0x08004475   Thumb Code    38  gd32f4xx_dma.o(i.dma_channel_subperipheral_select)
    dma_deinit                               0x0800449b   Thumb Code   164  gd32f4xx_dma.o(i.dma_deinit)
    dma_flag_clear                           0x0800453f   Thumb Code    62  gd32f4xx_dma.o(i.dma_flag_clear)
    dma_interrupt_disable                    0x0800457d   Thumb Code    62  gd32f4xx_dma.o(i.dma_interrupt_disable)
    dma_interrupt_enable                     0x080045bb   Thumb Code    62  gd32f4xx_dma.o(i.dma_interrupt_enable)
    dma_interrupt_flag_clear                 0x080045f9   Thumb Code    62  gd32f4xx_dma.o(i.dma_interrupt_flag_clear)
    dma_rx_config                            0x08004639   Thumb Code   120  spi.o(i.dma_rx_config)
    dma_single_data_mode_init                0x080046b9   Thumb Code   346  gd32f4xx_dma.o(i.dma_single_data_mode_init)
    dma_tx_config                            0x08004819   Thumb Code   120  spi.o(i.dma_tx_config)
    exti_interrupt_flag_clear                0x08004899   Thumb Code     6  gd32f4xx_exti.o(i.exti_interrupt_flag_clear)
    gpio_af_set                              0x080048a5   Thumb Code    94  gd32f4xx_gpio.o(i.gpio_af_set)
    gpio_mode_set                            0x08004903   Thumb Code    78  gd32f4xx_gpio.o(i.gpio_mode_set)
    gpio_output_options_set                  0x08004951   Thumb Code    66  gd32f4xx_gpio.o(i.gpio_output_options_set)
    main                                     0x08004a29   Thumb Code   284  main.o(i.main)
    msc_data_handler                         0x08004b71   Thumb Code    42  usbd_msc_core.o(i.msc_data_handler)
    msc_deinit                               0x08004ba5   Thumb Code    38  usbd_msc_core.o(i.msc_deinit)
    msc_init                                 0x08004bd1   Thumb Code    40  usbd_msc_core.o(i.msc_init)
    msc_req_handler                          0x08004c01   Thumb Code   136  usbd_msc_core.o(i.msc_req_handler)
    nvic_irq_disable                         0x08004c95   Thumb Code    18  gd32f4xx_misc.o(i.nvic_irq_disable)
    nvic_irq_enable                          0x08004cad   Thumb Code   156  gd32f4xx_misc.o(i.nvic_irq_enable)
    nvic_priority_group_set                  0x08004d51   Thumb Code    10  gd32f4xx_misc.o(i.nvic_priority_group_set)
    nvic_vector_table_set                    0x08004d65   Thumb Code    12  gd32f4xx_misc.o(i.nvic_vector_table_set)
    pmu_to_deepsleepmode                     0x08004d79   Thumb Code    58  gd32f4xx_pmu.o(i.pmu_to_deepsleepmode)
    rcu_ck48m_clock_config                   0x08004dbd   Thumb Code    18  gd32f4xx_rcu.o(i.rcu_ck48m_clock_config)
    rcu_osci_off                             0x08004dd5   Thumb Code    32  gd32f4xx_rcu.o(i.rcu_osci_off)
    rcu_periph_clock_enable                  0x08004df9   Thumb Code    32  gd32f4xx_rcu.o(i.rcu_periph_clock_enable)
    rcu_periph_reset_disable                 0x08004e1d   Thumb Code    32  gd32f4xx_rcu.o(i.rcu_periph_reset_disable)
    rcu_periph_reset_enable                  0x08004e41   Thumb Code    32  gd32f4xx_rcu.o(i.rcu_periph_reset_enable)
    rcu_pll48m_clock_config                  0x08004e65   Thumb Code    18  gd32f4xx_rcu.o(i.rcu_pll48m_clock_config)
    spi_config                               0x08004e7d   Thumb Code    94  spi.o(i.spi_config)
    spi_cs_high                              0x08004ee1   Thumb Code    10  spi.o(i.spi_cs_high)
    spi_cs_low                               0x08004ef1   Thumb Code    10  spi.o(i.spi_cs_low)
    spi_dma_enable                           0x08004f01   Thumb Code    22  gd32f4xx_spi.o(i.spi_dma_enable)
    spi_enable                               0x08004f17   Thumb Code    10  gd32f4xx_spi.o(i.spi_enable)
    spi_gpio_config                          0x08004f21   Thumb Code   100  spi.o(i.spi_gpio_config)
    spi_i2s_deinit                           0x08004f89   Thumb Code   162  gd32f4xx_spi.o(i.spi_i2s_deinit)
    spi_init                                 0x08005035   Thumb Code    50  gd32f4xx_spi.o(i.spi_init)
    spi_send_data                            0x08005069   Thumb Code    52  spi.o(i.spi_send_data)
    system_clock_16m_irc16m                  0x0800519d   Thumb Code   106  common.o(i.system_clock_16m_irc16m)
    system_clock_config                      0x0800520d   Thumb Code   118  usb.o(i.system_clock_config)
    systick_config                           0x08005295   Thumb Code    74  systick.o(i.systick_config)
    timer_auto_reload_shadow_enable          0x080052e5   Thumb Code    10  gd32f4xx_timer.o(i.timer_auto_reload_shadow_enable)
    timer_disable                            0x080052ef   Thumb Code    10  gd32f4xx_timer.o(i.timer_disable)
    timer_enable                             0x080052f9   Thumb Code    10  gd32f4xx_timer.o(i.timer_enable)
    timer_init                               0x08005305   Thumb Code   122  gd32f4xx_timer.o(i.timer_init)
    timer_interrupt_disable                  0x0800539d   Thumb Code     8  gd32f4xx_timer.o(i.timer_interrupt_disable)
    timer_interrupt_enable                   0x080053a5   Thumb Code     8  gd32f4xx_timer.o(i.timer_interrupt_enable)
    timer_interrupt_flag_clear               0x080053ad   Thumb Code     8  gd32f4xx_timer.o(i.timer_interrupt_flag_clear)
    timer_interrupt_flag_get                 0x080053b5   Thumb Code    24  gd32f4xx_timer.o(i.timer_interrupt_flag_get)
    usb_clock_config                         0x080053cd   Thumb Code    44  usb.o(i.usb_clock_config)
    usb_clock_ungate                         0x080053fd   Thumb Code    48  usb_core.o(i.usb_clock_ungate)
    usb_command_parse                        0x08005435   Thumb Code    54  usb.o(i.usb_command_parse)
    usb_core_init                            0x08005489   Thumb Code   196  usb_core.o(i.usb_core_init)
    usb_core_select                          0x08005599   Thumb Code    66  usb_core.o(i.usb_core_select)
    usb_devcore_init                         0x080055dd   Thumb Code   292  usb_core.o(i.usb_devcore_init)
    usb_ep0_startout                         0x0800574d   Thumb Code    86  usb_core.o(i.usb_ep0_startout)
    usb_fifo_read                            0x080057a9   Thumb Code    28  usb_core.o(i.usb_fifo_read)
    usb_fifo_write                           0x080057c9   Thumb Code    42  usb_core.o(i.usb_fifo_write)
    usb_gpio_config                          0x080057f5   Thumb Code    60  usb.o(i.usb_gpio_config)
    usb_init                                 0x08005835   Thumb Code    38  usb.o(i.usb_init)
    usb_interrupt_config                     0x08005861   Thumb Code    22  usb.o(i.usb_interrupt_config)
    usb_mdelay                               0x08005877   Thumb Code    14  usb_delay.o(i.usb_mdelay)
    usb_mode_set                             0x08005885   Thumb Code    84  usb_core.o(i.usb_mode_set)
    usb_rxfifo_flush                         0x080058d9   Thumb Code    62  usb_core.o(i.usb_rxfifo_flush)
    usb_timer_init                           0x0800591d   Thumb Code    30  usb_delay.o(i.usb_timer_init)
    usb_timer_irq                            0x0800593d   Thumb Code    46  usb_delay.o(i.usb_timer_irq)
    usb_txfifo_flush                         0x08005975   Thumb Code    68  usb_core.o(i.usb_txfifo_flush)
    usb_udelay                               0x080059bd   Thumb Code    14  usb_delay.o(i.usb_udelay)
    usbd_ctlstatus_rx                        0x08005aaf   Thumb Code    30  usbd_core.o(i.usbd_ctlstatus_rx)
    usbd_ctlstatus_tx                        0x08005acd   Thumb Code    30  usbd_core.o(i.usbd_ctlstatus_tx)
    usbd_ctltx                               0x08005aeb   Thumb Code    38  usbd_core.o(i.usbd_ctltx)
    usbd_enum_error                          0x08005bfd   Thumb Code    30  usbd_std.o(i.usbd_enum_error)
    usbd_ep_clear_stall                      0x08005c1b   Thumb Code   158  usbd_core.o(i.usbd_ep_clear_stall)
    usbd_ep_deinit                           0x08005cb9   Thumb Code    98  usbd_core.o(i.usbd_ep_deinit)
    usbd_ep_fifo_flush                       0x08005d21   Thumb Code    30  usbd_core.o(i.usbd_ep_fifo_flush)
    usbd_ep_init                             0x08005d41   Thumb Code   248  usbd_core.o(i.usbd_ep_init)
    usbd_ep_rx                               0x08005e3d   Thumb Code   276  usbd_core.o(i.usbd_ep_rx)
    usbd_ep_stall                            0x08005f55   Thumb Code   100  usbd_core.o(i.usbd_ep_stall)
    usbd_ep_tx                               0x08005fb9   Thumb Code   316  usbd_core.o(i.usbd_ep_tx)
    usbd_in_transaction                      0x080061e9   Thumb Code   160  usbd_std.o(i.usbd_in_transaction)
    usbd_init                                0x08006289   Thumb Code   124  usbd_core.o(i.usbd_init)
    usbd_isr                                 0x080068e5   Thumb Code   212  usbd_int.o(i.usbd_isr)
    usbd_out_transaction                     0x080069b9   Thumb Code   126  usbd_std.o(i.usbd_out_transaction)
    usbd_setup_transaction                   0x08006c99   Thumb Code    84  usbd_std.o(i.usbd_setup_transaction)
    Reset_Handler                            0x08006d25   Thumb Code     8  startup_gd32f450.o(test)
    device_descripter                        0x08006d34   Data          18  usbd_msc_core.o(.constdata)
    configuration_descriptor                 0x08006d46   Data          32  usbd_msc_core.o(.constdata)
    usbd_language_id_desc                    0x08006d66   Data           4  usbd_msc_core.o(.constdata)
    Region$$Table$$Base                      0x08006d70   Number         0  anon$$obj.o(Region$$Table)
    Region$$Table$$Limit                     0x08006d90   Number         0  anon$$obj.o(Region$$Table)
    rec_int_flag                             0x20000000   Data           1  gd32f4xx_it.o(.data)
    spi_int_flag                             0x20000001   Data           1  gd32f4xx_it.o(.data)
    size                                     0x20000004   Data           4  main.o(.data)
    num                                      0x20000008   Data           4  main.o(.data)
    count                                    0x2000000c   Data           4  main.o(.data)
    once_len                                 0x20000010   Data           4  main.o(.data)
    p                                        0x20000014   Data           4  main.o(.data)
    usbhs_core_dev                           0x2000001c   Data         288  usb.o(.data)
    USB_RX_FLAG                              0x200001ba   Data           1  usbd_msc_core.o(.data)
    USB_TX_FLAG                              0x200001bb   Data           1  usbd_msc_core.o(.data)
    usbd_int_fops                            0x200001bc   Data           4  usbd_msc_core.o(.data)
    usbd_strings                             0x200001c0   Data          16  usbd_msc_core.o(.data)
    delay_time                               0x200001d0   Data           4  usb_delay.o(.data)
    timer_prescaler                          0x200001d4   Data           4  usb_delay.o(.data)
    SystemCoreClock                          0x200001d8   Data           4  system_gd32f4xx.o(.data)
    n                                        0x2000021c   Data           4  usbd_std.o(.data)
    usb_rx                                   0x20000228   Data       57600  usbd_msc_core.o(.bss)
    usb_tx                                   0x2000e328   Data       57600  usbd_msc_core.o(.bss)
    rec_bmRequestType                        0x2001c428   Data        1024  usbd_std.o(.bss)
    rec_bRequest                             0x2001c828   Data        1024  usbd_std.o(.bss)
    __initial_sp                             0x2001d028   Data           0  startup_gd32f450.o(STACK)



==============================================================================

Memory Map of the image

  Image Entry point : 0x080041ad

  Load Region LR_IROM1 (Base: 0x08004000, Size: 0x00002fb8, Max: 0x00080000, ABSOLUTE, COMPRESSED[0x00002e60])

    Execution Region ER_IROM1 (Exec base: 0x08004000, Load base: 0x08004000, Size: 0x00002d90, Max: 0x00080000, ABSOLUTE)

    Exec Addr    Load Addr    Size         Type   Attr      Idx    E Section Name        Object

    0x08004000   0x08004000   0x000001ac   Data   RO          879    RESET               startup_gd32f450.o
    0x080041ac   0x080041ac   0x00000000   Code   RO         6752  * .ARM.Collect$$$$00000000  mc_w.l(entry.o)
    0x080041ac   0x080041ac   0x00000004   Code   RO         6769    .ARM.Collect$$$$00000001  mc_w.l(entry2.o)
    0x080041b0   0x080041b0   0x00000004   Code   RO         6772    .ARM.Collect$$$$00000004  mc_w.l(entry5.o)
    0x080041b4   0x080041b4   0x00000000   Code   RO         6774    .ARM.Collect$$$$00000008  mc_w.l(entry7b.o)
    0x080041b4   0x080041b4   0x00000000   Code   RO         6776    .ARM.Collect$$$$0000000A  mc_w.l(entry8b.o)
    0x080041b4   0x080041b4   0x00000008   Code   RO         6777    .ARM.Collect$$$$0000000B  mc_w.l(entry9a.o)
    0x080041bc   0x080041bc   0x00000000   Code   RO         6779    .ARM.Collect$$$$0000000D  mc_w.l(entry10a.o)
    0x080041bc   0x080041bc   0x00000000   Code   RO         6781    .ARM.Collect$$$$0000000F  mc_w.l(entry11a.o)
    0x080041bc   0x080041bc   0x00000004   Code   RO         6770    .ARM.Collect$$$$00002712  mc_w.l(entry2.o)
    0x080041c0   0x080041c0   0x00000014   Code   RO          881    .text               startup_gd32f450.o
    0x080041d4   0x080041d4   0x00000024   Code   RO         6755    .text               mc_w.l(memcpya.o)
    0x080041f8   0x080041f8   0x00000024   Code   RO         6792    .text               mc_w.l(init.o)
    0x0800421c   0x0800421c   0x00000056   Code   RO         6802    .text               mc_w.l(__dczerorl2.o)
    0x08004272   0x08004272   0x00000002   PAD
    0x08004274   0x08004274   0x0000002c   Code   RO          296    i.DMA0_Channel3_IRQHandler  gd32f4xx_it.o
    0x080042a0   0x080042a0   0x0000001c   Code   RO          297    i.DMA0_Channel4_IRQHandler  gd32f4xx_it.o
    0x080042bc   0x080042bc   0x00000014   Code   RO          298    i.EXTI3_IRQHandler  gd32f4xx_it.o
    0x080042d0   0x080042d0   0x00000014   Code   RO          210    i.FingerTech_BspInit  common.o
    0x080042e4   0x080042e4   0x00000028   Code   RO          498    i.NVIC_SetPriority  systick.o
    0x0800430c   0x0800430c   0x00000008   Code   RO          299    i.SysTick_Handler   gd32f4xx_it.o
    0x08004314   0x08004314   0x00000078   Code   RO          838    i.SystemInit        system_gd32f4xx.o
    0x0800438c   0x0800438c   0x00000008   Code   RO          300    i.TIMER2_IRQHandler  gd32f4xx_it.o
    0x08004394   0x08004394   0x00000010   Code   RO          301    i.USBFS_IRQHandler  gd32f4xx_it.o
    0x080043a4   0x080043a4   0x00000038   Code   RO          302    i.USBFS_WKUP_IRQHandler  gd32f4xx_it.o
    0x080043dc   0x080043dc   0x0000000e   Code   RO         6796    i.__scatterload_copy  mc_w.l(handlers.o)
    0x080043ea   0x080043ea   0x00000002   Code   RO         6797    i.__scatterload_null  mc_w.l(handlers.o)
    0x080043ec   0x080043ec   0x0000000e   Code   RO         6798    i.__scatterload_zeroinit  mc_w.l(handlers.o)
    0x080043fa   0x080043fa   0x00000002   PAD
    0x080043fc   0x080043fc   0x00000014   Code   RO            6    i.camera_reset_pin_init  camera.o
    0x08004410   0x08004410   0x0000002c   Code   RO          211    i.cdfigner_gpio_set  common.o
    0x0800443c   0x0800443c   0x00000018   Code   RO          500    i.delay_decrement   systick.o
    0x08004454   0x08004454   0x00000020   Code   RO         1949    i.dma_channel_enable  gd32f4xx_dma.o
    0x08004474   0x08004474   0x00000026   Code   RO         1950    i.dma_channel_subperipheral_select  gd32f4xx_dma.o
    0x0800449a   0x0800449a   0x000000a4   Code   RO         1953    i.dma_deinit        gd32f4xx_dma.o
    0x0800453e   0x0800453e   0x0000003e   Code   RO         1955    i.dma_flag_clear    gd32f4xx_dma.o
    0x0800457c   0x0800457c   0x0000003e   Code   RO         1958    i.dma_interrupt_disable  gd32f4xx_dma.o
    0x080045ba   0x080045ba   0x0000003e   Code   RO         1959    i.dma_interrupt_enable  gd32f4xx_dma.o
    0x080045f8   0x080045f8   0x0000003e   Code   RO         1960    i.dma_interrupt_flag_clear  gd32f4xx_dma.o
    0x08004636   0x08004636   0x00000002   PAD
    0x08004638   0x08004638   0x00000080   Code   RO          421    i.dma_rx_config     spi.o
    0x080046b8   0x080046b8   0x00000160   Code   RO         1972    i.dma_single_data_mode_init  gd32f4xx_dma.o
    0x08004818   0x08004818   0x00000080   Code   RO          422    i.dma_tx_config     spi.o
    0x08004898   0x08004898   0x0000000c   Code   RO         3022    i.exti_interrupt_flag_clear  gd32f4xx_exti.o
    0x080048a4   0x080048a4   0x0000005e   Code   RO         3392    i.gpio_af_set       gd32f4xx_gpio.o
    0x08004902   0x08004902   0x0000004e   Code   RO         3400    i.gpio_mode_set     gd32f4xx_gpio.o
    0x08004950   0x08004950   0x00000042   Code   RO         3402    i.gpio_output_options_set  gd32f4xx_gpio.o
    0x08004992   0x08004992   0x00000002   PAD
    0x08004994   0x08004994   0x0000002c   Code   RO          767    i.hwp_delay         usb_delay.o
    0x080049c0   0x080049c0   0x00000068   Code   RO          768    i.hwp_time_set      usb_delay.o
    0x08004a28   0x08004a28   0x00000148   Code   RO          387    i.main              main.o
    0x08004b70   0x08004b70   0x00000034   Code   RO          718    i.msc_data_handler  usbd_msc_core.o
    0x08004ba4   0x08004ba4   0x0000002c   Code   RO          719    i.msc_deinit        usbd_msc_core.o
    0x08004bd0   0x08004bd0   0x00000030   Code   RO          720    i.msc_init          usbd_msc_core.o
    0x08004c00   0x08004c00   0x00000094   Code   RO          721    i.msc_req_handler   usbd_msc_core.o
    0x08004c94   0x08004c94   0x00000018   Code   RO         3940    i.nvic_irq_disable  gd32f4xx_misc.o
    0x08004cac   0x08004cac   0x000000a4   Code   RO         3941    i.nvic_irq_enable   gd32f4xx_misc.o
    0x08004d50   0x08004d50   0x00000014   Code   RO         3942    i.nvic_priority_group_set  gd32f4xx_misc.o
    0x08004d64   0x08004d64   0x00000014   Code   RO         3943    i.nvic_vector_table_set  gd32f4xx_misc.o
    0x08004d78   0x08004d78   0x00000044   Code   RO         4011    i.pmu_to_deepsleepmode  gd32f4xx_pmu.o
    0x08004dbc   0x08004dbc   0x00000018   Code   RO         4136    i.rcu_ck48m_clock_config  gd32f4xx_rcu.o
    0x08004dd4   0x08004dd4   0x00000024   Code   RO         4154    i.rcu_osci_off      gd32f4xx_rcu.o
    0x08004df8   0x08004df8   0x00000024   Code   RO         4158    i.rcu_periph_clock_enable  gd32f4xx_rcu.o
    0x08004e1c   0x08004e1c   0x00000024   Code   RO         4161    i.rcu_periph_reset_disable  gd32f4xx_rcu.o
    0x08004e40   0x08004e40   0x00000024   Code   RO         4162    i.rcu_periph_reset_enable  gd32f4xx_rcu.o
    0x08004e64   0x08004e64   0x00000018   Code   RO         4163    i.rcu_pll48m_clock_config  gd32f4xx_rcu.o
    0x08004e7c   0x08004e7c   0x00000064   Code   RO          424    i.spi_config        spi.o
    0x08004ee0   0x08004ee0   0x00000010   Code   RO          425    i.spi_cs_high       spi.o
    0x08004ef0   0x08004ef0   0x00000010   Code   RO          426    i.spi_cs_low        spi.o
    0x08004f00   0x08004f00   0x00000016   Code   RO         4997    i.spi_dma_enable    gd32f4xx_spi.o
    0x08004f16   0x08004f16   0x0000000a   Code   RO         4998    i.spi_enable        gd32f4xx_spi.o
    0x08004f20   0x08004f20   0x00000068   Code   RO          427    i.spi_gpio_config   spi.o
    0x08004f88   0x08004f88   0x000000ac   Code   RO         5002    i.spi_i2s_deinit    gd32f4xx_spi.o
    0x08005034   0x08005034   0x00000032   Code   RO         5007    i.spi_init          gd32f4xx_spi.o
    0x08005066   0x08005066   0x00000002   PAD
    0x08005068   0x08005068   0x00000038   Code   RO          429    i.spi_send_data     spi.o
    0x080050a0   0x080050a0   0x000000fc   Code   RO          839    i.system_clock_168m_irc16m  system_gd32f4xx.o
    0x0800519c   0x0800519c   0x00000070   Code   RO          216    i.system_clock_16m_irc16m  common.o
    0x0800520c   0x0800520c   0x00000080   Code   RO          650    i.system_clock_config  usb.o
    0x0800528c   0x0800528c   0x00000008   Code   RO          840    i.system_clock_config  system_gd32f4xx.o
    0x08005294   0x08005294   0x00000050   Code   RO          501    i.systick_config    systick.o
    0x080052e4   0x080052e4   0x0000000a   Code   RO         5281    i.timer_auto_reload_shadow_enable  gd32f4xx_timer.o
    0x080052ee   0x080052ee   0x0000000a   Code   RO         5310    i.timer_disable     gd32f4xx_timer.o
    0x080052f8   0x080052f8   0x0000000a   Code   RO         5314    i.timer_enable      gd32f4xx_timer.o
    0x08005302   0x08005302   0x00000002   PAD
    0x08005304   0x08005304   0x00000098   Code   RO         5324    i.timer_init        gd32f4xx_timer.o
    0x0800539c   0x0800539c   0x00000008   Code   RO         5330    i.timer_interrupt_disable  gd32f4xx_timer.o
    0x080053a4   0x080053a4   0x00000008   Code   RO         5331    i.timer_interrupt_enable  gd32f4xx_timer.o
    0x080053ac   0x080053ac   0x00000008   Code   RO         5332    i.timer_interrupt_flag_clear  gd32f4xx_timer.o
    0x080053b4   0x080053b4   0x00000018   Code   RO         5333    i.timer_interrupt_flag_get  gd32f4xx_timer.o
    0x080053cc   0x080053cc   0x00000030   Code   RO          651    i.usb_clock_config  usb.o
    0x080053fc   0x080053fc   0x00000038   Code   RO         6322    i.usb_clock_ungate  usb_core.o
    0x08005434   0x08005434   0x00000040   Code   RO          652    i.usb_command_parse  usb.o
    0x08005474   0x08005474   0x00000014   Code   RO         6323    i.usb_commonint_enable  usb_core.o
    0x08005488   0x08005488   0x000000c4   Code   RO         6324    i.usb_core_init     usb_core.o
    0x0800554c   0x0800554c   0x0000004c   Code   RO         6325    i.usb_core_reset    usb_core.o
    0x08005598   0x08005598   0x00000042   Code   RO         6326    i.usb_core_select   usb_core.o
    0x080055da   0x080055da   0x00000002   PAD
    0x080055dc   0x080055dc   0x0000012c   Code   RO         6327    i.usb_devcore_init  usb_core.o
    0x08005708   0x08005708   0x00000044   Code   RO         6329    i.usb_devint_enable  usb_core.o
    0x0800574c   0x0800574c   0x0000005c   Code   RO         6330    i.usb_ep0_startout  usb_core.o
    0x080057a8   0x080057a8   0x00000020   Code   RO         6331    i.usb_fifo_read     usb_core.o
    0x080057c8   0x080057c8   0x0000002a   Code   RO         6332    i.usb_fifo_write    usb_core.o
    0x080057f2   0x080057f2   0x00000002   PAD
    0x080057f4   0x080057f4   0x00000040   Code   RO          653    i.usb_gpio_config   usb.o
    0x08005834   0x08005834   0x0000002c   Code   RO          654    i.usb_init          usb.o
    0x08005860   0x08005860   0x00000016   Code   RO          655    i.usb_interrupt_config  usb.o
    0x08005876   0x08005876   0x0000000e   Code   RO          769    i.usb_mdelay        usb_delay.o
    0x08005884   0x08005884   0x00000054   Code   RO         6333    i.usb_mode_set      usb_core.o
    0x080058d8   0x080058d8   0x00000044   Code   RO         6335    i.usb_rxfifo_flush  usb_core.o
    0x0800591c   0x0800591c   0x0000001e   Code   RO          770    i.usb_timer_init    usb_delay.o
    0x0800593a   0x0800593a   0x00000002   PAD
    0x0800593c   0x0800593c   0x00000038   Code   RO          771    i.usb_timer_irq     usb_delay.o
    0x08005974   0x08005974   0x00000048   Code   RO         6336    i.usb_txfifo_flush  usb_core.o
    0x080059bc   0x080059bc   0x0000000e   Code   RO          772    i.usb_udelay        usb_delay.o
    0x080059ca   0x080059ca   0x000000d4   Code   RO         6530    i.usbd_clrfeature   usbd_std.o
    0x08005a9e   0x08005a9e   0x00000010   Code   RO         6531    i.usbd_configuration_descriptor_get  usbd_std.o
    0x08005aae   0x08005aae   0x0000001e   Code   RO         6430    i.usbd_ctlstatus_rx  usbd_core.o
    0x08005acc   0x08005acc   0x0000001e   Code   RO         6431    i.usbd_ctlstatus_tx  usbd_core.o
    0x08005aea   0x08005aea   0x00000026   Code   RO         6432    i.usbd_ctltx        usbd_core.o
    0x08005b10   0x08005b10   0x00000048   Code   RO         6532    i.usbd_device_class_request  usbd_std.o
    0x08005b58   0x08005b58   0x00000010   Code   RO         6533    i.usbd_device_descriptor_get  usbd_std.o
    0x08005b68   0x08005b68   0x00000094   Code   RO         6667    i.usbd_emptytxfifo_write  usbd_int.o
    0x08005bfc   0x08005bfc   0x0000001e   Code   RO         6534    i.usbd_enum_error   usbd_std.o
    0x08005c1a   0x08005c1a   0x0000009e   Code   RO         6433    i.usbd_ep_clear_stall  usbd_core.o
    0x08005cb8   0x08005cb8   0x00000068   Code   RO         6434    i.usbd_ep_deinit    usbd_core.o
    0x08005d20   0x08005d20   0x0000001e   Code   RO         6435    i.usbd_ep_fifo_flush  usbd_core.o
    0x08005d3e   0x08005d3e   0x00000002   PAD
    0x08005d40   0x08005d40   0x000000fc   Code   RO         6436    i.usbd_ep_init      usbd_core.o
    0x08005e3c   0x08005e3c   0x00000118   Code   RO         6437    i.usbd_ep_rx        usbd_core.o
    0x08005f54   0x08005f54   0x00000064   Code   RO         6438    i.usbd_ep_stall     usbd_core.o
    0x08005fb8   0x08005fb8   0x00000144   Code   RO         6439    i.usbd_ep_tx        usbd_core.o
    0x080060fc   0x080060fc   0x0000004e   Code   RO         6535    i.usbd_getconfig    usbd_std.o
    0x0800614a   0x0800614a   0x00000002   PAD
    0x0800614c   0x0800614c   0x00000088   Code   RO         6536    i.usbd_getdescriptor  usbd_std.o
    0x080061d4   0x080061d4   0x00000012   Code   RO         6537    i.usbd_getinterface  usbd_std.o
    0x080061e6   0x080061e6   0x00000002   Code   RO         6538    i.usbd_getstatus    usbd_std.o
    0x080061e8   0x080061e8   0x000000a0   Code   RO         6539    i.usbd_in_transaction  usbd_std.o
    0x08006288   0x08006288   0x00000080   Code   RO         6440    i.usbd_init         usbd_core.o
    0x08006308   0x08006308   0x0000001c   Code   RO         6668    i.usbd_intf_earlysuspend  usbd_int.o
    0x08006324   0x08006324   0x000000a0   Code   RO         6669    i.usbd_intf_enumfinish  usbd_int.o
    0x080063c4   0x080063c4   0x0000010c   Code   RO         6670    i.usbd_intf_inep    usbd_int.o
    0x080064d0   0x080064d0   0x00000010   Code   RO         6671    i.usbd_intf_isoinincomplete  usbd_int.o
    0x080064e0   0x080064e0   0x00000010   Code   RO         6672    i.usbd_intf_isooutincomplete  usbd_int.o
    0x080064f0   0x080064f0   0x0000010c   Code   RO         6673    i.usbd_intf_outep   usbd_int.o
    0x080065fc   0x080065fc   0x00000144   Code   RO         6674    i.usbd_intf_reset   usbd_int.o
    0x08006740   0x08006740   0x00000016   Code   RO         6675    i.usbd_intf_resume  usbd_int.o
    0x08006756   0x08006756   0x00000002   PAD
    0x08006758   0x08006758   0x00000104   Code   RO         6676    i.usbd_intf_rxfifo  usbd_int.o
    0x0800685c   0x0800685c   0x00000024   Code   RO         6677    i.usbd_intf_sof     usbd_int.o
    0x08006880   0x08006880   0x00000064   Code   RO         6678    i.usbd_intf_suspend  usbd_int.o
    0x080068e4   0x080068e4   0x000000d4   Code   RO         6679    i.usbd_isr          usbd_int.o
    0x080069b8   0x080069b8   0x0000007e   Code   RO         6540    i.usbd_out_transaction  usbd_std.o
    0x08006a36   0x08006a36   0x00000002   Code   RO         6541    i.usbd_reserved     usbd_std.o
    0x08006a38   0x08006a38   0x00000054   Code   RO         6542    i.usbd_setaddress   usbd_std.o
    0x08006a8c   0x08006a8c   0x000000ac   Code   RO         6543    i.usbd_setconfig    usbd_std.o
    0x08006b38   0x08006b38   0x00000002   Code   RO         6544    i.usbd_setdescriptor  usbd_std.o
    0x08006b3a   0x08006b3a   0x00000002   PAD
    0x08006b3c   0x08006b3c   0x000000e8   Code   RO         6545    i.usbd_setfeature   usbd_std.o
    0x08006c24   0x08006c24   0x00000012   Code   RO         6546    i.usbd_setinterface  usbd_std.o
    0x08006c36   0x08006c36   0x00000002   PAD
    0x08006c38   0x08006c38   0x00000060   Code   RO         6547    i.usbd_setup_request_parse  usbd_std.o
    0x08006c98   0x08006c98   0x00000054   Code   RO         6548    i.usbd_setup_transaction  usbd_std.o
    0x08006cec   0x08006cec   0x0000001c   Code   RO         6549    i.usbd_standard_request  usbd_std.o
    0x08006d08   0x08006d08   0x00000012   Code   RO         6550    i.usbd_string_descriptor_get  usbd_std.o
    0x08006d1a   0x08006d1a   0x00000002   Code   RO         6551    i.usbd_synchframe   usbd_std.o
    0x08006d1c   0x08006d1c   0x00000006   Code   RO         6552    i.usbd_vendor_request  usbd_std.o
    0x08006d22   0x08006d22   0x00000002   PAD
    0x08006d24   0x08006d24   0x00000010   Code   RO          880    test                startup_gd32f450.o
    0x08006d34   0x08006d34   0x00000036   Data   RO          723    .constdata          usbd_msc_core.o
    0x08006d6a   0x08006d6a   0x00000004   Data   RO         6680    .constdata          usbd_int.o
    0x08006d6e   0x08006d6e   0x00000002   PAD
    0x08006d70   0x08006d70   0x00000020   Data   RO         6794    Region$$Table       anon$$obj.o


    Execution Region RW_IRAM2 (Exec base: 0x10000000, Load base: 0x08006e60, Size: 0x00000000, Max: 0x00010000, ABSOLUTE)

    **** No section assigned to this execution region ****


    Execution Region RW_IRAM1 (Exec base: 0x20000000, Load base: 0x08006d90, Size: 0x0001d028, Max: 0x00070000, ABSOLUTE, COMPRESSED[0x000000d0])

    Exec Addr    Load Addr    Size         Type   Attr      Idx    E Section Name        Object

    0x20000000   COMPRESSED   0x00000002   Data   RW          303    .data               gd32f4xx_it.o
    0x20000002   COMPRESSED   0x00000002   PAD
    0x20000004   COMPRESSED   0x00000014   Data   RW          388    .data               main.o
    0x20000018   COMPRESSED   0x00000004   Data   RW          502    .data               systick.o
    0x2000001c   COMPRESSED   0x00000120   Data   RW          656    .data               usb.o
    0x2000013c   COMPRESSED   0x00000094   Data   RW          724    .data               usbd_msc_core.o
    0x200001d0   COMPRESSED   0x00000008   Data   RW          773    .data               usb_delay.o
    0x200001d8   COMPRESSED   0x00000004   Data   RW          841    .data               system_gd32f4xx.o
    0x200001dc   COMPRESSED   0x00000045   Data   RW         6554    .data               usbd_std.o
    0x20000221   COMPRESSED   0x00000004   Data   RW         6681    .data               usbd_int.o
    0x20000225   COMPRESSED   0x00000003   PAD
    0x20000228        -       0x0001c200   Zero   RW          722    .bss                usbd_msc_core.o
    0x2001c428        -       0x00000800   Zero   RW         6553    .bss                usbd_std.o
    0x2001cc28        -       0x00000400   Zero   RW          877    STACK               startup_gd32f450.o


==============================================================================

Image component sizes


      Code (inc. data)   RO Data    RW Data    ZI Data      Debug   Object Name

        20          4          0          0          0      49772   camera.o
       176          6          0          0          0       1727   common.o
       834          6          0          0          0       5156   gd32f4xx_dma.o
        12          6          0          0          0        524   gd32f4xx_exti.o
       238          0          0          0          0       2280   gd32f4xx_gpio.o
       180         28          0          2          0      10250   gd32f4xx_it.o
       228         32          0          0          0       2395   gd32f4xx_misc.o
        68         10          0          0          0        583   gd32f4xx_pmu.o
       192         28          0          0          0       3185   gd32f4xx_rcu.o
       254         10          0          0          0       2682   gd32f4xx_spi.o
       230         30          0          0          0       4929   gd32f4xx_timer.o
       328         44          0         20          0       1464   main.o
       548         42          0          0          0       4490   spi.o
        36          8        428          0       1024       1244   startup_gd32f450.o
       380         30          0          4          0       1959   system_gd32f4xx.o
       144         20          0          4          0      91942   systick.o
       370         34          0        288          0       3806   usb.o
      1172         52          0          0          0       8661   usb_core.o
       262         28          0          8          0       8176   usb_delay.o
      1474         26          0          0          0      12010   usbd_core.o
      1858         62          4          4          0       9851   usbd_int.o
       292         36         54        148     115200       5161   usbd_msc_core.o
      1610         40          0         69       2048      15031   usbd_std.o

    ----------------------------------------------------------------------
     10932        582        520        552     118272     247278   Object Totals
         0          0         32          0          0          0   (incl. Generated)
        26          0          2          5          0          0   (incl. Padding)

    ----------------------------------------------------------------------

      Code (inc. data)   RO Data    RW Data    ZI Data      Debug   Library Member Name

        86          0          0          0          0          0   __dczerorl2.o
         0          0          0          0          0          0   entry.o
         0          0          0          0          0          0   entry10a.o
         0          0          0          0          0          0   entry11a.o
         8          4          0          0          0          0   entry2.o
         4          0          0          0          0          0   entry5.o
         0          0          0          0          0          0   entry7b.o
         0          0          0          0          0          0   entry8b.o
         8          4          0          0          0          0   entry9a.o
        30          0          0          0          0          0   handlers.o
        36          8          0          0          0         68   init.o
        36          0          0          0          0         68   memcpya.o

    ----------------------------------------------------------------------
       212         16          0          0          0        136   Library Totals
         4          0          0          0          0          0   (incl. Padding)

    ----------------------------------------------------------------------

      Code (inc. data)   RO Data    RW Data    ZI Data      Debug   Library Name

       208         16          0          0          0        136   mc_w.l

    ----------------------------------------------------------------------
       212         16          0          0          0        136   Library Totals

    ----------------------------------------------------------------------

==============================================================================


      Code (inc. data)   RO Data    RW Data    ZI Data      Debug   

     11144        598        520        552     118272     234398   Grand Totals
     11144        598        520        208     118272     234398   ELF Image Totals (compressed)
     11144        598        520        208          0          0   ROM Totals

==============================================================================

    Total RO  Size (Code + RO Data)                11664 (  11.39kB)
    Total RW  Size (RW Data + ZI Data)            118824 ( 116.04kB)
    Total ROM Size (Code + RO Data + RW Data)      11872 (  11.59kB)

==============================================================================

