Component: ARM Compiler 5.06 update 6 (build 750) Tool: armlink [4d35ed]

==============================================================================

Section Cross References

    board.o(i.BOARD_ConfigMPU) refers to board.o(i.SCB_DisableDCache) for SCB_DisableDCache
    board.o(i.BOARD_ConfigMPU) refers to board.o(i.SCB_EnableDCache) for SCB_EnableDCache
    board.o(i.BOARD_ConfigMPU) refers to board.o(i.SCB_EnableICache) for SCB_EnableICache
    board.o(i.BOARD_DebugConsoleSrcFreq) refers to fsl_clock.o(i.CLOCK_GetPllFreq) for CLOCK_GetPllFreq
    board.o(i.BOARD_DebugConsoleSrcFreq) refers to board.o(i.CLOCK_GetDiv) for CLOCK_GetDiv
    board.o(i.BOARD_DebugConsoleSrcFreq) refers to fsl_clock.o(.data) for g_xtalFreq
    board.o(i.BOARD_InitDebugConsole) refers to board.o(i.BOARD_DebugConsoleSrcFreq) for BOARD_DebugConsoleSrcFreq
    board.o(i.BOARD_InitDebugConsole) refers to fsl_debug_console.o(i.DbgConsole_Init) for DbgConsole_Init
    clock_config.o(i.BOARD_BootClockRUN) refers to clock_config.o(i.CLOCK_SetMux) for CLOCK_SetMux
    clock_config.o(i.BOARD_BootClockRUN) refers to fsl_clock.o(i.CLOCK_InitArmPll) for CLOCK_InitArmPll
    clock_config.o(i.BOARD_BootClockRUN) refers to clock_config.o(i.CLOCK_SetDiv) for CLOCK_SetDiv
    clock_config.o(i.BOARD_BootClockRUN) refers to fsl_clock.o(.data) for g_rtcXtalFreq
    clock_config.o(i.BOARD_BootClockRUN) refers to clock_config.o(.constdata) for armPllConfig_BOARD_BootClockRUN
    clock_config.o(i.BOARD_BootClockRUN) refers to system_mimxrt1052.o(.data) for SystemCoreClock
    clock_config.o(i.BOARD_InitBootClocks) refers to clock_config.o(i.BOARD_BootClockRUN) for BOARD_BootClockRUN
    clock_config.o(i.CLOCK_SetDiv) refers to fsl_assert.o(i.__aeabi_assert) for __aeabi_assert
    clock_config.o(i.CLOCK_SetMux) refers to fsl_assert.o(i.__aeabi_assert) for __aeabi_assert
    pin_mux.o(i.BOARD_InitBootPins) refers to pin_mux.o(i.BOARD_InitPins) for BOARD_InitPins
    pin_mux.o(i.BOARD_InitPins) refers to pin_mux.o(i.CLOCK_EnableClock) for CLOCK_EnableClock
    pin_mux.o(i.BOARD_InitPins) refers to pin_mux.o(i.IOMUXC_SetPinMux) for IOMUXC_SetPinMux
    pin_mux.o(i.BOARD_InitPins) refers to pin_mux.o(i.IOMUXC_SetPinConfig) for IOMUXC_SetPinConfig
    pin_mux.o(i.CLOCK_EnableClock) refers to fsl_assert.o(i.__aeabi_assert) for __aeabi_assert
    fingertech_common.o(i.Cdfinger_AttributeTransfer) refers to fingertech_common.o(i.L1CACHE_CleanDCacheByRange) for L1CACHE_CleanDCacheByRange
    fingertech_common.o(i.Cdfinger_AttributeTransfer) refers to fingertech_spiconfig.o(i.DMA_transfer_data) for DMA_transfer_data
    fingertech_common.o(i.Cdfinger_AttributeTransfer) refers to memseta.o(.text) for __aeabi_memclr
    fingertech_common.o(i.Cdfinger_AttributeTransfer) refers to fsl_gpio.o(i.GPIO_PinWrite) for GPIO_PinWrite
    fingertech_common.o(i.Cdfinger_AttributeTransfer) refers to fingertech_common.o(i.LPSPI_EnableDMA) for LPSPI_EnableDMA
    fingertech_common.o(i.Cdfinger_AttributeTransfer) refers to fingertech_common.o(i.LPSPI_Enable) for LPSPI_Enable
    fingertech_common.o(i.Cdfinger_AttributeTransfer) refers to fingertech_spiconfig.o(.data) for flag
    fingertech_common.o(i.Cdfinger_AttributeTransfer) refers to fingertech_camera.o(.bss) for camera_cfg
    fingertech_common.o(i.Cdfinger_AttributeTransfer) refers to fingertech_common.o(NonCacheable.init) for DeNoise_Rx
    fingertech_common.o(i.Cdfinger_ChangeExposureTime) refers to fingertech_flashconfig.o(i.update_camera_cfg) for update_camera_cfg
    fingertech_common.o(i.Cdfinger_ChangeExposureTime) refers to memseta.o(.text) for __aeabi_memclr
    fingertech_common.o(i.Cdfinger_ChangeExposureTime) refers to fingertech_spiconfig.o(i.DMA_transfer_data) for DMA_transfer_data
    fingertech_common.o(i.Cdfinger_ChangeExposureTime) refers to fingertech_common.o(i.LPSPI_EnableDMA) for LPSPI_EnableDMA
    fingertech_common.o(i.Cdfinger_ChangeExposureTime) refers to fingertech_common.o(i.LPSPI_Enable) for LPSPI_Enable
    fingertech_common.o(i.Cdfinger_ChangeExposureTime) refers to fingertech_common.o(NonCacheable.init) for slaveRxData
    fingertech_common.o(i.Cdfinger_ChangeExposureTime) refers to fingertech_camera.o(.bss) for camera_cfg
    fingertech_common.o(i.Cdfinger_ChangeExposureTime) refers to fingertech_spiconfig.o(.data) for flag
    fingertech_common.o(i.Cdfinger_EnrollPrepareTransfer) refers to fingertech_common.o(i.Cdfinger_GetImage) for Cdfinger_GetImage
    fingertech_common.o(i.Cdfinger_EnrollPrepareTransfer) refers to fingertech_spiconfig.o(i.DMA_transfer_data) for DMA_transfer_data
    fingertech_common.o(i.Cdfinger_EnrollPrepareTransfer) refers to memseta.o(.text) for __aeabi_memclr
    fingertech_common.o(i.Cdfinger_EnrollPrepareTransfer) refers to fsl_gpio.o(i.GPIO_PinWrite) for GPIO_PinWrite
    fingertech_common.o(i.Cdfinger_EnrollPrepareTransfer) refers to fingertech_common.o(i.LPSPI_EnableDMA) for LPSPI_EnableDMA
[...]
    _printf_charcount                        0x00000000   Number         0  stubs.o ABSOLUTE
    _printf_d                                0x00000000   Number         0  stubs.o ABSOLUTE
    _printf_e                                0x00000000   Number         0  stubs.o ABSOLUTE
    _printf_f                                0x00000000   Number         0  stubs.o ABSOLUTE
    _printf_flags                            0x00000000   Number         0  stubs.o ABSOLUTE
    _printf_fp_dec                           0x00000000   Number         0  stubs.o ABSOLUTE
    _printf_fp_hex                           0x00000000   Number         0  stubs.o ABSOLUTE
    _printf_g                                0x00000000   Number         0  stubs.o ABSOLUTE
    _printf_i                                0x00000000   Number         0  stubs.o ABSOLUTE
    _printf_int_dec                          0x00000000   Number         0  stubs.o ABSOLUTE
    _printf_l                                0x00000000   Number         0  stubs.o ABSOLUTE
    _printf_lc                               0x00000000   Number         0  stubs.o ABSOLUTE
    _printf_ll                               0x00000000   Number         0  stubs.o ABSOLUTE
    _printf_lld                              0x00000000   Number         0  stubs.o ABSOLUTE
    _printf_lli                              0x00000000   Number         0  stubs.o ABSOLUTE
    _printf_llo                              0x00000000   Number         0  stubs.o ABSOLUTE
    _printf_llu                              0x00000000   Number         0  stubs.o ABSOLUTE
    _printf_llx                              0x00000000   Number         0  stubs.o ABSOLUTE
    _printf_longlong_dec                     0x00000000   Number         0  stubs.o ABSOLUTE
    _printf_longlong_hex                     0x00000000   Number         0  stubs.o ABSOLUTE
    _printf_longlong_oct                     0x00000000   Number         0  stubs.o ABSOLUTE
    _printf_ls                               0x00000000   Number         0  stubs.o ABSOLUTE
    _printf_mbtowc                           0x00000000   Number         0  stubs.o ABSOLUTE
    _printf_n                                0x00000000   Number         0  stubs.o ABSOLUTE
    _printf_o                                0x00000000   Number         0  stubs.o ABSOLUTE
    _printf_p                                0x00000000   Number         0  stubs.o ABSOLUTE
    _printf_percent                          0x00000000   Number         0  stubs.o ABSOLUTE
    _printf_pre_padding                      0x00000000   Number         0  stubs.o ABSOLUTE
    _printf_return_value                     0x00000000   Number         0  stubs.o ABSOLUTE
    _printf_s                                0x00000000   Number         0  stubs.o ABSOLUTE
    _printf_sizespec                         0x00000000   Number         0  stubs.o ABSOLUTE
    _printf_str                              0x00000000   Number         0  stubs.o ABSOLUTE
    _printf_truncate_signed                  0x00000000   Number         0  stubs.o ABSOLUTE
    _printf_truncate_unsigned                0x00000000   Number         0  stubs.o ABSOLUTE
    _printf_u                                0x00000000   Number         0  stubs.o ABSOLUTE
    _printf_wc                               0x00000000   Number         0  stubs.o ABSOLUTE
    _printf_wctomb                           0x00000000   Number         0  stubs.o ABSOLUTE
    _printf_widthprec                        0x00000000   Number         0  stubs.o ABSOLUTE
    _printf_x                                0x00000000   Number         0  stubs.o ABSOLUTE
    __cpp_initialize__aeabi_                  - Undefined Weak Reference
    __cxa_finalize                            - Undefined Weak Reference
    _clock_init                               - Undefined Weak Reference
    _microlib_exit                            - Undefined Weak Reference
    __Vectors_Size                           0x00000400   Number         0  startup_mimxrt1052.o ABSOLUTE
    s_frameBuffer                            0x20200000   Data       100352  fingertech_common.o(Cacheable)
    Image$$RW_m_config_text$$Base            0x60000000   Number         0  anon$$obj.o ABSOLUTE
    finggertechflash_config                  0x60000000   Data         512  evkbimxrt1050_flexspi_nor_config.o(.boot_hdr.conf)
    image_vector_table                       0x60001000   Data          32  fsl_flexspi_nor_boot.o(.boot_hdr.ivt)
    boot_data                                0x60001020   Data          16  fsl_flexspi_nor_boot.o(.boot_hdr.boot_data)
    dcd_data                                 0x60001030   Data        1072  evkbimxrt1050_sdram_ini_dcd.o(.boot_hdr.dcd_data)
    __Vectors                                0x60002000   Data           4  startup_mimxrt1052.o(RESET)
    __Vectors_End                            0x60002400   Data           0  startup_mimxrt1052.o(RESET)
    __main                                   0x60002401   Thumb Code     0  entry.o(.ARM.Collect$$$$00000000)
    _main_stk                                0x60002401   Thumb Code     0  entry4.o(.ARM.Collect$$$$00000003)
    _main_scatterload                        0x60002405   Thumb Code     0  entry5.o(.ARM.Collect$$$$00000004)
    __main_after_scatterload                 0x60002409   Thumb Code     0  entry5.o(.ARM.Collect$$$$00000004)
    _main_clock                              0x60002409   Thumb Code     0  entry7b.o(.ARM.Collect$$$$00000008)
    _main_cpp_init                           0x60002409   Thumb Code     0  entry8b.o(.ARM.Collect$$$$0000000A)
    _main_init                               0x60002409   Thumb Code     0  entry9a.o(.ARM.Collect$$$$0000000B)
    __rt_final_cpp                           0x60002411   Thumb Code     0  entry10a.o(.ARM.Collect$$$$0000000D)
    __rt_final_exit                          0x60002411   Thumb Code     0  entry11a.o(.ARM.Collect$$$$0000000F)
    Reset_Handler                            0x60002415   Thumb Code    46  startup_mimxrt1052.o(.text)
    NMI_Handler                              0x60002443   Thumb Code     2  startup_mimxrt1052.o(.text)
    MemManage_Handler                        0x60002447   Thumb Code     2  startup_mimxrt1052.o(.text)
    BusFault_Handler                         0x60002449   Thumb Code     2  startup_mimxrt1052.o(.text)
    UsageFault_Handler                       0x6000244b   Thumb Code     2  startup_mimxrt1052.o(.text)
    SVC_Handler                              0x6000244d   Thumb Code     2  startup_mimxrt1052.o(.text)
    DebugMon_Handler                         0x6000244f   Thumb Code     2  startup_mimxrt1052.o(.text)
    PendSV_Handler                           0x60002451   Thumb Code     2  startup_mimxrt1052.o(.text)
    SysTick_Handler                          0x60002453   Thumb Code     2  startup_mimxrt1052.o(.text)
    DMA0_DMA16_IRQHandler                    0x60002455   Thumb Code     4  startup_mimxrt1052.o(.text)
    DMA1_DMA17_IRQHandler                    0x60002459   Thumb Code     4  startup_mimxrt1052.o(.text)
    DMA2_DMA18_IRQHandler                    0x6000245d   Thumb Code     4  startup_mimxrt1052.o(.text)
    DMA3_DMA19_IRQHandler                    0x60002461   Thumb Code     4  startup_mimxrt1052.o(.text)
    DMA4_DMA20_IRQHandler                    0x60002465   Thumb Code     4  startup_mimxrt1052.o(.text)
    DMA5_DMA21_IRQHandler                    0x60002469   Thumb Code     4  startup_mimxrt1052.o(.text)
    DMA6_DMA22_IRQHandler                    0x6000246d   Thumb Code     4  startup_mimxrt1052.o(.text)
    DMA7_DMA23_IRQHandler                    0x60002471   Thumb Code     4  startup_mimxrt1052.o(.text)
    DMA8_DMA24_IRQHandler                    0x60002475   Thumb Code     4  startup_mimxrt1052.o(.text)
    DMA9_DMA25_IRQHandler                    0x60002479   Thumb Code     4  startup_mimxrt1052.o(.text)
    DMA10_DMA26_IRQHandler                   0x6000247d   Thumb Code     4  startup_mimxrt1052.o(.text)
    DMA11_DMA27_IRQHandler                   0x60002481   Thumb Code     4  startup_mimxrt1052.o(.text)
    DMA12_DMA28_IRQHandler                   0x60002485   Thumb Code     4  startup_mimxrt1052.o(.text)
    DMA13_DMA29_IRQHandler                   0x60002489   Thumb Code     4  startup_mimxrt1052.o(.text)
    DMA14_DMA30_IRQHandler                   0x6000248d   Thumb Code     4  startup_mimxrt1052.o(.text)
    DMA15_DMA31_IRQHandler                   0x60002491   Thumb Code     4  startup_mimxrt1052.o(.text)
    DMA_ERROR_IRQHandler                     0x60002495   Thumb Code     4  startup_mimxrt1052.o(.text)
    LPUART1_IRQHandler                       0x60002499   Thumb Code     4  startup_mimxrt1052.o(.text)
    LPUART2_IRQHandler                       0x6000249d   Thumb Code     4  startup_mimxrt1052.o(.text)
    LPUART3_IRQHandler                       0x600024a1   Thumb Code     4  startup_mimxrt1052.o(.text)
    LPUART4_IRQHandler                       0x600024a5   Thumb Code     4  startup_mimxrt1052.o(.text)
    LPUART5_IRQHandler                       0x600024a9   Thumb Code     4  startup_mimxrt1052.o(.text)
    LPUART6_IRQHandler                       0x600024ad   Thumb Code     4  startup_mimxrt1052.o(.text)
    LPUART7_IRQHandler                       0x600024b1   Thumb Code     4  startup_mimxrt1052.o(.text)
    LPUART8_IRQHandler                       0x600024b5   Thumb Code     4  startup_mimxrt1052.o(.text)
    LPI2C1_IRQHandler                        0x600024b9   Thumb Code     4  startup_mimxrt1052.o(.text)
    LPI2C2_IRQHandler                        0x600024bd   Thumb Code     4  startup_mimxrt1052.o(.text)
    LPI2C3_IRQHandler                        0x600024c1   Thumb Code     4  startup_mimxrt1052.o(.text)
    LPI2C4_IRQHandler                        0x600024c5   Thumb Code     4  startup_mimxrt1052.o(.text)
    LPSPI1_IRQHandler                        0x600024c9   Thumb Code     4  startup_mimxrt1052.o(.text)
    LPSPI2_IRQHandler                        0x600024cd   Thumb Code     4  startup_mimxrt1052.o(.text)
    LPSPI3_IRQHandler                        0x600024d1   Thumb Code     4  startup_mimxrt1052.o(.text)
    LPSPI4_IRQHandler                        0x600024d5   Thumb Code     4  startup_mimxrt1052.o(.text)
    CAN1_IRQHandler                          0x600024d9   Thumb Code     4  startup_mimxrt1052.o(.text)
    CAN2_IRQHandler                          0x600024dd   Thumb Code     4  startup_mimxrt1052.o(.text)
    SAI1_IRQHandler                          0x600024e1   Thumb Code     4  startup_mimxrt1052.o(.text)
    SAI2_IRQHandler                          0x600024e5   Thumb Code     4  startup_mimxrt1052.o(.text)
    SAI3_RX_IRQHandler                       0x600024e9   Thumb Code     4  startup_mimxrt1052.o(.text)
    SAI3_TX_IRQHandler                       0x600024ed   Thumb Code     4  startup_mimxrt1052.o(.text)
    SPDIF_IRQHandler                         0x600024f1   Thumb Code     4  startup_mimxrt1052.o(.text)
    FLEXIO1_IRQHandler                       0x600024f5   Thumb Code     4  startup_mimxrt1052.o(.text)
    FLEXIO2_IRQHandler                       0x600024f9   Thumb Code     4  startup_mimxrt1052.o(.text)
    FLEXSPI_IRQHandler                       0x600024fd   Thumb Code     4  startup_mimxrt1052.o(.text)
    USDHC1_IRQHandler                        0x60002501   Thumb Code     4  startup_mimxrt1052.o(.text)
    USDHC2_IRQHandler                        0x60002505   Thumb Code     4  startup_mimxrt1052.o(.text)
    ENET_IRQHandler                          0x60002509   Thumb Code     4  startup_mimxrt1052.o(.text)
    ENET_1588_Timer_IRQHandler               0x6000250d   Thumb Code     4  startup_mimxrt1052.o(.text)
    ACMP1_IRQHandler                         0x60002511   Thumb Code     0  startup_mimxrt1052.o(.text)
    ACMP2_IRQHandler                         0x60002511   Thumb Code     0  startup_mimxrt1052.o(.text)
    ACMP3_IRQHandler                         0x60002511   Thumb Code     0  startup_mimxrt1052.o(.text)
    ACMP4_IRQHandler                         0x60002511   Thumb Code     0  startup_mimxrt1052.o(.text)
    ADC1_IRQHandler                          0x60002511   Thumb Code     0  startup_mimxrt1052.o(.text)
    ADC2_IRQHandler                          0x60002511   Thumb Code     0  startup_mimxrt1052.o(.text)
    ADC_ETC_ERROR_IRQ_IRQHandler             0x60002511   Thumb Code     0  startup_mimxrt1052.o(.text)
    ADC_ETC_IRQ0_IRQHandler                  0x60002511   Thumb Code     0  startup_mimxrt1052.o(.text)
    ADC_ETC_IRQ1_IRQHandler                  0x60002511   Thumb Code     0  startup_mimxrt1052.o(.text)
    ADC_ETC_IRQ2_IRQHandler                  0x60002511   Thumb Code     0  startup_mimxrt1052.o(.text)
    ANATOP_EVENT0_IRQHandler                 0x60002511   Thumb Code     0  startup_mimxrt1052.o(.text)
    ANATOP_EVENT1_IRQHandler                 0x60002511   Thumb Code     0  startup_mimxrt1052.o(.text)
    ANATOP_TAMP_LOW_HIGH_IRQHandler          0x60002511   Thumb Code     0  startup_mimxrt1052.o(.text)
    ANATOP_TEMP_PANIC_IRQHandler             0x60002511   Thumb Code     0  startup_mimxrt1052.o(.text)
    BEE_IRQHandler                           0x60002511   Thumb Code     0  startup_mimxrt1052.o(.text)
    CAN1_DriverIRQHandler                    0x60002511   Thumb Code     0  startup_mimxrt1052.o(.text)
    CAN2_DriverIRQHandler                    0x60002511   Thumb Code     0  startup_mimxrt1052.o(.text)
    CCM_1_IRQHandler                         0x60002511   Thumb Code     0  startup_mimxrt1052.o(.text)
    CCM_2_IRQHandler                         0x60002511   Thumb Code     0  startup_mimxrt1052.o(.text)
    CORE_IRQHandler                          0x60002511   Thumb Code     0  startup_mimxrt1052.o(.text)
    CSU_IRQHandler                           0x60002511   Thumb Code     0  startup_mimxrt1052.o(.text)
    CTI0_ERROR_IRQHandler                    0x60002511   Thumb Code     0  startup_mimxrt1052.o(.text)
    CTI1_ERROR_IRQHandler                    0x60002511   Thumb Code     0  startup_mimxrt1052.o(.text)
    DCDC_IRQHandler                          0x60002511   Thumb Code     0  startup_mimxrt1052.o(.text)
    DCP_IRQHandler                           0x60002511   Thumb Code     0  startup_mimxrt1052.o(.text)
    DCP_VMI_IRQHandler                       0x60002511   Thumb Code     0  startup_mimxrt1052.o(.text)
    DMA_ERROR_DriverIRQHandler               0x60002511   Thumb Code     0  startup_mimxrt1052.o(.text)
    DefaultISR                               0x60002511   Thumb Code     0  startup_mimxrt1052.o(.text)
    ENC1_IRQHandler                          0x60002511   Thumb Code     0  startup_mimxrt1052.o(.text)
    ENC2_IRQHandler                          0x60002511   Thumb Code     0  startup_mimxrt1052.o(.text)
    ENC3_IRQHandler                          0x60002511   Thumb Code     0  startup_mimxrt1052.o(.text)
    ENC4_IRQHandler                          0x60002511   Thumb Code     0  startup_mimxrt1052.o(.text)
    ENET_1588_Timer_DriverIRQHandler         0x60002511   Thumb Code     0  startup_mimxrt1052.o(.text)
    ENET_DriverIRQHandler                    0x60002511   Thumb Code     0  startup_mimxrt1052.o(.text)
    EWM_IRQHandler                           0x60002511   Thumb Code     0  startup_mimxrt1052.o(.text)
    FLEXIO1_DriverIRQHandler                 0x60002511   Thumb Code     0  startup_mimxrt1052.o(.text)
    FLEXIO2_DriverIRQHandler                 0x60002511   Thumb Code     0  startup_mimxrt1052.o(.text)
    FLEXRAM_IRQHandler                       0x60002511   Thumb Code     0  startup_mimxrt1052.o(.text)
    GPC_IRQHandler                           0x60002511   Thumb Code     0  startup_mimxrt1052.o(.text)
    GPIO1_Combined_0_15_IRQHandler           0x60002511   Thumb Code     0  startup_mimxrt1052.o(.text)
    GPIO1_Combined_16_31_IRQHandler          0x60002511   Thumb Code     0  startup_mimxrt1052.o(.text)
    GPIO1_INT0_IRQHandler                    0x60002511   Thumb Code     0  startup_mimxrt1052.o(.text)
    GPIO1_INT1_IRQHandler                    0x60002511   Thumb Code     0  startup_mimxrt1052.o(.text)
    GPIO1_INT2_IRQHandler                    0x60002511   Thumb Code     0  startup_mimxrt1052.o(.text)
    GPIO1_INT3_IRQHandler                    0x60002511   Thumb Code     0  startup_mimxrt1052.o(.text)
    GPIO1_INT4_IRQHandler                    0x60002511   Thumb Code     0  startup_mimxrt1052.o(.text)
    GPIO1_INT5_IRQHandler                    0x60002511   Thumb Code     0  startup_mimxrt1052.o(.text)
    GPIO1_INT6_IRQHandler                    0x60002511   Thumb Code     0  startup_mimxrt1052.o(.text)
    GPIO1_INT7_IRQHandler                    0x60002511   Thumb Code     0  startup_mimxrt1052.o(.text)
    GPIO2_Combined_0_15_IRQHandler           0x60002511   Thumb Code     0  startup_mimxrt1052.o(.text)
    GPIO2_Combined_16_31_IRQHandler          0x60002511   Thumb Code     0  startup_mimxrt1052.o(.text)
    GPIO3_Combined_0_15_IRQHandler           0x60002511   Thumb Code     0  startup_mimxrt1052.o(.text)
    GPIO3_Combined_16_31_IRQHandler          0x60002511   Thumb Code     0  startup_mimxrt1052.o(.text)
    GPIO4_Combined_0_15_IRQHandler           0x60002511   Thumb Code     0  startup_mimxrt1052.o(.text)
    GPIO4_Combined_16_31_IRQHandler          0x60002511   Thumb Code     0  startup_mimxrt1052.o(.text)
    GPIO5_Combined_0_15_IRQHandler           0x60002511   Thumb Code     0  startup_mimxrt1052.o(.text)
    GPIO5_Combined_16_31_IRQHandler          0x60002511   Thumb Code     0  startup_mimxrt1052.o(.text)
    GPR_IRQ_IRQHandler                       0x60002511   Thumb Code     0  startup_mimxrt1052.o(.text)
    GPT1_IRQHandler                          0x60002511   Thumb Code     0  startup_mimxrt1052.o(.text)
    GPT2_IRQHandler                          0x60002511   Thumb Code     0  startup_mimxrt1052.o(.text)
    KPP_IRQHandler                           0x60002511   Thumb Code     0  startup_mimxrt1052.o(.text)
    LCDIF_IRQHandler                         0x60002511   Thumb Code     0  startup_mimxrt1052.o(.text)
    NMI_WAKEUP_IRQHandler                    0x60002511   Thumb Code     0  startup_mimxrt1052.o(.text)
    PIT_IRQHandler                           0x60002511   Thumb Code     0  startup_mimxrt1052.o(.text)
    PWM1_0_IRQHandler                        0x60002511   Thumb Code     0  startup_mimxrt1052.o(.text)
    PWM1_1_IRQHandler                        0x60002511   Thumb Code     0  startup_mimxrt1052.o(.text)
    PWM1_2_IRQHandler                        0x60002511   Thumb Code     0  startup_mimxrt1052.o(.text)
    PWM1_3_IRQHandler                        0x60002511   Thumb Code     0  startup_mimxrt1052.o(.text)
    PWM1_FAULT_IRQHandler                    0x60002511   Thumb Code     0  startup_mimxrt1052.o(.text)
    PWM2_0_IRQHandler                        0x60002511   Thumb Code     0  startup_mimxrt1052.o(.text)
    PWM2_1_IRQHandler                        0x60002511   Thumb Code     0  startup_mimxrt1052.o(.text)
    PWM2_2_IRQHandler                        0x60002511   Thumb Code     0  startup_mimxrt1052.o(.text)
    PWM2_3_IRQHandler                        0x60002511   Thumb Code     0  startup_mimxrt1052.o(.text)
    PWM2_FAULT_IRQHandler                    0x60002511   Thumb Code     0  startup_mimxrt1052.o(.text)
    PWM3_0_IRQHandler                        0x60002511   Thumb Code     0  startup_mimxrt1052.o(.text)
    PWM3_1_IRQHandler                        0x60002511   Thumb Code     0  startup_mimxrt1052.o(.text)
    PWM3_2_IRQHandler                        0x60002511   Thumb Code     0  startup_mimxrt1052.o(.text)
    PWM3_3_IRQHandler                        0x60002511   Thumb Code     0  startup_mimxrt1052.o(.text)
    PWM3_FAULT_IRQHandler                    0x60002511   Thumb Code     0  startup_mimxrt1052.o(.text)
    PWM4_0_IRQHandler                        0x60002511   Thumb Code     0  startup_mimxrt1052.o(.text)
    PWM4_1_IRQHandler                        0x60002511   Thumb Code     0  startup_mimxrt1052.o(.text)
    PWM4_2_IRQHandler                        0x60002511   Thumb Code     0  startup_mimxrt1052.o(.text)
    PWM4_3_IRQHandler                        0x60002511   Thumb Code     0  startup_mimxrt1052.o(.text)
    PWM4_FAULT_IRQHandler                    0x60002511   Thumb Code     0  startup_mimxrt1052.o(.text)
    PXP_IRQHandler                           0x60002511   Thumb Code     0  startup_mimxrt1052.o(.text)
    RTWDOG_IRQHandler                        0x60002511   Thumb Code     0  startup_mimxrt1052.o(.text)
    Reserved115_IRQHandler                   0x60002511   Thumb Code     0  startup_mimxrt1052.o(.text)
    Reserved123_IRQHandler                   0x60002511   Thumb Code     0  startup_mimxrt1052.o(.text)
    Reserved143_IRQHandler                   0x60002511   Thumb Code     0  startup_mimxrt1052.o(.text)
    Reserved144_IRQHandler                   0x60002511   Thumb Code     0  startup_mimxrt1052.o(.text)
    Reserved168_IRQHandler                   0x60002511   Thumb Code     0  startup_mimxrt1052.o(.text)
    Reserved169_IRQHandler                   0x60002511   Thumb Code     0  startup_mimxrt1052.o(.text)
    Reserved170_IRQHandler                   0x60002511   Thumb Code     0  startup_mimxrt1052.o(.text)
    Reserved171_IRQHandler                   0x60002511   Thumb Code     0  startup_mimxrt1052.o(.text)
    Reserved172_IRQHandler                   0x60002511   Thumb Code     0  startup_mimxrt1052.o(.text)
    Reserved173_IRQHandler                   0x60002511   Thumb Code     0  startup_mimxrt1052.o(.text)
    Reserved68_IRQHandler                    0x60002511   Thumb Code     0  startup_mimxrt1052.o(.text)
    Reserved86_IRQHandler                    0x60002511   Thumb Code     0  startup_mimxrt1052.o(.text)
    Reserved87_IRQHandler                    0x60002511   Thumb Code     0  startup_mimxrt1052.o(.text)
    SAI1_DriverIRQHandler                    0x60002511   Thumb Code     0  startup_mimxrt1052.o(.text)
    SAI2_DriverIRQHandler                    0x60002511   Thumb Code     0  startup_mimxrt1052.o(.text)
    SAI3_RX_DriverIRQHandler                 0x60002511   Thumb Code     0  startup_mimxrt1052.o(.text)
    SAI3_TX_DriverIRQHandler                 0x60002511   Thumb Code     0  startup_mimxrt1052.o(.text)
    SEMC_IRQHandler                          0x60002511   Thumb Code     0  startup_mimxrt1052.o(.text)
    SJC_ARM_DEBUG_IRQHandler                 0x60002511   Thumb Code     0  startup_mimxrt1052.o(.text)
    SJC_IRQHandler                           0x60002511   Thumb Code     0  startup_mimxrt1052.o(.text)
    SNVS_HP_WRAPPER_IRQHandler               0x60002511   Thumb Code     0  startup_mimxrt1052.o(.text)
    SNVS_HP_WRAPPER_TZ_IRQHandler            0x60002511   Thumb Code     0  startup_mimxrt1052.o(.text)
    SNVS_LP_WRAPPER_IRQHandler               0x60002511   Thumb Code     0  startup_mimxrt1052.o(.text)
    SPDIF_DriverIRQHandler                   0x60002511   Thumb Code     0  startup_mimxrt1052.o(.text)
    SRC_IRQHandler                           0x60002511   Thumb Code     0  startup_mimxrt1052.o(.text)
    TMR1_IRQHandler                          0x60002511   Thumb Code     0  startup_mimxrt1052.o(.text)
    TMR2_IRQHandler                          0x60002511   Thumb Code     0  startup_mimxrt1052.o(.text)
    TMR3_IRQHandler                          0x60002511   Thumb Code     0  startup_mimxrt1052.o(.text)
    TMR4_IRQHandler                          0x60002511   Thumb Code     0  startup_mimxrt1052.o(.text)
    TRNG_IRQHandler                          0x60002511   Thumb Code     0  startup_mimxrt1052.o(.text)
    TSC_DIG_IRQHandler                       0x60002511   Thumb Code     0  startup_mimxrt1052.o(.text)
    USB_OTG1_IRQHandler                      0x60002511   Thumb Code     0  startup_mimxrt1052.o(.text)
    USB_OTG2_IRQHandler                      0x60002511   Thumb Code     0  startup_mimxrt1052.o(.text)
    USB_PHY1_IRQHandler                      0x60002511   Thumb Code     0  startup_mimxrt1052.o(.text)
    USB_PHY2_IRQHandler                      0x60002511   Thumb Code     0  startup_mimxrt1052.o(.text)
    USDHC1_DriverIRQHandler                  0x60002511   Thumb Code     0  startup_mimxrt1052.o(.text)
    USDHC2_DriverIRQHandler                  0x60002511   Thumb Code     0  startup_mimxrt1052.o(.text)
    WDOG1_IRQHandler                         0x60002511   Thumb Code     0  startup_mimxrt1052.o(.text)
    WDOG2_IRQHandler                         0x60002511   Thumb Code     0  startup_mimxrt1052.o(.text)
    XBAR1_IRQ_0_1_IRQHandler                 0x60002511   Thumb Code     0  startup_mimxrt1052.o(.text)
    XBAR1_IRQ_2_3_IRQHandler                 0x60002511   Thumb Code     0  startup_mimxrt1052.o(.text)
    __aeabi_uldivmod                         0x600025ed   Thumb Code    98  uldiv.o(.text)
    __aeabi_memcpy                           0x6000264f   Thumb Code    36  memcpya.o(.text)
    __aeabi_memcpy4                          0x6000264f   Thumb Code     0  memcpya.o(.text)
    __aeabi_memcpy8                          0x6000264f   Thumb Code     0  memcpya.o(.text)
    __aeabi_memset                           0x60002673   Thumb Code    14  memseta.o(.text)
    __aeabi_memset4                          0x60002673   Thumb Code     0  memseta.o(.text)
    __aeabi_memset8                          0x60002673   Thumb Code     0  memseta.o(.text)
    __aeabi_memclr                           0x60002681   Thumb Code     4  memseta.o(.text)
    __aeabi_memclr4                          0x60002681   Thumb Code     0  memseta.o(.text)
    __aeabi_memclr8                          0x60002681   Thumb Code     0  memseta.o(.text)
    _memset$wrapper                          0x60002685   Thumb Code    18  memseta.o(.text)
    strlen                                   0x60002697   Thumb Code    14  strlen.o(.text)
    __aeabi_llsl                             0x600026a5   Thumb Code    30  llshl.o(.text)
    _ll_shift_l                              0x600026a5   Thumb Code     0  llshl.o(.text)
    __aeabi_llsr                             0x600026c3   Thumb Code    32  llushr.o(.text)
    _ll_ushift_r                             0x600026c3   Thumb Code     0  llushr.o(.text)
    __scatterload                            0x600026e5   Thumb Code    28  init.o(.text)
    __scatterload_rt2                        0x600026e5   Thumb Code     0  init.o(.text)
    __decompress                             0x60002709   Thumb Code     0  __dczerorl2.o(.text)
    __decompress1                            0x60002709   Thumb Code    86  __dczerorl2.o(.text)
    Long Thumb to Thumb Veneer to FLEXSPI_UpdateLUT 0x6000275f   Thumb Code    10  anon$$obj.o(Veneer$$Code)
    Long Thumb to Thumb Veneer to flexspi_nor_get_vendor_id 0x60002769   Thumb Code    10  anon$$obj.o(Veneer$$Code)
    Long Thumb to Thumb Veneer to flexspi_nor_flash_read_sector 0x60002773   Thumb Code    10  anon$$obj.o(Veneer$$Code)
    Long Thumb to Thumb Veneer to flexspi_nor_flash_erase_sector 0x6000277d   Thumb Code    10  anon$$obj.o(Veneer$$Code)
    Long Thumb to Thumb Veneer to flexspi_nor_flash_page_program 0x60002787   Thumb Code    10  anon$$obj.o(Veneer$$Code)
    FLEXSPI_Init                             0x60002791   Thumb Code   384  fsl_flexspi.o(fingertech_flashop)
    FLEXSPI_GetDefaultConfig                 0x60002911   Thumb Code    92  fsl_flexspi.o(fingertech_flashop)
    FLEXSPI_Deinit                           0x6000296d   Thumb Code    12  fsl_flexspi.o(fingertech_flashop)
    FLEXSPI_SetFlashConfig                   0x60002979   Thumb Code   330  fsl_flexspi.o(fingertech_flashop)
    FLEXSPI_TransferCreateHandle             0x60002ac3   Thumb Code   102  fsl_flexspi.o(fingertech_flashop)
    FLEXSPI_TransferNonBlocking              0x60002b29   Thumb Code   304  fsl_flexspi.o(fingertech_flashop)
    FLEXSPI_TransferGetCount                 0x60002c59   Thumb Code    54  fsl_flexspi.o(fingertech_flashop)
    FLEXSPI_TransferAbort                    0x60002c8f   Thumb Code    44  fsl_flexspi.o(fingertech_flashop)
    BOARD_BootClockRUN                       0x60002cf9   Thumb Code   562  clock_config.o(i.BOARD_BootClockRUN)
    BOARD_ConfigMPU                          0x60002fc5   Thumb Code   390  board.o(i.BOARD_ConfigMPU)
    BOARD_InitPins                           0x60003179   Thumb Code   228  pin_mux.o(i.BOARD_InitPins)
    BOARD_PullCameraPowerDownPin             0x6000326d   Thumb Code    30  fingertech_camera.o(i.BOARD_PullCameraPowerDownPin)
    CLOCK_GetFreq                            0x600036d5   Thumb Code   344  fsl_clock.o(i.CLOCK_GetFreq)
    CLOCK_GetPllFreq                         0x60003931   Thumb Code   530  fsl_clock.o(i.CLOCK_GetPllFreq)
    CLOCK_GetSysPfdFreq                      0x60003b5d   Thumb Code   100  fsl_clock.o(i.CLOCK_GetSysPfdFreq)
    CLOCK_GetUsb1PfdFreq                     0x60003bc9   Thumb Code   100  fsl_clock.o(i.CLOCK_GetUsb1PfdFreq)
    CLOCK_InitArmPll                         0x60003c35   Thumb Code    82  fsl_clock.o(i.CLOCK_InitArmPll)
    CSI_ClearFifo                            0x60004125   Thumb Code    56  fsl_csi.o(i.CSI_ClearFifo)
    CSI_EnableFifoDmaRequest                 0x6000415d   Thumb Code    44  fsl_csi.o(i.CSI_EnableFifoDmaRequest)
    CSI_EnableInterrupts                     0x60004189   Thumb Code    32  fsl_csi.o(i.CSI_EnableInterrupts)
    CSI_GetDefaultConfig                     0x600041a9   Thumb Code    56  fsl_csi.o(i.CSI_GetDefaultConfig)
    CSI_IRQHandler                           0x60004279   Thumb Code    40  fingertech_exit.o(i.CSI_IRQHandler)
    CSI_Init                                 0x600042a9   Thumb Code   254  fsl_csi.o(i.CSI_Init)
    CSI_ReflashFifoDma                       0x600043d9   Thumb Code    42  fsl_csi.o(i.CSI_ReflashFifoDma)
    CSI_Reset                                0x60004405   Thumb Code    78  fsl_csi.o(i.CSI_Reset)
    CSI_SetRxBufferAddr                      0x60004459   Thumb Code    10  fsl_csi.o(i.CSI_SetRxBufferAddr)
    Cdfinger_AttributeTransfer               0x6000447d   Thumb Code    64  fingertech_common.o(i.Cdfinger_AttributeTransfer)
    Cdfinger_ChangeExposureTime              0x600044d5   Thumb Code    68  fingertech_common.o(i.Cdfinger_ChangeExposureTime)
    Cdfinger_EnrollPrepareTransfer           0x60004535   Thumb Code    64  fingertech_common.o(i.Cdfinger_EnrollPrepareTransfer)
    Cdfinger_GetImage                        0x6000458d   Thumb Code   174  fingertech_common.o(i.Cdfinger_GetImage)
    Cdfinger_MoveImage                       0x60004649   Thumb Code   154  fingertech_common.o(i.Cdfinger_MoveImage)
    Cdfinger_RecPrepareTransfer              0x60004709   Thumb Code    68  fingertech_common.o(i.Cdfinger_RecPrepareTransfer)
    Cdfinger_RetryRecPrepareTransfer         0x60004769   Thumb Code    42  fingertech_common.o(i.Cdfinger_RetryRecPrepareTransfer)
    Cdfinger_SetCoordinates                  0x600047a5   Thumb Code   148  fingertech_common.o(i.Cdfinger_SetCoordinates)
    DMA0_DMA16_DriverIRQHandler              0x600048fd   Thumb Code    48  fsl_edma.o(i.DMA0_DMA16_DriverIRQHandler)
    DMA10_DMA26_DriverIRQHandler             0x60004935   Thumb Code    48  fsl_edma.o(i.DMA10_DMA26_DriverIRQHandler)
    DMA11_DMA27_DriverIRQHandler             0x6000496d   Thumb Code    48  fsl_edma.o(i.DMA11_DMA27_DriverIRQHandler)
    DMA12_DMA28_DriverIRQHandler             0x600049a5   Thumb Code    48  fsl_edma.o(i.DMA12_DMA28_DriverIRQHandler)
    DMA13_DMA29_DriverIRQHandler             0x600049dd   Thumb Code    48  fsl_edma.o(i.DMA13_DMA29_DriverIRQHandler)
    DMA14_DMA30_DriverIRQHandler             0x60004a15   Thumb Code    48  fsl_edma.o(i.DMA14_DMA30_DriverIRQHandler)
    DMA15_DMA31_DriverIRQHandler             0x60004a4d   Thumb Code    48  fsl_edma.o(i.DMA15_DMA31_DriverIRQHandler)
    DMA1_DMA17_DriverIRQHandler              0x60004a85   Thumb Code    48  fsl_edma.o(i.DMA1_DMA17_DriverIRQHandler)
    DMA2_DMA18_DriverIRQHandler              0x60004abd   Thumb Code    48  fsl_edma.o(i.DMA2_DMA18_DriverIRQHandler)
    DMA3_DMA19_DriverIRQHandler              0x60004af5   Thumb Code    48  fsl_edma.o(i.DMA3_DMA19_DriverIRQHandler)
    DMA4_DMA20_DriverIRQHandler              0x60004b2d   Thumb Code    48  fsl_edma.o(i.DMA4_DMA20_DriverIRQHandler)
    DMA5_DMA21_DriverIRQHandler              0x60004b65   Thumb Code    48  fsl_edma.o(i.DMA5_DMA21_DriverIRQHandler)
    DMA6_DMA22_DriverIRQHandler              0x60004b9d   Thumb Code    48  fsl_edma.o(i.DMA6_DMA22_DriverIRQHandler)
    DMA7_DMA23_DriverIRQHandler              0x60004bd5   Thumb Code    48  fsl_edma.o(i.DMA7_DMA23_DriverIRQHandler)
    DMA8_DMA24_DriverIRQHandler              0x60004c0d   Thumb Code    48  fsl_edma.o(i.DMA8_DMA24_DriverIRQHandler)
    DMA9_DMA25_DriverIRQHandler              0x60004c45   Thumb Code    48  fsl_edma.o(i.DMA9_DMA25_DriverIRQHandler)
    DMAMUX_Init                              0x60004d65   Thumb Code    28  fsl_dmamux.o(i.DMAMUX_Init)
    DMA_transfer_data                        0x60004df9   Thumb Code    36  fingertech_spiconfig.o(i.DMA_transfer_data)
    DbgConsole_Printf                        0x60004e29   Thumb Code    60  fsl_debug_console.o(i.DbgConsole_Printf)
    DistinguishCamera                        0x60004ec1   Thumb Code   210  fingertech_camera.o(i.DistinguishCamera)
    EDMA_Callback                            0x60004fb5   Thumb Code   104  fingertech_spiconfig.o(i.EDMA_Callback)
    EDMA_CreateHandle                        0x60005035   Thumb Code   172  fsl_edma.o(i.EDMA_CreateHandle)
    EDMA_EnableChannelInterrupts             0x6000513d   Thumb Code   102  fsl_edma.o(i.EDMA_EnableChannelInterrupts)
    EDMA_GetChannelStatusFlags               0x600051e9   Thumb Code    70  fsl_edma.o(i.EDMA_GetChannelStatusFlags)
    EDMA_GetDefaultConfig                    0x60005275   Thumb Code    34  fsl_edma.o(i.EDMA_GetDefaultConfig)
    EDMA_HandleIRQ                           0x60005331   Thumb Code   198  fsl_edma.o(i.EDMA_HandleIRQ)
    EDMA_Init                                0x60005421   Thumb Code   100  fsl_edma.o(i.EDMA_Init)
    EDMA_ResetChannel                        0x600055f9   Thumb Code    36  fsl_edma.o(i.EDMA_ResetChannel)
    EDMA_SetCallback                         0x60005661   Thumb Code    30  fsl_edma.o(i.EDMA_SetCallback)
    EDMA_SetTransferConfig                   0x600056a9   Thumb Code    80  fsl_edma.o(i.EDMA_SetTransferConfig)
    EDMA_StartTransfer                       0x60005771   Thumb Code   116  fsl_edma.o(i.EDMA_StartTransfer)
    EDMA_TcdReset                            0x6000580d   Thumb Code    70  fsl_edma.o(i.EDMA_TcdReset)
    EDMA_TcdSetTransferConfig                0x60005899   Thumb Code   146  fsl_edma.o(i.EDMA_TcdSetTransferConfig)
    FLEXSPI_GetInstance                      0x60005a35   Thumb Code    46  fsl_flexspi.o(i.FLEXSPI_GetInstance)
    FingerTech_BspInit                       0x60005ab5   Thumb Code    54  fingertech_common.o(i.FingerTech_BspInit)
    FingerTech_Delayms                       0x60005aed   Thumb Code    36  fingertech_common.o(i.FingerTech_Delayms)
    FingerTech_FlashConfig                   0x60005b15   Thumb Code   168  fingertech_flashconfig.o(i.FingerTech_FlashConfig)
    FingerTech_GetImg                        0x60005bc9   Thumb Code    34  fingertech_camera.o(i.FingerTech_GetImg)
    FingerTech_LedInit                       0x60005bf5   Thumb Code    62  fingertech_common.o(i.FingerTech_LedInit)
    FingerTech_NVIC_SetGrouping              0x60005c45   Thumb Code    32  fingertech_exit.o(i.FingerTech_NVIC_SetGrouping)
    FingerTech_change_exposureGain           0x60005c6d   Thumb Code    16  fingertech_spiconfig.o(i.FingerTech_change_exposureGain)
    FingerTech_change_exposureTime           0x60005c81   Thumb Code    74  fingertech_spiconfig.o(i.FingerTech_change_exposureTime)
    FingerTech_move_image                    0x60005cd1   Thumb Code    76  fingertech_spiconfig.o(i.FingerTech_move_image)
    Fingertech_SpiConfig                     0x60005dc5   Thumb Code   218  fingertech_spiconfig.o(i.Fingertech_SpiConfig)
    Fingertech_cameraconfig                  0x60005ed5   Thumb Code    84  fingertech_camera.o(i.Fingertech_cameraconfig)
    Fingertech_cameragpioinit                0x60005f35   Thumb Code   472  fingertech_camera.o(i.Fingertech_cameragpioinit)
    Fingertech_camerainitresource            0x60006119   Thumb Code    36  fingertech_camera.o(i.Fingertech_camerainitresource)
    Fingertech_sp0828gpioinit                0x6000614d   Thumb Code   108  fingertech_i2c_api.o(i.Fingertech_sp0828gpioinit)
    Fingertech_sp0828iicconfig               0x600061c5   Thumb Code    58  fingertech_i2c_api.o(i.Fingertech_sp0828iicconfig)
    Fingertech_sp0828iicreaddata             0x60006211   Thumb Code    48  fingertech_i2c_api.o(i.Fingertech_sp0828iicreaddata)
    Fingertech_sp0828iicwritedata            0x60006245   Thumb Code    60  fingertech_i2c_api.o(i.Fingertech_sp0828iicwritedata)
    FusionImg                                0x60006285   Thumb Code    72  fingertech_algorithm.o(i.FusionImg)
    GPIO_PinInit                             0x60006341   Thumb Code    92  fsl_gpio.o(i.GPIO_PinInit)
    GPIO_PinSetInterruptConfig               0x600063a1   Thumb Code   138  fsl_gpio.o(i.GPIO_PinSetInterruptConfig)
    GPIO_PinWrite                            0x6000642d   Thumb Code    50  fsl_gpio.o(i.GPIO_PinWrite)
    HardFault_Handler                        0x600064a5   Thumb Code     4  fingertech_exit.o(i.HardFault_Handler)
    IO_Transfer                              0x60006535   Thumb Code    64  fsl_io.o(i.IO_Transfer)
    LOG_Pop                                  0x60006595   Thumb Code    34  fsl_log.o(i.LOG_Pop)
    LOG_Push                                 0x600065b9   Thumb Code    32  fsl_log.o(i.LOG_Push)
    LPI2C1_DriverIRQHandler                  0x60006609   Thumb Code    12  fsl_lpi2c.o(i.LPI2C1_DriverIRQHandler)
    LPI2C2_DriverIRQHandler                  0x60006619   Thumb Code    12  fsl_lpi2c.o(i.LPI2C2_DriverIRQHandler)
    LPI2C3_DriverIRQHandler                  0x60006629   Thumb Code    12  fsl_lpi2c.o(i.LPI2C3_DriverIRQHandler)
    LPI2C4_DriverIRQHandler                  0x60006639   Thumb Code    12  fsl_lpi2c.o(i.LPI2C4_DriverIRQHandler)
    LPI2C_CheckForBusyBus                    0x60006649   Thumb Code    34  fsl_lpi2c.o(i.LPI2C_CheckForBusyBus)
    LPI2C_GetInstance                        0x6000676d   Thumb Code    38  fsl_lpi2c.o(i.LPI2C_GetInstance)
    LPI2C_MasterCheckAndClearError           0x600067c1   Thumb Code    98  fsl_lpi2c.o(i.LPI2C_MasterCheckAndClearError)
    LPI2C_MasterGetDefaultConfig             0x6000685d   Thumb Code    44  fsl_lpi2c.o(i.LPI2C_MasterGetDefaultConfig)
    LPI2C_MasterInit                         0x600068a9   Thumb Code   302  fsl_lpi2c.o(i.LPI2C_MasterInit)
    LPI2C_MasterReceive                      0x600069e1   Thumb Code   118  fsl_lpi2c.o(i.LPI2C_MasterReceive)
    LPI2C_MasterSend                         0x60006a8d   Thumb Code    70  fsl_lpi2c.o(i.LPI2C_MasterSend)
    LPI2C_MasterSetBaudRate                  0x60006afd   Thumb Code   286  fsl_lpi2c.o(i.LPI2C_MasterSetBaudRate)
    LPI2C_MasterStop                         0x60006c21   Thumb Code    74  fsl_lpi2c.o(i.LPI2C_MasterStop)
    LPI2C_MasterTransferBlocking             0x60006c6d   Thumb Code   312  fsl_lpi2c.o(i.LPI2C_MasterTransferBlocking)
    LPSPI1_DriverIRQHandler                  0x60006e49   Thumb Code    34  fsl_lpspi.o(i.LPSPI1_DriverIRQHandler)
    LPSPI2_DriverIRQHandler                  0x60006ea9   Thumb Code    34  fsl_lpspi.o(i.LPSPI2_DriverIRQHandler)
    LPSPI3_DriverIRQHandler                  0x60006f09   Thumb Code    34  fsl_lpspi.o(i.LPSPI3_DriverIRQHandler)
    LPSPI4_DriverIRQHandler                  0x60006f69   Thumb Code    34  fsl_lpspi.o(i.LPSPI4_DriverIRQHandler)
    LPSPI_CheckTransferArgument              0x60006fc9   Thumb Code   100  fsl_lpspi.o(i.LPSPI_CheckTransferArgument)
    LPSPI_GetInstance                        0x60007115   Thumb Code    52  fsl_lpspi.o(i.LPSPI_GetInstance)
    LPSPI_Reset                              0x600071a7   Thumb Code    22  fsl_lpspi.o(i.LPSPI_Reset)
    LPSPI_SetDummyData                       0x60007269   Thumb Code    20  fsl_lpspi.o(i.LPSPI_SetDummyData)
    LPSPI_SlaveInit                          0x600072d1   Thumb Code   168  fsl_lpspi.o(i.LPSPI_SlaveInit)
    LPSPI_SlaveTransferCreateHandleEDMA      0x600073a9   Thumb Code   118  fsl_lpspi_edma.o(i.LPSPI_SlaveTransferCreateHandleEDMA)
    LPSPI_SlaveTransferEDMA                  0x6000747d   Thumb Code  1134  fsl_lpspi_edma.o(i.LPSPI_SlaveTransferEDMA)
    LPUART1_DriverIRQHandler                 0x600078f5   Thumb Code    16  fsl_lpuart.o(i.LPUART1_DriverIRQHandler)
    LPUART2_DriverIRQHandler                 0x60007911   Thumb Code    16  fsl_lpuart.o(i.LPUART2_DriverIRQHandler)
    LPUART3_DriverIRQHandler                 0x6000792d   Thumb Code    16  fsl_lpuart.o(i.LPUART3_DriverIRQHandler)
    LPUART4_DriverIRQHandler                 0x60007949   Thumb Code    16  fsl_lpuart.o(i.LPUART4_DriverIRQHandler)
    LPUART5_DriverIRQHandler                 0x60007965   Thumb Code    16  fsl_lpuart.o(i.LPUART5_DriverIRQHandler)
    LPUART6_DriverIRQHandler                 0x60007981   Thumb Code    16  fsl_lpuart.o(i.LPUART6_DriverIRQHandler)
    LPUART7_DriverIRQHandler                 0x6000799d   Thumb Code    16  fsl_lpuart.o(i.LPUART7_DriverIRQHandler)
    LPUART8_DriverIRQHandler                 0x600079b9   Thumb Code    16  fsl_lpuart.o(i.LPUART8_DriverIRQHandler)
    LPUART_ClearStatusFlags                  0x600079d5   Thumb Code    82  fsl_lpuart.o(i.LPUART_ClearStatusFlags)
    LPUART_GetStatusFlags                    0x60007a2d   Thumb Code    16  fsl_lpuart.o(i.LPUART_GetStatusFlags)
    LPUART_ReadBlocking                      0x60007a3d   Thumb Code   204  fsl_lpuart.o(i.LPUART_ReadBlocking)
    LPUART_WriteBlocking                     0x60007b31   Thumb Code    54  fsl_lpuart.o(i.LPUART_WriteBlocking)
    M1_V1_DelayMs                            0x60007b91   Thumb Code    40  fingertech_camera.o(i.M1_V1_DelayMs)
    M1_V1_Init                               0x60007bbd   Thumb Code   230  fingertech_camera.o(i.M1_V1_Init)
    M1_V1_Start                              0x60007cb1   Thumb Code    44  fingertech_camera.o(i.M1_V1_Start)
    M1_V1_Stop                               0x60007ce1   Thumb Code     2  fingertech_camera.o(i.M1_V1_Stop)
    M1_V1__full_frame_size                   0x60007ce3   Thumb Code    60  fingertech_camera.o(i.M1_V1__full_frame_size)
    M1_V1__out_frame_size                    0x60007d1f   Thumb Code   128  fingertech_camera.o(i.M1_V1__out_frame_size)
    M1_V1_config_mclk_pclk                   0x60007d9f   Thumb Code    44  fingertech_camera.o(i.M1_V1_config_mclk_pclk)
    M1_V1_dvp_init                           0x60007dcd   Thumb Code    34  fingertech_camera.o(i.M1_V1_dvp_init)
    M1_V1_readid                             0x60007df5   Thumb Code    96  fingertech_camera.o(i.M1_V1_readid)
    M1_V1_reset                              0x60007e55   Thumb Code    28  fingertech_camera.o(i.M1_V1_reset)
    PIS1701_Init                             0x60007e71   Thumb Code   288  pis1701.o(i.PIS1701_Init)
    PIS1701_Start                            0x60007f9d   Thumb Code    40  pis1701.o(i.PIS1701_Start)
    PIS1701_Stop                             0x60007fc9   Thumb Code    10  pis1701.o(i.PIS1701_Stop)
    StrFormatPrintf                          0x6000845d   Thumb Code   558  fsl_str.o(i.StrFormatPrintf)
    SystemInit                               0x6000868d   Thumb Code   182  system_mimxrt1052.o(i.SystemInit)
    SystemInitHook                           0x60008759   Thumb Code     2  system_mimxrt1052.o(i.SystemInitHook)
    __0printf$8                              0x6000875d   Thumb Code    22  printf8.o(i.__0printf$8)
    __1printf$8                              0x6000875d   Thumb Code     0  printf8.o(i.__0printf$8)
    __2printf                                0x6000875d   Thumb Code     0  printf8.o(i.__0printf$8)
    __aeabi_assert                           0x6000877d   Thumb Code    24  fsl_assert.o(i.__aeabi_assert)
    __scatterload_copy                       0x600087c1   Thumb Code    14  handlers.o(i.__scatterload_copy)
    __scatterload_null                       0x600087cf   Thumb Code     2  handlers.o(i.__scatterload_null)
    __scatterload_zeroinit                   0x600087d1   Thumb Code    14  handlers.o(i.__scatterload_zeroinit)
    coordinate                               0x60008c45   Thumb Code   342  fingertech_algorithm.o(i.coordinate)
    fputc                                    0x60008da5   Thumb Code    14  fsl_debug_console.o(i.fputc)
    im_mean                                  0x60008db5   Thumb Code    68  fingertech_algorithm.o(i.im_mean)
    main                                     0x60008dfd   Thumb Code   100  main.o(i.main)
    one_Extrect_three                        0x60008e69   Thumb Code   378  fingertech_algorithm.o(i.one_Extrect_three)
    update_camera_cfg                        0x60008fed   Thumb Code    58  fingertech_flashconfig.o(i.update_camera_cfg)
    armPllConfig_BOARD_BootClockRUN          0x60009030   Data           8  clock_config.o(.constdata)
    sysPllConfig_BOARD_BootClockRUN          0x60009038   Data          16  clock_config.o(.constdata)
    usb1PllConfig_BOARD_BootClockRUN         0x60009048   Data           2  clock_config.o(.constdata)
    customLUT                                0x600090c0   Data         256  fingertech_flashconfig.o(.constdata)
    Region$$Table$$Base                      0x6000925c   Number         0  anon$$obj.o(Region$$Table)
    Region$$Table$$Limit                     0x600092ac   Number         0  anon$$obj.o(Region$$Table)
    retry_flag                               0x80000000   Data           1  fingertech_common.o(.data)
    receivecount                             0x80000001   Data           1  fingertech_exit.o(.data)
    CSI_intflag                              0x80000002   Data           1  fingertech_exit.o(.data)
    activeFrameAddr                          0x80000004   Data           4  fingertech_camera.o(.data)
    inactiveFrameAddr                        0x80000008   Data           4  fingertech_camera.o(.data)
    flag                                     0x800001b5   Data           1  fingertech_spiconfig.o(.data)
    fg_command                               0x800001b6   Data           1  fingertech_spiconfig.o(.data)
    isEnroll                                 0x800001b7   Data           1  fingertech_spiconfig.o(.data)
    g_xtalFreq                               0x800001bc   Data           4  fsl_clock.o(.data)
    g_rtcXtalFreq                            0x800001c0   Data           4  fsl_clock.o(.data)
    g_lpspiDummyData                         0x800001cc   Data           5  fsl_lpspi.o(.data)
    SystemCoreClock                          0x800001e4   Data           4  system_mimxrt1052.o(.data)
    __stdout                                 0x800001f0   Data           4  fsl_debug_console.o(.data)
    __stdin                                  0x800001f4   Data           4  fsl_debug_console.o(.data)
    camera_ptr                               0x80000224   Data          12  fingertech_camera.o(.bss)
    camera_cfg                               0x80000230   Data          32  fingertech_camera.o(.bss)
    txHandle                                 0x80000310   Data          24  fingertech_spiconfig.o(.bss)
    rxHandle                                 0x80000328   Data          24  fingertech_spiconfig.o(.bss)
    g_s_handle                               0x80000340   Data         132  fingertech_spiconfig.o(.bss)
    myslaveXfer                              0x800003c4   Data          16  fingertech_spiconfig.o(.bss)
    Image$$ARM_LIB_HEAP$$ZI$$Base            0x80000434   Number         0  anon$$obj.o ABSOLUTE
    Image$$ARM_LIB_HEAP$$ZI$$Limit           0x80000834   Number         0  anon$$obj.o ABSOLUTE
    Image$$ARM_LIB_STACK$$ZI$$Limit          0x81e00000   Number         0  anon$$obj.o ABSOLUTE
    flexspi_nor_write_enable                 0x81e00001   Thumb Code    46  fingertech_flashconfig.o(NonCacheable)
    flexspi_nor_wait_bus_busy                0x81e0002f   Thumb Code    82  fingertech_flashconfig.o(NonCacheable)
    flexspi_nor_get_vendor_id                0x81e00081   Thumb Code    62  fingertech_flashconfig.o(NonCacheable)
    flexspi_nor_flash_erase_sector           0x81e000bf   Thumb Code   100  fingertech_flashconfig.o(NonCacheable)
    flexspi_nor_flash_page_program           0x81e00123   Thumb Code    90  fingertech_flashconfig.o(NonCacheable)
    flexspi_nor_flash_read_sector            0x81e0017d   Thumb Code    60  fingertech_flashconfig.o(NonCacheable)
    FLEXSPI_CheckAndClearError               0x81e001b9   Thumb Code   104  fsl_flexspi.o(NonCacheable)
    FLEXSPI_UpdateLUT                        0x81e00221   Thumb Code    90  fsl_flexspi.o(NonCacheable)
    FLEXSPI_WriteBlocking                    0x81e0027b   Thumb Code   150  fsl_flexspi.o(NonCacheable)
    FLEXSPI_ReadBlocking                     0x81e00311   Thumb Code   214  fsl_flexspi.o(NonCacheable)
    FLEXSPI_TransferBlocking                 0x81e003e7   Thumb Code   210  fsl_flexspi.o(NonCacheable)
    FLEXSPI_TransferHandleIRQ                0x81e004b9   Thumb Code   420  fsl_flexspi.o(NonCacheable)
    FLEXSPI_DriverIRQHandler                 0x81e0065d   Thumb Code    14  fsl_flexspi.o(NonCacheable)
    Long Thumb to Thumb Veneer to __aeabi_assert 0x81e00675   Thumb Code    10  anon$$obj.o(Veneer$$Code)
    Long Thumb to Thumb Veneer to FLEXSPI_TransferAbort 0x81e00689   Thumb Code    10  anon$$obj.o(Veneer$$Code)
    slaveRxData                              0x81e00694   Data          32  fingertech_common.o(NonCacheable.init)
    slaveTxData                              0x81e006b4   Data          32  fingertech_common.o(NonCacheable.init)
    DeNoise_Rx                               0x81e006d4   Data       100352  fingertech_common.o(NonCacheable.init)
    DeNoise_Tx                               0x81e18ed4   Data       100352  fingertech_common.o(NonCacheable.init)



==============================================================================

Memory Map of the image

  Image Entry point : 0x60002401

  Load Region LR_m_rom_config (Base: 0x60000000, Size: 0x00000200, Max: 0x00001000, ABSOLUTE)

    Execution Region RW_m_config_text (Exec base: 0x60000000, Load base: 0x60000000, Size: 0x00000200, Max: 0x00001000, ABSOLUTE)

    Exec Addr    Load Addr    Size         Type   Attr      Idx    E Section Name        Object

    0x60000000   0x60000000   0x00000200   Data   RO         3906    .boot_hdr.conf      evkbimxrt1050_flexspi_nor_config.o



  Load Region LR_m_rom_ivt (Base: 0x60001000, Size: 0x00000460, Max: 0x00001000, ABSOLUTE)

    Execution Region RW_m_ivt_text (Exec base: 0x60001000, Load base: 0x60001000, Size: 0x00000460, Max: 0x00001000, ABSOLUTE)

    Exec Addr    Load Addr    Size         Type   Attr      Idx    E Section Name        Object

    0x60001000   0x60001000   0x00000020   Data   RO         3943    .boot_hdr.ivt       fsl_flexspi_nor_boot.o
    0x60001020   0x60001020   0x00000010   Data   RO         3942    .boot_hdr.boot_data  fsl_flexspi_nor_boot.o
    0x60001030   0x60001030   0x00000430   Data   RO         3927    .boot_hdr.dcd_data  evkbimxrt1050_sdram_ini_dcd.o



  Load Region LR_m_text (Base: 0x60002000, Size: 0x00038b78, Max: 0x63fffc00, ABSOLUTE, COMPRESSED[0x000080d8])

    Execution Region RW_m_code3 (Exec base: 0x20200000, Load base: 0x6000a0d8, Size: 0x00018800, Max: 0x00080000, ABSOLUTE)

    Exec Addr    Load Addr    Size         Type   Attr      Idx    E Section Name        Object

    0x20200000        -       0x00018800   Zero   RW          269    Cacheable           fingertech_common.o


    Execution Region VECTOR_ROM (Exec base: 0x60002000, Load base: 0x60002000, Size: 0x00000400, Max: 0x00000400, ABSOLUTE)

    Exec Addr    Load Addr    Size         Type   Attr      Idx    E Section Name        Object

    0x60002000   0x60002000   0x00000400   Data   RO         3833    RESET               startup_mimxrt1052.o


    Execution Region ER_m_text (Exec base: 0x60002400, Load base: 0x60002400, Size: 0x00006eac, Max: 0x03ffdc00, ABSOLUTE)

    Exec Addr    Load Addr    Size         Type   Attr      Idx    E Section Name        Object

    0x60002400   0x60002400   0x00000000   Code   RO         4256  * .ARM.Collect$$$$00000000  mc_w.l(entry.o)
    0x60002400   0x60002400   0x00000004   Code   RO         4560    .ARM.Collect$$$$00000003  mc_w.l(entry4.o)
    0x60002404   0x60002404   0x00000004   Code   RO         4563    .ARM.Collect$$$$00000004  mc_w.l(entry5.o)
    0x60002408   0x60002408   0x00000000   Code   RO         4565    .ARM.Collect$$$$00000008  mc_w.l(entry7b.o)
    0x60002408   0x60002408   0x00000000   Code   RO         4567    .ARM.Collect$$$$0000000A  mc_w.l(entry8b.o)
    0x60002408   0x60002408   0x00000008   Code   RO         4568    .ARM.Collect$$$$0000000B  mc_w.l(entry9a.o)
    0x60002410   0x60002410   0x00000000   Code   RO         4570    .ARM.Collect$$$$0000000D  mc_w.l(entry10a.o)
    0x60002410   0x60002410   0x00000000   Code   RO         4572    .ARM.Collect$$$$0000000F  mc_w.l(entry11a.o)
    0x60002410   0x60002410   0x00000004   Code   RO         4561    .ARM.Collect$$$$00002714  mc_w.l(entry4.o)
    0x60002414   0x60002414   0x000001d8   Code   RO         3834    .text               startup_mimxrt1052.o
    0x600025ec   0x600025ec   0x00000062   Code   RO         4259    .text               mc_w.l(uldiv.o)
    0x6000264e   0x6000264e   0x00000024   Code   RO         4263    .text               mc_w.l(memcpya.o)
    0x60002672   0x60002672   0x00000024   Code   RO         4265    .text               mc_w.l(memseta.o)
    0x60002696   0x60002696   0x0000000e   Code   RO         4267    .text               mc_w.l(strlen.o)
    0x600026a4   0x600026a4   0x0000001e   Code   RO         4576    .text               mc_w.l(llshl.o)
    0x600026c2   0x600026c2   0x00000020   Code   RO         4578    .text               mc_w.l(llushr.o)
    0x600026e2   0x600026e2   0x00000002   PAD
    0x600026e4   0x600026e4   0x00000024   Code   RO         4593    .text               mc_w.l(init.o)
    0x60002708   0x60002708   0x00000056   Code   RO         4607    .text               mc_w.l(__dczerorl2.o)
    0x6000275e   0x6000275e   0x0000000a   Ven    RO         4609    Veneer$$Code        anon$$obj.o
    0x60002768   0x60002768   0x0000000a   Ven    RO         4610    Veneer$$Code        anon$$obj.o
    0x60002772   0x60002772   0x0000000a   Ven    RO         4611    Veneer$$Code        anon$$obj.o
    0x6000277c   0x6000277c   0x0000000a   Ven    RO         4612    Veneer$$Code        anon$$obj.o
    0x60002786   0x60002786   0x0000000a   Ven    RO         4613    Veneer$$Code        anon$$obj.o
    0x60002790   0x60002790   0x00000566   Code   RO         3785    fingertech_flashop  fsl_flexspi.o
    0x60002cf6   0x60002cf6   0x00000002   PAD
    0x60002cf8   0x60002cf8   0x000002cc   Code   RO          129    i.BOARD_BootClockRUN  clock_config.o
    0x60002fc4   0x60002fc4   0x000001b4   Code   RO            6    i.BOARD_ConfigMPU   board.o
    0x60003178   0x60003178   0x000000f4   Code   RO          188    i.BOARD_InitPins    pin_mux.o
    0x6000326c   0x6000326c   0x00000024   Code   RO          610    i.BOARD_PullCameraPowerDownPin  fingertech_camera.o
    0x60003290   0x60003290   0x0000006c   Code   RO          885    i.CLOCK_ControlGate  fsl_dmamux.o
    0x600032fc   0x600032fc   0x0000006c   Code   RO          931    i.CLOCK_ControlGate  fsl_edma.o
    0x60003368   0x60003368   0x0000006c   Code   RO         2516    i.CLOCK_ControlGate  fsl_lpspi.o
    0x600033d4   0x600033d4   0x0000006c   Code   RO         3064    i.CLOCK_ControlGate  fsl_lpi2c.o
    0x60003440   0x60003440   0x0000006c   Code   RO         3524    i.CLOCK_ControlGate  fsl_csi.o
    0x600034ac   0x600034ac   0x00000074   Code   RO          189    i.CLOCK_EnableClock  pin_mux.o
    0x60003520   0x60003520   0x00000058   Code   RO          612    i.CLOCK_EnableClock  fingertech_camera.o
    0x60003578   0x60003578   0x00000058   Code   RO         1900    i.CLOCK_EnableClock  fingertech_i2c_api.o
    0x600035d0   0x600035d0   0x0000000e   Code   RO         2517    i.CLOCK_EnableClock  fsl_lpspi.o
    0x600035de   0x600035de   0x0000000e   Code   RO         3066    i.CLOCK_EnableClock  fsl_lpi2c.o
    0x600035ec   0x600035ec   0x00000074   Code   RO         3473    i.CLOCK_EnableClock  fsl_gpio.o
    0x60003660   0x60003660   0x00000074   Code   RO         3786    i.CLOCK_EnableClock  fsl_flexspi.o
    0x600036d4   0x600036d4   0x00000174   Code   RO         2144    i.CLOCK_GetFreq     fsl_clock.o
    0x60003848   0x60003848   0x00000020   Code   RO         2145    i.CLOCK_GetOscFreq  fsl_clock.o
    0x60003868   0x60003868   0x000000c8   Code   RO         2146    i.CLOCK_GetPeriphClkFreq  fsl_clock.o
    0x60003930   0x60003930   0x0000022c   Code   RO         2147    i.CLOCK_GetPllFreq  fsl_clock.o
    0x60003b5c   0x60003b5c   0x0000006c   Code   RO         2148    i.CLOCK_GetSysPfdFreq  fsl_clock.o
    0x60003bc8   0x60003bc8   0x0000006c   Code   RO         2149    i.CLOCK_GetUsb1PfdFreq  fsl_clock.o
    0x60003c34   0x60003c34   0x00000058   Code   RO         2150    i.CLOCK_InitArmPll  fsl_clock.o
    0x60003c8c   0x60003c8c   0x000000a8   Code   RO          131    i.CLOCK_SetDiv      clock_config.o
    0x60003d34   0x60003d34   0x00000070   Code   RO          613    i.CLOCK_SetDiv      fingertech_camera.o
    0x60003da4   0x60003da4   0x00000070   Code   RO         1705    i.CLOCK_SetDiv      fingertech_spiconfig.o
    0x60003e14   0x60003e14   0x00000070   Code   RO         1901    i.CLOCK_SetDiv      fingertech_i2c_api.o
    0x60003e84   0x60003e84   0x000000a8   Code   RO          132    i.CLOCK_SetMux      clock_config.o
    0x60003f2c   0x60003f2c   0x000000a8   Code   RO          614    i.CLOCK_SetMux      fingertech_camera.o
    0x60003fd4   0x60003fd4   0x000000a8   Code   RO         1706    i.CLOCK_SetMux      fingertech_spiconfig.o
    0x6000407c   0x6000407c   0x000000a8   Code   RO         1902    i.CLOCK_SetMux      fingertech_i2c_api.o
    0x60004124   0x60004124   0x00000038   Code   RO         3525    i.CSI_ClearFifo     fsl_csi.o
    0x6000415c   0x6000415c   0x0000002c   Code   RO         3529    i.CSI_EnableFifoDmaRequest  fsl_csi.o
    0x60004188   0x60004188   0x00000020   Code   RO         3530    i.CSI_EnableInterrupts  fsl_csi.o
    0x600041a8   0x600041a8   0x0000005c   Code   RO         3531    i.CSI_GetDefaultConfig  fsl_csi.o
    0x60004204   0x60004204   0x00000074   Code   RO         3532    i.CSI_GetInstance   fsl_csi.o
    0x60004278   0x60004278   0x00000030   Code   RO          518    i.CSI_IRQHandler    fingertech_exit.o
    0x600042a8   0x600042a8   0x00000130   Code   RO         3533    i.CSI_Init          fsl_csi.o
    0x600043d8   0x600043d8   0x0000002a   Code   RO         3534    i.CSI_ReflashFifoDma  fsl_csi.o
    0x60004402   0x60004402   0x00000002   PAD
    0x60004404   0x60004404   0x00000054   Code   RO         3535    i.CSI_Reset         fsl_csi.o
    0x60004458   0x60004458   0x0000000a   Code   RO         3536    i.CSI_SetRxBufferAddr  fsl_csi.o
    0x60004462   0x60004462   0x00000018   Code   RO         3538    i.CSI_Stop          fsl_csi.o
    0x6000447a   0x6000447a   0x00000002   PAD
    0x6000447c   0x6000447c   0x00000058   Code   RO          242    i.Cdfinger_AttributeTransfer  fingertech_common.o
    0x600044d4   0x600044d4   0x00000060   Code   RO          243    i.Cdfinger_ChangeExposureTime  fingertech_common.o
    0x60004534   0x60004534   0x00000058   Code   RO          244    i.Cdfinger_EnrollPrepareTransfer  fingertech_common.o
    0x6000458c   0x6000458c   0x000000bc   Code   RO          245    i.Cdfinger_GetImage  fingertech_common.o
    0x60004648   0x60004648   0x000000c0   Code   RO          246    i.Cdfinger_MoveImage  fingertech_common.o
    0x60004708   0x60004708   0x00000060   Code   RO          247    i.Cdfinger_RecPrepareTransfer  fingertech_common.o
    0x60004768   0x60004768   0x0000003c   Code   RO          248    i.Cdfinger_RetryRecPrepareTransfer  fingertech_common.o
    0x600047a4   0x600047a4   0x000000b0   Code   RO          249    i.Cdfinger_SetCoordinates  fingertech_common.o
    0x60004854   0x60004854   0x000000a8   Code   RO         4092    i.ConvertRadixNumToString  fsl_str.o
    0x600048fc   0x600048fc   0x00000038   Code   RO          948    i.DMA0_DMA16_DriverIRQHandler  fsl_edma.o
    0x60004934   0x60004934   0x00000038   Code   RO          950    i.DMA10_DMA26_DriverIRQHandler  fsl_edma.o
    0x6000496c   0x6000496c   0x00000038   Code   RO          952    i.DMA11_DMA27_DriverIRQHandler  fsl_edma.o
    0x600049a4   0x600049a4   0x00000038   Code   RO          954    i.DMA12_DMA28_DriverIRQHandler  fsl_edma.o
    0x600049dc   0x600049dc   0x00000038   Code   RO          956    i.DMA13_DMA29_DriverIRQHandler  fsl_edma.o
    0x60004a14   0x60004a14   0x00000038   Code   RO          958    i.DMA14_DMA30_DriverIRQHandler  fsl_edma.o
    0x60004a4c   0x60004a4c   0x00000038   Code   RO          960    i.DMA15_DMA31_DriverIRQHandler  fsl_edma.o
    0x60004a84   0x60004a84   0x00000038   Code   RO          966    i.DMA1_DMA17_DriverIRQHandler  fsl_edma.o
    0x60004abc   0x60004abc   0x00000038   Code   RO          978    i.DMA2_DMA18_DriverIRQHandler  fsl_edma.o
    0x60004af4   0x60004af4   0x00000038   Code   RO          982    i.DMA3_DMA19_DriverIRQHandler  fsl_edma.o
    0x60004b2c   0x60004b2c   0x00000038   Code   RO          984    i.DMA4_DMA20_DriverIRQHandler  fsl_edma.o
    0x60004b64   0x60004b64   0x00000038   Code   RO          986    i.DMA5_DMA21_DriverIRQHandler  fsl_edma.o
    0x60004b9c   0x60004b9c   0x00000038   Code   RO          988    i.DMA6_DMA22_DriverIRQHandler  fsl_edma.o
    0x60004bd4   0x60004bd4   0x00000038   Code   RO          990    i.DMA7_DMA23_DriverIRQHandler  fsl_edma.o
    0x60004c0c   0x60004c0c   0x00000038   Code   RO          992    i.DMA8_DMA24_DriverIRQHandler  fsl_edma.o
    0x60004c44   0x60004c44   0x00000038   Code   RO          994    i.DMA9_DMA25_DriverIRQHandler  fsl_edma.o
    0x60004c7c   0x60004c7c   0x00000070   Code   RO         1707    i.DMAMUX_EnableChannel  fingertech_spiconfig.o
    0x60004cec   0x60004cec   0x00000078   Code   RO          887    i.DMAMUX_GetInstance  fsl_dmamux.o
    0x60004d64   0x60004d64   0x00000020   Code   RO          888    i.DMAMUX_Init       fsl_dmamux.o
    0x60004d84   0x60004d84   0x00000074   Code   RO         1708    i.DMAMUX_SetSource  fingertech_spiconfig.o
    0x60004df8   0x60004df8   0x00000030   Code   RO         1709    i.DMA_transfer_data  fingertech_spiconfig.o
    0x60004e28   0x60004e28   0x00000040   Code   RO         4176    i.DbgConsole_Printf  fsl_debug_console.o
    0x60004e68   0x60004e68   0x0000003e   Code   RO         4178    i.DbgConsole_RelocateLog  fsl_debug_console.o
    0x60004ea6   0x60004ea6   0x0000000c   Code   RO          996    i.DisableGlobalIRQ  fsl_edma.o
    0x60004eb2   0x60004eb2   0x0000000c   Code   RO         1968    i.DisableGlobalIRQ  fingertech_flashconfig.o
    0x60004ebe   0x60004ebe   0x00000002   PAD
    0x60004ec0   0x60004ec0   0x000000f4   Code   RO          615    i.DistinguishCamera  fingertech_camera.o
    0x60004fb4   0x60004fb4   0x00000080   Code   RO         1710    i.EDMA_Callback     fingertech_spiconfig.o
    0x60005034   0x60005034   0x00000108   Code   RO          999    i.EDMA_CreateHandle  fsl_edma.o
    0x6000513c   0x6000513c   0x000000ac   Code   RO         1002    i.EDMA_EnableChannelInterrupts  fsl_edma.o
    0x600051e8   0x600051e8   0x0000008c   Code   RO         1003    i.EDMA_GetChannelStatusFlags  fsl_edma.o
    0x60005274   0x60005274   0x0000004c   Code   RO         1004    i.EDMA_GetDefaultConfig  fsl_edma.o
    0x600052c0   0x600052c0   0x00000070   Code   RO         1005    i.EDMA_GetInstance  fsl_edma.o
    0x60005330   0x60005330   0x000000f0   Code   RO         1007    i.EDMA_HandleIRQ    fsl_edma.o
    0x60005420   0x60005420   0x00000090   Code   RO         1008    i.EDMA_Init         fsl_edma.o
    0x600054b0   0x600054b0   0x00000148   Code   RO         1556    i.EDMA_LpspiSlaveCallback  fsl_lpspi_edma.o
    0x600055f8   0x600055f8   0x00000068   Code   RO         1012    i.EDMA_ResetChannel  fsl_edma.o
    0x60005660   0x60005660   0x00000048   Code   RO         1014    i.EDMA_SetCallback  fsl_edma.o
    0x600056a8   0x600056a8   0x000000c8   Code   RO         1018    i.EDMA_SetTransferConfig  fsl_edma.o
    0x60005770   0x60005770   0x0000009c   Code   RO         1019    i.EDMA_StartTransfer  fsl_edma.o
    0x6000580c   0x6000580c   0x0000008c   Code   RO         1024    i.EDMA_TcdReset     fsl_edma.o
    0x60005898   0x60005898   0x0000010c   Code   RO         1028    i.EDMA_TcdSetTransferConfig  fsl_edma.o
    0x600059a4   0x600059a4   0x0000000a   Code   RO         1029    i.EnableGlobalIRQ   fsl_edma.o
    0x600059ae   0x600059ae   0x0000000a   Code   RO         1969    i.EnableGlobalIRQ   fingertech_flashconfig.o
    0x600059b8   0x600059b8   0x0000007c   Code   RO         3787    i.FLEXSPI_ConfigureDll  fsl_flexspi.o
    0x60005a34   0x60005a34   0x00000080   Code   RO         3788    i.FLEXSPI_GetInstance  fsl_flexspi.o
    0x60005ab4   0x60005ab4   0x00000036   Code   RO          250    i.FingerTech_BspInit  fingertech_common.o
    0x60005aea   0x60005aea   0x00000002   PAD
    0x60005aec   0x60005aec   0x00000028   Code   RO          252    i.FingerTech_Delayms  fingertech_common.o
    0x60005b14   0x60005b14   0x000000b4   Code   RO         1970    i.FingerTech_FlashConfig  fingertech_flashconfig.o
    0x60005bc8   0x60005bc8   0x0000002c   Code   RO          616    i.FingerTech_GetImg  fingertech_camera.o
    0x60005bf4   0x60005bf4   0x00000050   Code   RO          257    i.FingerTech_LedInit  fingertech_common.o
    0x60005c44   0x60005c44   0x00000028   Code   RO          519    i.FingerTech_NVIC_SetGrouping  fingertech_exit.o
    0x60005c6c   0x60005c6c   0x00000014   Code   RO         1711    i.FingerTech_change_exposureGain  fingertech_spiconfig.o
    0x60005c80   0x60005c80   0x00000050   Code   RO         1712    i.FingerTech_change_exposureTime  fingertech_spiconfig.o
    0x60005cd0   0x60005cd0   0x00000050   Code   RO         1713    i.FingerTech_move_image  fingertech_spiconfig.o
    0x60005d20   0x60005d20   0x000000a4   Code   RO          617    i.Fingertech_CSI_Init  fingertech_camera.o
    0x60005dc4   0x60005dc4   0x00000110   Code   RO         1714    i.Fingertech_SpiConfig  fingertech_spiconfig.o
    0x60005ed4   0x60005ed4   0x00000060   Code   RO          618    i.Fingertech_cameraconfig  fingertech_camera.o
    0x60005f34   0x60005f34   0x000001e4   Code   RO          619    i.Fingertech_cameragpioinit  fingertech_camera.o
    0x60006118   0x60006118   0x00000034   Code   RO          620    i.Fingertech_camerainitresource  fingertech_camera.o
    0x6000614c   0x6000614c   0x00000078   Code   RO         1903    i.Fingertech_sp0828gpioinit  fingertech_i2c_api.o
    0x600061c4   0x600061c4   0x0000004c   Code   RO         1904    i.Fingertech_sp0828iicconfig  fingertech_i2c_api.o
    0x60006210   0x60006210   0x00000034   Code   RO         1905    i.Fingertech_sp0828iicreaddata  fingertech_i2c_api.o
    0x60006244   0x60006244   0x00000040   Code   RO         1906    i.Fingertech_sp0828iicwritedata  fingertech_i2c_api.o
    0x60006284   0x60006284   0x00000048   Code   RO         1813    i.FusionImg         fingertech_algorithm.o
    0x600062cc   0x600062cc   0x00000074   Code   RO         3474    i.GPIO_GetInstance  fsl_gpio.o
    0x60006340   0x60006340   0x00000060   Code   RO         3475    i.GPIO_PinInit      fsl_gpio.o
    0x600063a0   0x600063a0   0x0000008a   Code   RO         3476    i.GPIO_PinSetInterruptConfig  fsl_gpio.o
    0x6000642a   0x6000642a   0x00000002   PAD
    0x6000642c   0x6000642c   0x0000005c   Code   RO         3477    i.GPIO_PinWrite     fsl_gpio.o
    0x60006488   0x60006488   0x0000001c   Code   RO         1030    i.Get_StartInstance  fsl_edma.o
    0x600064a4   0x600064a4   0x00000004   Code   RO          521    i.HardFault_Handler  fingertech_exit.o
    0x600064a8   0x600064a8   0x0000000c   Code   RO          190    i.IOMUXC_SetPinConfig  pin_mux.o
    0x600064b4   0x600064b4   0x0000000c   Code   RO          260    i.IOMUXC_SetPinConfig  fingertech_common.o
    0x600064c0   0x600064c0   0x0000000c   Code   RO         1907    i.IOMUXC_SetPinConfig  fingertech_i2c_api.o
    0x600064cc   0x600064cc   0x0000001a   Code   RO          191    i.IOMUXC_SetPinMux  pin_mux.o
    0x600064e6   0x600064e6   0x0000001a   Code   RO          261    i.IOMUXC_SetPinMux  fingertech_common.o
    0x60006500   0x60006500   0x0000001a   Code   RO          621    i.IOMUXC_SetPinMux  fingertech_camera.o
    0x6000651a   0x6000651a   0x0000001a   Code   RO         1908    i.IOMUXC_SetPinMux  fingertech_i2c_api.o
    0x60006534   0x60006534   0x00000044   Code   RO         3970    i.IO_Transfer       fsl_io.o
    0x60006578   0x60006578   0x0000001c   Code   RO          262    i.L1CACHE_CleanDCacheByRange  fingertech_common.o
    0x60006594   0x60006594   0x00000022   Code   RO         4023    i.LOG_Pop           fsl_log.o
    0x600065b6   0x600065b6   0x00000002   PAD
    0x600065b8   0x600065b8   0x00000050   Code   RO         4024    i.LOG_Push          fsl_log.o
    0x60006608   0x60006608   0x00000010   Code   RO         3068    i.LPI2C1_DriverIRQHandler  fsl_lpi2c.o
    0x60006618   0x60006618   0x00000010   Code   RO         3069    i.LPI2C2_DriverIRQHandler  fsl_lpi2c.o
    0x60006628   0x60006628   0x00000010   Code   RO         3070    i.LPI2C3_DriverIRQHandler  fsl_lpi2c.o
    0x60006638   0x60006638   0x00000010   Code   RO         3071    i.LPI2C4_DriverIRQHandler  fsl_lpi2c.o
    0x60006648   0x60006648   0x00000022   Code   RO         3072    i.LPI2C_CheckForBusyBus  fsl_lpi2c.o
    0x6000666a   0x6000666a   0x00000002   PAD
    0x6000666c   0x6000666c   0x00000054   Code   RO         3073    i.LPI2C_CommonIRQHandler  fsl_lpi2c.o
    0x600066c0   0x600066c0   0x000000ac   Code   RO         3074    i.LPI2C_GetCyclesForWidth  fsl_lpi2c.o
    0x6000676c   0x6000676c   0x00000054   Code   RO         3075    i.LPI2C_GetInstance  fsl_lpi2c.o
    0x600067c0   0x600067c0   0x0000008c   Code   RO         3077    i.LPI2C_MasterCheckAndClearError  fsl_lpi2c.o
    0x6000684c   0x6000684c   0x00000004   Code   RO         3078    i.LPI2C_MasterClearStatusFlags  fsl_lpi2c.o
    0x60006850   0x60006850   0x0000000a   Code   RO         3082    i.LPI2C_MasterEnable  fsl_lpi2c.o
    0x6000685a   0x6000685a   0x00000002   PAD
    0x6000685c   0x6000685c   0x00000030   Code   RO         3084    i.LPI2C_MasterGetDefaultConfig  fsl_lpi2c.o
    0x6000688c   0x6000688c   0x00000016   Code   RO         3085    i.LPI2C_MasterGetFifoCounts  fsl_lpi2c.o
    0x600068a2   0x600068a2   0x00000006   Code   RO         3086    i.LPI2C_MasterGetStatusFlags  fsl_lpi2c.o
    0x600068a8   0x600068a8   0x00000138   Code   RO         3087    i.LPI2C_MasterInit  fsl_lpi2c.o
    0x600069e0   0x600069e0   0x000000a0   Code   RO         3088    i.LPI2C_MasterReceive  fsl_lpi2c.o
    0x60006a80   0x60006a80   0x0000000a   Code   RO         3089    i.LPI2C_MasterReset  fsl_lpi2c.o
    0x60006a8a   0x60006a8a   0x00000002   PAD
    0x60006a8c   0x60006a8c   0x00000070   Code   RO         3090    i.LPI2C_MasterSend  fsl_lpi2c.o
    0x60006afc   0x60006afc   0x00000124   Code   RO         3091    i.LPI2C_MasterSetBaudRate  fsl_lpi2c.o
    0x60006c20   0x60006c20   0x0000004a   Code   RO         3093    i.LPI2C_MasterStop  fsl_lpi2c.o
    0x60006c6a   0x60006c6a   0x00000002   PAD
    0x60006c6c   0x60006c6c   0x000001a0   Code   RO         3095    i.LPI2C_MasterTransferBlocking  fsl_lpi2c.o
    0x60006e0c   0x60006e0c   0x0000003a   Code   RO         3100    i.LPI2C_MasterWaitForTxReady  fsl_lpi2c.o
    0x60006e46   0x60006e46   0x00000002   PAD
    0x60006e48   0x60006e48   0x00000060   Code   RO         2519    i.LPSPI1_DriverIRQHandler  fsl_lpspi.o
    0x60006ea8   0x60006ea8   0x00000060   Code   RO         2520    i.LPSPI2_DriverIRQHandler  fsl_lpspi.o
    0x60006f08   0x60006f08   0x00000060   Code   RO         2521    i.LPSPI3_DriverIRQHandler  fsl_lpspi.o
    0x60006f68   0x60006f68   0x00000060   Code   RO         2522    i.LPSPI4_DriverIRQHandler  fsl_lpspi.o
    0x60006fc8   0x60006fc8   0x00000090   Code   RO         2523    i.LPSPI_CheckTransferArgument  fsl_lpspi.o
    0x60007058   0x60007058   0x00000004   Code   RO         1557    i.LPSPI_ClearStatusFlags  fsl_lpspi_edma.o
    0x6000705c   0x6000705c   0x00000030   Code   RO         2526    i.LPSPI_CommonIRQHandler  fsl_lpspi.o
    0x6000708c   0x6000708c   0x00000008   Code   RO         1558    i.LPSPI_DisableDMA  fsl_lpspi_edma.o
    0x60007094   0x60007094   0x00000008   Code   RO         1559    i.LPSPI_DisableInterrupts  fsl_lpspi_edma.o
    0x6000709c   0x6000709c   0x00000016   Code   RO          263    i.LPSPI_Enable      fingertech_common.o
    0x600070b2   0x600070b2   0x00000016   Code   RO         1560    i.LPSPI_Enable      fsl_lpspi_edma.o
    0x600070c8   0x600070c8   0x00000016   Code   RO         1715    i.LPSPI_Enable      fingertech_spiconfig.o
    0x600070de   0x600070de   0x00000016   Code   RO         2529    i.LPSPI_Enable      fsl_lpspi.o
    0x600070f4   0x600070f4   0x00000008   Code   RO          264    i.LPSPI_EnableDMA   fingertech_common.o
    0x600070fc   0x600070fc   0x00000008   Code   RO         1716    i.LPSPI_EnableDMA   fingertech_spiconfig.o
    0x60007104   0x60007104   0x00000010   Code   RO         1561    i.LPSPI_FlushFifo   fsl_lpspi_edma.o
    0x60007114   0x60007114   0x0000007c   Code   RO         2532    i.LPSPI_GetInstance  fsl_lpspi.o
    0x60007190   0x60007190   0x0000000a   Code   RO         1562    i.LPSPI_GetRxFifoCount  fsl_lpspi_edma.o
    0x6000719a   0x6000719a   0x0000000c   Code   RO         1563    i.LPSPI_GetRxFifoSize  fsl_lpspi_edma.o
    0x600071a6   0x600071a6   0x00000016   Code   RO         2551    i.LPSPI_Reset       fsl_lpspi.o
    0x600071bc   0x600071bc   0x000000ac   Code   RO         1568    i.LPSPI_SeparateEdmaReadData  fsl_lpspi_edma.o
    0x60007268   0x60007268   0x00000018   Code   RO         2553    i.LPSPI_SetDummyData  fsl_lpspi.o
    0x60007280   0x60007280   0x00000014   Code   RO         1569    i.LPSPI_SetFifoWatermarks  fsl_lpspi_edma.o
    0x60007294   0x60007294   0x00000014   Code   RO         2554    i.LPSPI_SetFifoWatermarks  fsl_lpspi.o
    0x600072a8   0x600072a8   0x0000000a   Code   RO         2555    i.LPSPI_SetMasterSlaveMode  fsl_lpspi.o
    0x600072b2   0x600072b2   0x0000001e   Code   RO         2556    i.LPSPI_SetOnePcsPolarity  fsl_lpspi.o
    0x600072d0   0x600072d0   0x000000d8   Code   RO         2558    i.LPSPI_SlaveInit   fsl_lpspi.o
    0x600073a8   0x600073a8   0x000000d4   Code   RO         1571    i.LPSPI_SlaveTransferCreateHandleEDMA  fsl_lpspi_edma.o
    0x6000747c   0x6000747c   0x00000478   Code   RO         1572    i.LPSPI_SlaveTransferEDMA  fsl_lpspi_edma.o
    0x600078f4   0x600078f4   0x0000001c   Code   RO         2828    i.LPUART1_DriverIRQHandler  fsl_lpuart.o
    0x60007910   0x60007910   0x0000001c   Code   RO         2829    i.LPUART2_DriverIRQHandler  fsl_lpuart.o
    0x6000792c   0x6000792c   0x0000001c   Code   RO         2830    i.LPUART3_DriverIRQHandler  fsl_lpuart.o
    0x60007948   0x60007948   0x0000001c   Code   RO         2831    i.LPUART4_DriverIRQHandler  fsl_lpuart.o
    0x60007964   0x60007964   0x0000001c   Code   RO         2832    i.LPUART5_DriverIRQHandler  fsl_lpuart.o
    0x60007980   0x60007980   0x0000001c   Code   RO         2833    i.LPUART6_DriverIRQHandler  fsl_lpuart.o
    0x6000799c   0x6000799c   0x0000001c   Code   RO         2834    i.LPUART7_DriverIRQHandler  fsl_lpuart.o
    0x600079b8   0x600079b8   0x0000001c   Code   RO         2835    i.LPUART8_DriverIRQHandler  fsl_lpuart.o
    0x600079d4   0x600079d4   0x00000058   Code   RO         2836    i.LPUART_ClearStatusFlags  fsl_lpuart.o
    0x60007a2c   0x60007a2c   0x00000010   Code   RO         2843    i.LPUART_GetStatusFlags  fsl_lpuart.o
    0x60007a3c   0x60007a3c   0x000000f4   Code   RO         2845    i.LPUART_ReadBlocking  fsl_lpuart.o
    0x60007b30   0x60007b30   0x00000060   Code   RO         2861    i.LPUART_WriteBlocking  fsl_lpuart.o
    0x60007b90   0x60007b90   0x0000002c   Code   RO          622    i.M1_V1_DelayMs     fingertech_camera.o
    0x60007bbc   0x60007bbc   0x000000f4   Code   RO          623    i.M1_V1_Init        fingertech_camera.o
    0x60007cb0   0x60007cb0   0x00000030   Code   RO          624    i.M1_V1_Start       fingertech_camera.o
    0x60007ce0   0x60007ce0   0x00000002   Code   RO          625    i.M1_V1_Stop        fingertech_camera.o
    0x60007ce2   0x60007ce2   0x0000003c   Code   RO          626    i.M1_V1__full_frame_size  fingertech_camera.o
    0x60007d1e   0x60007d1e   0x00000080   Code   RO          627    i.M1_V1__out_frame_size  fingertech_camera.o
    0x60007d9e   0x60007d9e   0x0000002c   Code   RO          628    i.M1_V1_config_mclk_pclk  fingertech_camera.o
    0x60007dca   0x60007dca   0x00000002   PAD
    0x60007dcc   0x60007dcc   0x00000028   Code   RO          629    i.M1_V1_dvp_init    fingertech_camera.o
    0x60007df4   0x60007df4   0x00000060   Code   RO          630    i.M1_V1_readid      fingertech_camera.o
    0x60007e54   0x60007e54   0x0000001c   Code   RO          631    i.M1_V1_reset       fingertech_camera.o
    0x60007e70   0x60007e70   0x0000012c   Code   RO         2057    i.PIS1701_Init      pis1701.o
    0x60007f9c   0x60007f9c   0x0000002c   Code   RO         2058    i.PIS1701_Start     pis1701.o
    0x60007fc8   0x60007fc8   0x0000000a   Code   RO         2059    i.PIS1701_Stop      pis1701.o
    0x60007fd2   0x60007fd2   0x00000030   Code   RO         2060    i.PIS1701__full_frame_size  pis1701.o
    0x60008002   0x60008002   0x00000002   PAD
    0x60008004   0x60008004   0x00000084   Code   RO         2061    i.PIS1701_change_exposureTime  pis1701.o
    0x60008088   0x60008088   0x0000006c   Code   RO         2063    i.PIS1701_out_frame_size  pis1701.o
    0x600080f4   0x600080f4   0x0000004c   Code   RO          265    i.SCB_CleanDCache_by_Addr  fingertech_common.o
    0x60008140   0x60008140   0x000000a0   Code   RO           10    i.SCB_DisableDCache  board.o
    0x600081e0   0x600081e0   0x0000009c   Code   RO           11    i.SCB_EnableDCache  board.o
    0x6000827c   0x6000827c   0x0000009c   Code   RO         3841    i.SCB_EnableDCache  system_mimxrt1052.o
    0x60008318   0x60008318   0x0000007c   Code   RO           12    i.SCB_EnableICache  board.o
    0x60008394   0x60008394   0x0000007c   Code   RO         3842    i.SCB_EnableICache  system_mimxrt1052.o
    0x60008410   0x60008410   0x0000004c   Code   RO          266    i.SCB_InvalidateDCache_by_Addr  fingertech_common.o
    0x6000845c   0x6000845c   0x0000022e   Code   RO         4094    i.StrFormatPrintf   fsl_str.o
    0x6000868a   0x6000868a   0x00000002   PAD
    0x6000868c   0x6000868c   0x000000cc   Code   RO         3844    i.SystemInit        system_mimxrt1052.o
    0x60008758   0x60008758   0x00000002   Code   RO         3845    i.SystemInitHook    system_mimxrt1052.o
    0x6000875a   0x6000875a   0x00000002   PAD
    0x6000875c   0x6000875c   0x00000020   Code   RO         4478    i.__0printf$8       mc_w.l(printf8.o)
    0x6000877c   0x6000877c   0x00000044   Code   RO         4148    i.__aeabi_assert    fsl_assert.o
    0x600087c0   0x600087c0   0x0000000e   Code   RO         4601    i.__scatterload_copy  mc_w.l(handlers.o)
    0x600087ce   0x600087ce   0x00000002   Code   RO         4602    i.__scatterload_null  mc_w.l(handlers.o)
    0x600087d0   0x600087d0   0x0000000e   Code   RO         4603    i.__scatterload_zeroinit  mc_w.l(handlers.o)
    0x600087de   0x600087de   0x00000002   PAD
    0x600087e0   0x600087e0   0x00000410   Code   RO         4485    i._printf_core      mc_w.l(printf8.o)
    0x60008bf0   0x60008bf0   0x00000024   Code   RO         4486    i._printf_post_padding  mc_w.l(printf8.o)
    0x60008c14   0x60008c14   0x0000002e   Code   RO         4487    i._printf_pre_padding  mc_w.l(printf8.o)
    0x60008c42   0x60008c42   0x00000002   PAD
    0x60008c44   0x60008c44   0x00000160   Code   RO         1816    i.coordinate        fingertech_algorithm.o
    0x60008da4   0x60008da4   0x0000000e   Code   RO         4181    i.fputc             fsl_debug_console.o
    0x60008db2   0x60008db2   0x00000002   PAD
    0x60008db4   0x60008db4   0x00000048   Code   RO         1817    i.im_mean           fingertech_algorithm.o
    0x60008dfc   0x60008dfc   0x0000006c   Code   RO         1868    i.main              main.o
    0x60008e68   0x60008e68   0x00000184   Code   RO         1818    i.one_Extrect_three  fingertech_algorithm.o
    0x60008fec   0x60008fec   0x00000044   Code   RO         1971    i.update_camera_cfg  fingertech_flashconfig.o
    0x60009030   0x60009030   0x0000001a   Data   RO          133    .constdata          clock_config.o
    0x6000904a   0x6000904a   0x00000002   PAD
    0x6000904c   0x6000904c   0x00000003   Data   RO          267    .constdata          fingertech_common.o
    0x6000904f   0x6000904f   0x00000001   PAD
    0x60009050   0x60009050   0x0000001c   Data   RO          633    .constdata          fingertech_camera.o
    0x6000906c   0x6000906c   0x00000006   Data   RO          889    .constdata          fsl_dmamux.o
    0x60009072   0x60009072   0x00000002   PAD
    0x60009074   0x60009074   0x00000046   Data   RO         1032    .constdata          fsl_edma.o
    0x600090ba   0x600090ba   0x00000002   PAD
    0x600090bc   0x600090bc   0x00000003   Data   RO         1718    .constdata          fingertech_spiconfig.o
    0x600090bf   0x600090bf   0x00000001   PAD
    0x600090c0   0x600090c0   0x00000100   Data   RO         1972    .constdata          fingertech_flashconfig.o
    0x600091c0   0x600091c0   0x00000010   Data   RO         2162    .constdata          fsl_clock.o
    0x600091d0   0x600091d0   0x00000030   Data   RO         2568    .constdata          fsl_lpspi.o
    0x60009200   0x60009200   0x00000028   Data   RO         3118    .constdata          fsl_lpi2c.o
    0x60009228   0x60009228   0x00000024   Data   RO         3478    .constdata          fsl_gpio.o
    0x6000924c   0x6000924c   0x00000008   Data   RO         3549    .constdata          fsl_csi.o
    0x60009254   0x60009254   0x00000008   Data   RO         3789    .constdata          fsl_flexspi.o
    0x6000925c   0x6000925c   0x00000050   Data   RO         4599    Region$$Table       anon$$obj.o


    Execution Region RW_m_data (Exec base: 0x80000000, Load base: 0x600092ac, Size: 0x00000434, Max: 0x01dff800, ABSOLUTE, COMPRESSED[0x00000170])

    Exec Addr    Load Addr    Size         Type   Attr      Idx    E Section Name        Object

    0x80000000   COMPRESSED   0x00000001   Data   RW          268    .data               fingertech_common.o
    0x80000001   COMPRESSED   0x00000002   Data   RW          522    .data               fingertech_exit.o
    0x80000003   COMPRESSED   0x00000001   PAD
    0x80000004   COMPRESSED   0x000001b0   Data   RW          634    .data               fingertech_camera.o
    0x800001b4   COMPRESSED   0x00000001   Data   RW         1034    .data               fsl_edma.o
    0x800001b5   COMPRESSED   0x00000003   Data   RW         1719    .data               fingertech_spiconfig.o
    0x800001b8   COMPRESSED   0x00000001   Data   RW         1819    .data               fingertech_algorithm.o
    0x800001b9   COMPRESSED   0x00000003   PAD
    0x800001bc   COMPRESSED   0x00000008   Data   RW         2163    .data               fsl_clock.o
    0x800001c4   COMPRESSED   0x0000000d   Data   RW         2569    .data               fsl_lpspi.o
    0x800001d1   COMPRESSED   0x00000003   PAD
    0x800001d4   COMPRESSED   0x00000004   Data   RW         2865    .data               fsl_lpuart.o
    0x800001d8   COMPRESSED   0x00000008   Data   RW         3119    .data               fsl_lpi2c.o
    0x800001e0   COMPRESSED   0x00000004   Data   RW         3790    .data               fsl_flexspi.o
    0x800001e4   COMPRESSED   0x00000004   Data   RW         3846    .data               system_mimxrt1052.o
    0x800001e8   COMPRESSED   0x00000008   Data   RW         3972    .data               fsl_io.o
    0x800001f0   COMPRESSED   0x00000008   Data   RW         4182    .data               fsl_debug_console.o
    0x800001f8        -       0x00000058   Zero   RW          632    .bss                fingertech_camera.o
    0x80000250        -       0x00000080   Zero   RW         1031    .bss                fsl_edma.o
    0x800002d0        -       0x00000040   Zero   RW         1574    .bss                fsl_lpspi_edma.o
    0x80000310        -       0x000000c4   Zero   RW         1717    .bss                fingertech_spiconfig.o
    0x800003d4        -       0x00000014   Zero   RW         2567    .bss                fsl_lpspi.o
    0x800003e8        -       0x00000024   Zero   RW         2863    .bss                fsl_lpuart.o
    0x8000040c        -       0x00000028   Zero   RW         3117    .bss                fsl_lpi2c.o


    Execution Region ARM_LIB_HEAP (Exec base: 0x80000434, Load base: 0x6000941c, Size: 0x00000400, Max: 0x00000400, ABSOLUTE)

    Exec Addr    Load Addr    Size         Type   Attr      Idx    E Section Name        Object

    0x80000434        -       0x00000400   Zero   RW            1    ARM_LIB_HEAP.bss    anon$$obj.o


    Execution Region ARM_LIB_STACK (Exec base: 0x81dffc00, Load base: 0x6000941c, Size: 0x00000400, Max: 0x00000400, ABSOLUTE)

    Exec Addr    Load Addr    Size         Type   Attr      Idx    E Section Name        Object

    0x81dffc00        -       0x00000400   Zero   RW            2    ARM_LIB_STACK.bss   anon$$obj.o


    Execution Region RW_m_ncache (Exec base: 0x81e00000, Load base: 0x6000941c, Size: 0x000316d4, Max: 0x00400000, ABSOLUTE, COMPRESSED[0x00000628])

    Exec Addr    Load Addr    Size         Type   Attr      Idx    E Section Name        Object

    0x81e00000   0x6000941c   0x000001b8   Code   RO         1967    NonCacheable        fingertech_flashconfig.o
    0x81e001b8   0x600095d4   0x000004bc   Code   RO         3784    NonCacheable        fsl_flexspi.o
    0x81e00674   0x60009a90   0x0000000a   Ven    RO         4614    Veneer$$Code        anon$$obj.o
    0x81e0067e   0x60009a9a   0x0000000a   Ven    RO         4615    Veneer$$Code        anon$$obj.o
    0x81e00688   0x60009aa4   0x0000000a   Ven    RO         4616    Veneer$$Code        anon$$obj.o
    0x81e00692   COMPRESSED   0x00000002   PAD
    0x81e00694   COMPRESSED   0x00031040   Data   RW          270    NonCacheable.init   fingertech_common.o


==============================================================================

Image component sizes


      Code (inc. data)   RO Data    RW Data    ZI Data      Debug   Object Name

       876         72          0          0          0    1443153   board.o
      1052        290         26          0          0      13119   clock_config.o
         0          0        512          0          0       5814   evkbimxrt1050_flexspi_nor_config.o
         0          0       1072          0          0        555   evkbimxrt1050_sdram_ini_dcd.o
       884         24          0          1          0       4375   fingertech_algorithm.o
      2248        220         28        432         88      69579   fingertech_camera.o
      1406        232          3     200769     100352      72482   fingertech_common.o
        92         16          0          2          0      48201   fingertech_exit.o
       710         22        256          0          0      18006   fingertech_flashconfig.o
       718        136          0          0          0       5732   fingertech_i2c_api.o
      1166        336          3          3        196      25531   fingertech_spiconfig.o
        68         44          0          0          0        641   fsl_assert.o
      1464        124         16          8          0      16234   fsl_clock.o
       912        210          8          0          0      10599   fsl_csi.o
       140          4          0          8          0       4034   fsl_debug_console.o
       260        126          6          0          0      12673   fsl_dmamux.o
      3142       1074         70          1        128      29604   fsl_edma.o
      2962        274          8          4          0      17782   fsl_flexspi.o
         0          0         48          0          0       2122   fsl_flexspi_nor_boot.o
       558        168         36          0          0       5820   fsl_gpio.o
        68          4          0          8          0       1778   fsl_io.o
       114         48          0          0          0       2001   fsl_log.o
      2224        450         40          8         40      24856   fsl_lpi2c.o
      1166        472         48         13         20      20774   fsl_lpspi.o
      1956        302          0          0         64      18279   fsl_lpspi_edma.o
       668        184          0          4         36      12091   fsl_lpuart.o
       726          0          0          0          0       3646   fsl_str.o
       108         22          0          0          0        547   main.o
       398         64          0          0          0      81300   pin_mux.o
       642         52          0          0          0       3638   pis1701.o
       472        216       1024          0          0       3136   startup_mimxrt1052.o
       486         38          0          4          0    1386587   system_mimxrt1052.o

    ----------------------------------------------------------------------
     27802       5224       3292     201272     102972    3364689   Object Totals
        80          0         80          0       2048          0   (incl. Generated)
        36          0          8          7          0          0   (incl. Padding)

    ----------------------------------------------------------------------

      Code (inc. data)   RO Data    RW Data    ZI Data      Debug   Library Member Name

        86          0          0          0          0          0   __dczerorl2.o
         0          0          0          0          0          0   entry.o
         0          0          0          0          0          0   entry10a.o
         0          0          0          0          0          0   entry11a.o
         8          4          0          0          0          0   entry4.o
         4          0          0          0          0          0   entry5.o
         0          0          0          0          0          0   entry7b.o
         0          0          0          0          0          0   entry8b.o
         8          4          0          0          0          0   entry9a.o
        30          0          0          0          0          0   handlers.o
        36          8          0          0          0         68   init.o
        30          0          0          0          0         68   llshl.o
        32          0          0          0          0         68   llushr.o
        36          0          0          0          0         68   memcpya.o
        36          0          0          0          0        108   memseta.o
      1154         54          0          0          0        352   printf8.o
        14          0          0          0          0         68   strlen.o
        98          0          0          0          0         92   uldiv.o

    ----------------------------------------------------------------------
      1578         70          0          0          0        892   Library Totals
         6          0          0          0          0          0   (incl. Padding)

    ----------------------------------------------------------------------

      Code (inc. data)   RO Data    RW Data    ZI Data      Debug   Library Name

      1572         70          0          0          0        892   mc_w.l

    ----------------------------------------------------------------------
      1578         70          0          0          0        892   Library Totals

    ----------------------------------------------------------------------

==============================================================================


      Code (inc. data)   RO Data    RW Data    ZI Data      Debug   

     29380       5294       3292     201272     102972    3343101   Grand Totals
     29380       5294       3292       1944     102972    3343101   ELF Image Totals (compressed)
     29380       5294       3292       1944          0          0   ROM Totals

==============================================================================

    Total RO  Size (Code + RO Data)                32672 (  31.91kB)
    Total RW  Size (RW Data + ZI Data)            304244 ( 297.11kB)
    Total ROM Size (Code + RO Data + RW Data)      34616 (  33.80kB)

==============================================================================

