<html>
<body>
<pre>
<h1>µVision Build Log</h1>
<h2>Tool Versions:</h2>
IDE-Version: ¦ÌVision V5.25.2.0
Copyright (C) 2018 ARM Ltd and ARM Germany GmbH. All rights reserved.
License Information: Caiden Caiden, finger, LIC=P6F56-DZLAL-D3TM3-AM68H-MH3EL-BY8CF
 
Tool Versions:
Toolchain:       MDK-ARM Professional  Version: 5.25.2.0
Toolchain Path:  D:\Keil_v5\ARM\ARMCC\Bin
C Compiler:      Armcc.exe V5.06 update 6 (build 750)
Assembler:       Armasm.exe V5.06 update 6 (build 750)
Linker/Locator:  ArmLink.exe V5.06 update 6 (build 750)
Library Manager: ArmAr.exe V5.06 update 6 (build 750)
Hex Converter:   FromElf.exe V5.06 update 6 (build 750)
CPU DLL:         SARMCM3.DLL V5.25.2.0
Dialog DLL:      DCM.DLL V1.17.1.0
Target DLL:      Segger\JL2CM3.dll V2.99.29.0
Dialog DLL:      TCM.DLL V1.35.1.0
 
<h2>Project:</h2>
D:\work_code\McuCode_for_all\project\fingertech_underglassfingerprint.uvprojx
Project File Date:  02/12/2020

<h2>Output:</h2>
*** Using Compiler 'V5.06 update 6 (build 750)', folder: 'D:\Keil_v5\ARM\ARMCC\Bin'
Rebuild target 'fingertech_underglassfingerprint'
compiling clock_config.c...
compiling pin_mux.c...
compiling fsl_csi_camera_adapter.c...
compiling board.c...
compiling FingerTech_camera.c...
compiling FingerTech_common.c...
compiling FingerTech_Exit.c...
compiling fsl_dmamux.c...
compiling fsl_edma.c...
compiling FingerTech_spiConfig.c...
compiling fsl_lpspi_edma.c...
compiling main.c...
compiling FingerTech_I2C_API.c...
compiling PIS1701.c...
compiling FingerTech_algorithm.c...
compiling FingerTech_FlashConfig.c...
compiling fsl_dcdc.c...
compiling fsl_clock.c...
compiling fsl_elcdif.c...
compiling fsl_cache.c...
compiling fsl_gpio.c...
assembling startup_MIMXRT1052.s...
compiling fsl_lpi2c.c...
compiling fsl_common.c...
compiling evkbimxrt1050_sdram_ini_dcd.c...
compiling fsl_csi.c...
compiling fsl_lpspi.c...
compiling fsl_lpuart.c...
compiling system_MIMXRT1052.c...
compiling fsl_flexspi.c...
compiling fsl_log.c...
compiling fsl_flexspi_nor_boot.c...
compiling fsl_io.c...
compiling fsl_str.c...
compiling evkbimxrt1050_flexspi_nor_config.c...
compiling fsl_assert.c...
compiling fsl_debug_console.c...
linking...
Program Size: Code=29380 RO-data=3292 RW-data=201272 ZI-data=102972  
FromELF: creating hex file...
".\Objects\fingertech_underglassfingerprint.axf" - 0 Error(s), 0 Warning(s).

<h2>Software Packages used:</h2>

Package Vendor: NXP
                http://mcuxpresso.nxp.com/cmsis_pack/repo/NXP.MIMXRT1052_DFP.12.1.0.pack
                NXP.MIMXRT1052_DFP.12.1.0
                Device Family Pack for MIMXRT1052

<h2>Collection of Component include folders:</h2>
  .\RTE\_fingertech_underglassfingerprint
  D:\Keil_v5\ARM\PACK\NXP\MIMXRT1052_DFP\12.1.0

<h2>Collection of Component Files used:</h2>
Build Time Elapsed:  00:00:53
</pre>
</body>
</html>
